******************************************************************************
                  MSP430 Linker PC v4.1.0                      
******************************************************************************
>> Linked Thu Dec 20 11:02:41 2012

OUTPUT FILE NAME:   <MSP430_BMS_PL536.out>
ENTRY POINT SYMBOL: "_c_int00"  address: 00004562


MEMORY CONFIGURATION

         name            origin    length      used     unused   attr    fill
----------------------  --------  ---------  --------  --------  ----  --------
  SFR                   00000000   00000010  00000000  00000010  RWIX
  PERIPHERALS_8BIT      00000010   000000f0  00000000  000000f0  RWIX
  PERIPHERALS_16BIT     00000100   00000100  00000000  00000100  RWIX
  INFOD                 00001800   00000080  00000000  00000080  RWIX
  INFOC                 00001880   00000080  00000000  00000080  RWIX
  INFOB                 00001900   00000080  00000000  00000080  RWIX
  INFOA                 00001980   00000080  00000000  00000080  RWIX
  RAM                   00002400   00002000  0000031e  00001ce2  RWIX
  FLASH                 00004400   0000bb80  000059cd  000061b3  RWIX
  INT00                 0000ff80   00000002  00000000  00000002  RWIX
  INT01                 0000ff82   00000002  00000000  00000002  RWIX
  INT02                 0000ff84   00000002  00000000  00000002  RWIX
  INT03                 0000ff86   00000002  00000000  00000002  RWIX
  INT04                 0000ff88   00000002  00000000  00000002  RWIX
  INT05                 0000ff8a   00000002  00000000  00000002  RWIX
  INT06                 0000ff8c   00000002  00000000  00000002  RWIX
  INT07                 0000ff8e   00000002  00000000  00000002  RWIX
  INT08                 0000ff90   00000002  00000000  00000002  RWIX
  INT09                 0000ff92   00000002  00000000  00000002  RWIX
  INT10                 0000ff94   00000002  00000000  00000002  RWIX
  INT11                 0000ff96   00000002  00000000  00000002  RWIX
  INT12                 0000ff98   00000002  00000000  00000002  RWIX
  INT13                 0000ff9a   00000002  00000000  00000002  RWIX
  INT14                 0000ff9c   00000002  00000000  00000002  RWIX
  INT15                 0000ff9e   00000002  00000000  00000002  RWIX
  INT16                 0000ffa0   00000002  00000000  00000002  RWIX
  INT17                 0000ffa2   00000002  00000000  00000002  RWIX
  INT18                 0000ffa4   00000002  00000000  00000002  RWIX
  INT19                 0000ffa6   00000002  00000000  00000002  RWIX
  INT20                 0000ffa8   00000002  00000000  00000002  RWIX
  INT21                 0000ffaa   00000002  00000000  00000002  RWIX
  INT22                 0000ffac   00000002  00000000  00000002  RWIX
  INT23                 0000ffae   00000002  00000000  00000002  RWIX
  INT24                 0000ffb0   00000002  00000000  00000002  RWIX
  INT25                 0000ffb2   00000002  00000000  00000002  RWIX
  INT26                 0000ffb4   00000002  00000000  00000002  RWIX
  INT27                 0000ffb6   00000002  00000000  00000002  RWIX
  INT28                 0000ffb8   00000002  00000000  00000002  RWIX
  INT29                 0000ffba   00000002  00000000  00000002  RWIX
  INT30                 0000ffbc   00000002  00000000  00000002  RWIX
  INT31                 0000ffbe   00000002  00000000  00000002  RWIX
  INT32                 0000ffc0   00000002  00000000  00000002  RWIX
  INT33                 0000ffc2   00000002  00000000  00000002  RWIX
  INT34                 0000ffc4   00000002  00000000  00000002  RWIX
  INT35                 0000ffc6   00000002  00000000  00000002  RWIX
  INT36                 0000ffc8   00000002  00000000  00000002  RWIX
  INT37                 0000ffca   00000002  00000000  00000002  RWIX
  INT38                 0000ffcc   00000002  00000000  00000002  RWIX
  INT39                 0000ffce   00000002  00000000  00000002  RWIX
  INT40                 0000ffd0   00000002  00000000  00000002  RWIX
  INT41                 0000ffd2   00000002  00000000  00000002  RWIX
  INT42                 0000ffd4   00000002  00000000  00000002  RWIX
  INT43                 0000ffd6   00000002  00000000  00000002  RWIX
  INT44                 0000ffd8   00000002  00000000  00000002  RWIX
  INT45                 0000ffda   00000002  00000000  00000002  RWIX
  INT46                 0000ffdc   00000002  00000000  00000002  RWIX
  INT47                 0000ffde   00000002  00000002  00000000  RWIX
  INT48                 0000ffe0   00000002  00000000  00000002  RWIX
  INT49                 0000ffe2   00000002  00000000  00000002  RWIX
  INT50                 0000ffe4   00000002  00000000  00000002  RWIX
  INT51                 0000ffe6   00000002  00000002  00000000  RWIX
  INT52                 0000ffe8   00000002  00000000  00000002  RWIX
  INT53                 0000ffea   00000002  00000002  00000000  RWIX
  INT54                 0000ffec   00000002  00000000  00000002  RWIX
  INT55                 0000ffee   00000002  00000000  00000002  RWIX
  INT56                 0000fff0   00000002  00000000  00000002  RWIX
  INT57                 0000fff2   00000002  00000000  00000002  RWIX
  INT58                 0000fff4   00000002  00000000  00000002  RWIX
  INT59                 0000fff6   00000002  00000000  00000002  RWIX
  INT60                 0000fff8   00000002  00000000  00000002  RWIX
  INT61                 0000fffa   00000002  00000002  00000000  RWIX
  INT62                 0000fffc   00000002  00000000  00000002  RWIX
  RESET                 0000fffe   00000002  00000002  00000000  RWIX
  FLASH2                00010000   00014400  00000000  00014400  RWIX


SECTION ALLOCATION MAP

 output                                  attributes/
section   page    origin      length       input sections
--------  ----  ----------  ----------   ----------------
.pinit     0    00004400    00000000     UNINITIALIZED

.bss       0    00002400    0000027e     UNINITIALIZED
                  00002400    000001b0     main.obj (.bss)
                  000025b0    00000054     bq_pack.obj (.bss)
                  00002604    00000044     usb.obj (.bss)
                  00002648    0000001d     UsbCdc.obj (.bss)
                  00002665    00000001     --HOLE--
                  00002666    00000008     dma.obj (.bss)
                  0000266e    00000008     rts430x.lib : _lock.obj (.bss)
                  00002676    00000008                 : boot.obj (.bss)

.stack     0    00004360    000000a0     UNINITIALIZED
                  00004360    00000002     rts430x.lib : boot.obj (.stack)
                  00004362    0000009e     --HOLE--

.text:_isr 
*          0    00004400    000001c0     
                  00004400    0000012c     UsbIsr.obj (.text:_isr:iUsbInterruptHandler)
                  0000452c    00000036     main.obj (.text:_isr:UNMI_ISR)
                  00004562    0000002a     rts430x.lib : boot.obj (.text:_isr:_c_int00_noexit)
                  0000458c    0000001c     main.obj (.text:_isr:PORT_ISR)
                  000045a8    00000018     main.obj (.text:_isr:Timer1SecISR)

.cinit     0    000045c0    00000074     
                  000045c0    00000052     main.obj (.cinit)
                  00004612    00000011     usb.obj (.cinit)
                  00004623    00000001     --HOLE-- [fill = 0]
                  00004624    00000008     UsbCdc.obj (.cinit)
                  0000462c    00000005     bq_pack.obj (.cinit)
                  00004631    00000001     --HOLE-- [fill = 0]
                  00004632    00000002     (.pad.cinit) [fill = 0]

.text      0    00004634    00004d2a     
                  00004634    0000072e     main.obj (.text:USBCommunicationTask)
                  00004d62    0000038e     rts430x.lib : llmath.obj (.text:__divull)
                  000050f0    0000025e     main.obj (.text:SendFaultMessageToHost)
                  0000534e    0000025a     main.obj (.text:SendAlertMessageToHost)
                  000055a8    00000206     rts430x.lib : _printfi.obj (.text:_setfield)
                  000057ae    000001e0     bq_pack.obj (.text:update_op_mode)
                  0000598e    000001d2     rts430x.lib : _printfi.obj (.text:_printfi)
                  00005b60    0000019c                 : _printfi.obj (.text:_pproc_fge)
                  00005cfc    0000017e     bq_pack.obj (.text:conf_bq_dev)
                  00005e7a    00000164     UsbCdc.obj (.text:USBCDC_receiveData)
                  00005fde    00000164     rts430x.lib : _printfi.obj (.text:_getarg_diouxp)
                  00006142    0000015c                 : _printfi.obj (.text:ecvt)
                  0000629e    0000015a     bq_pack.obj (.text:CellBalancing)
                  000063f8    00000154     rts430x.lib : _printfi.obj (.text:fcvt)
                  0000654c    0000014a                 : _printfi.obj (.text:_pconv_e)
                  00006696    00000136     bq_pack.obj (.text:check_for_cuv)
                  000067cc    00000134     spi_if.obj (.text:spi_read_reg)
                  00006900    00000130     rts430x.lib : fs_add.obj (.text)
                  00006a30    00000120                 : _printfi.obj (.text:_pproc_diouxp)
                  00006b50    000000fa                 : _printfi.obj (.text:_ltostr)
                  00006c4a    000000fa                 : _printfi.obj (.text:_pproc_fwp)
                  00006d44    000000f8                 : _printfi.obj (.text:_pconv_g)
                  00006e3c    000000e4     UsbCdc.obj (.text:CdcToHostFromBuffer)
                  00006f20    000000da     UsbCdc.obj (.text:CdcToBufferFromHost)
                  00006ffa    000000ce     usb.obj (.text:USB_reset)
                  000070c8    000000cc     bq_pack.obj (.text:init_bq_dev_data_structure)
                  00007194    000000c2     usb.obj (.text:USB_InitSerialStringDescriptor)
                  00007256    000000b6     rts430x.lib : fs_mpy.obj (.text)
                  0000730c    000000b4     bq_pack.obj (.text:update_bq_pack_data)
                  000073c0    000000ac     main.obj (.text:InitBQ76PL536ports)
                  0000746c    000000ac     spi_if.obj (.text:spi_write_reg)
                  00007518    000000a2     usb.obj (.text:usbDecodeAndProcessUsbRequest)
                  000075ba    000000a0     rts430x.lib : _printfi.obj (.text:_pproc_str)
                  0000765a    00000096     usb.obj (.text:USB_connectionState)
                  000076f0    0000008e     bq_pack.obj (.text:bq_dev_read_errors)
                  0000777e    0000008e     bq_pack.obj (.text:bq_pack_address_discovery)
                  0000780c    0000008e     bq_pack.obj (.text:check_for_cov)
                  0000789a    0000008e     rts430x.lib : fs_div.obj (.text)
                  00007928    00000088                 : _printfi.obj (.text:_mcpy)
                  000079b0    00000086                 : _printfi.obj (.text:_div)
                  00007a36    00000084     bq_pack.obj (.text:bq_dev_clear_alerts)
                  00007aba    00000084     bq_pack.obj (.text:bq_dev_clear_faults)
                  00007b3e    00000082     usb.obj (.text:USB_enable)
                  00007bc0    00000082     rts430x.lib : _printfi.obj (.text:_ecpy)
                  00007c42    0000007e                 : fs_tol.obj (.text)
                  00007cc0    0000007c                 : ltoa.obj (.text:ltoa)
                  00007d3c    00000070     usb.obj (.text:usbSendNextPacketOnIEP0)
                  00007dac    0000006e     rts430x.lib : _printfi.obj (.text:_pconv_f)
                  00007e1a    0000006c     usb.obj (.text:usbGetEndpointStatus)
                  00007e86    0000006a     UsbCdc.obj (.text:CopyUsbToBuff)
                  00007ef0    0000006a     UsbCdc.obj (.text:USBCDC_intfStatus)
                  00007f5a    00000062     bq_pack.obj (.text:bq_dev_read_cell_voltage)
                  00007fbc    00000062     bq_pack.obj (.text:bq_dev_read_temps)
                  0000801e    00000060     bq_pack.obj (.text:bq_pack_init)
                  0000807e    0000005e     bq_pack.obj (.text:check_for_charge_op)
                  000080dc    0000005e     bq_pack.obj (.text:check_for_discharge_op)
                  0000813a    0000005c     UsbCdc.obj (.text:USBCDC_bytesInUSBBuffer)
                  00008196    00000058     bq_pack.obj (.text:find_imbalanced_cell)
                  000081ee    00000058     rts430x.lib : div32u.obj (.text)
                  00008246    00000058     bq_pack.obj (.text:update_bq_pack_timer)
                  0000829e    00000056     rts430x.lib : mult64_f5hw.obj (.text:__mpyll)
                  000082f4    00000056     USBCDC_constructs.obj (.text:sendData_waitTilDone)
                  0000834a    00000054     rts430x.lib : atoi.obj (.text:atoi)
                  0000839e    00000050     usb.obj (.text:usbSetEndpointFeature)
                  000083ee    0000004a     rts430x.lib : fs_cmp.obj (.text)
                  00008438    0000004a                 : fs_ltof.obj (.text)
                  00008482    00000048     bq_pack.obj (.text:CheckChargeDischargeModes)
                  000084ca    00000048     rts430x.lib : _printfi.obj (.text:_fcpy)
                  00008512    00000046     hal_pmm.obj (.text:SetVCoreUp)
                  00008558    00000046     rts430x.lib : autoinit.obj (.text:_auto_init)
                  0000859e    00000046                 : fs_tou.obj (.text)
                  000085e4    00000046     usb.obj (.text:usbGetStringDescriptor)
                  0000862a    00000046     usb.obj (.text:usbReceiveNextPacketOnOEP0)
                  00008670    00000044     UsbIsr.obj (.text:SetupPacketInterruptHandler)
                  000086b4    00000044     UsbCdc.obj (.text:USBCDC_sendData)
                  000086f8    00000044     rts430x.lib : _printfi.obj (.text:_pproc_fflags)
                  0000873c    00000044     usb.obj (.text:usbClearEndpointFeature)
                  00008780    00000042     UsbIsr.obj (.text:PWRVBUSoffHandler)
                  000087c2    00000042     spi_if.obj (.text:init_spi)
                  00008804    00000040     bq_pack.obj (.text:CheckEndOfChargeOrDischargeModes)
                  00008844    00000040     TLV.obj (.text:Get_TLV_info)
                  00008884    00000040     main.obj (.text:main)
                  000088c4    00000040     rts430x.lib : div32s.obj (.text)
                  00008904    0000003e     main.obj (.text:InitMCU)
                  00008942    0000003e     dma.obj (.text:USB_initMemcpy)
                  00008980    0000003e     rts430x.lib : llmath.obj (.text:__lslll)
                  000089be    0000003e                 : llmath.obj (.text:__lsrll)
                  000089fc    0000003e     bq_pack.obj (.text:enable_bypass_resistor)
                  00008a3a    0000003e     rts430x.lib : lsl32.obj (.text:l_lsl_const)
                  00008a78    0000003e                 : lsr32.obj (.text:l_lsr_const)
                  00008ab6    0000003c     hal_pmm.obj (.text:SetVCoreDown)
                  00008af2    0000003c     rts430x.lib : xfdtest.obj (.text:_FDtest)
                  00008b2e    0000003c     bq_pack.obj (.text:copy_cell_voltage_values)
                  00008b6a    0000003a     USBCDC_constructs.obj (.text:receiveDataInBuffer)
                  00008ba4    0000003a     UsbCdc.obj (.text:usbGetLineCoding)
                  00008bde    00000038     usb.obj (.text:USB_init)
                  00008c16    00000038     rts430x.lib : sprintf.obj (.text:sprintf)
                  00008c4e    00000036     main.obj (.text:BQAlertSignalTask)
                  00008c84    00000036     main.obj (.text:BQFaultSignalTask)
                  00008cba    00000032     bq_pack.obj (.text:CheckFaultConditions)
                  00008cec    00000032     usb.obj (.text:USB_connectionInfo)
                  00008d1e    00000032     usb.obj (.text:USB_suspend)
                  00008d50    00000032     usb.obj (.text:usbSetAddress)
                  00008d82    00000030     UsbIsr.obj (.text:PWRVBUSonHandler)
                  00008db2    00000030     hal_pmm.obj (.text:SetVCore)
                  00008de2    0000002e     UsbCdc.obj (.text:Handler_SetLineCoding)
                  00008e10    0000002e     main.obj (.text:Init_Ports)
                  00008e3e    0000002c     UsbIsr.obj (.text:OEP0InterruptHandler)
                  00008e6a    00000028     usb.obj (.text:USB_connect)
                  00008e92    00000028     rts430x.lib : memccpy.obj (.text:memccpy)
                  00008eba    00000028     dma.obj (.text:memcpyDMA1)
                  00008ee2    00000026     bq_pack.obj (.text:disable_all_bypass_resistors)
                  00008f08    00000026     usb.obj (.text:usbGetDeviceStatus)
                  00008f2e    00000026     usb.obj (.text:usbSetConfiguration)
                  00008f54    00000024     UsbCdc.obj (.text:CdcResetData)
                  00008f78    00000024     main.obj (.text:Init1SecTimer)
                  00008f9c    00000024     bq_pack.obj (.text:check_for_pot)
                  00008fc0    00000022     usb.obj (.text:USB_disable)
                  00008fe2    00000022     rts430x.lib : mult32_f5hw.obj (.text)
                  00009004    00000022     usb.obj (.text:usbClearDeviceFeature)
                  00009026    00000022     usb.obj (.text:usbSetDeviceFeature)
                  00009048    00000020     main.obj (.text:DRDYSignalTask)
                  00009068    00000020     usb.obj (.text:usbSendDataPacketOnEP0)
                  00009088    0000001e     hal_UCS.obj (.text:XT2_Start)
                  000090a6    0000001c     UsbIsr.obj (.text:IEP0InterruptHandler)
                  000090c2    0000001a     usb.obj (.text:usbGetInterface)
                  000090dc    0000001a     usb.obj (.text:usbGetInterfaceStatus)
                  000090f6    00000018     usb.obj (.text:USB_resume)
                  0000910e    00000018     rts430x.lib : sprintf.obj (.text:_outs)
                  00009126    00000018     usb.obj (.text:usbSetInterface)
                  0000913e    00000016     spi_if.obj (.text:calculate_crc)
                  00009154    00000016     rts430x.lib : div16u.obj (.text)
                  0000916a    00000016                 : mult16_f5hw.obj (.text)
                  00009180    00000014     usb_eventHandling.obj (.text:USB_handleVbusOnEvent)
                  00009194    00000014     rts430x.lib : xfdclass.obj (.text:_FDclass)
                  000091a8    00000014                 : memset.obj (.text:memset)
                  000091bc    00000014     usb.obj (.text:usbReceiveDataPacketOnEP0)
                  000091d0    00000012     rts430x.lib : sprintf.obj (.text:_outc)
                  000091e2    00000012                 : memcpy.obj (.text:memcpy)
                  000091f4    00000012                 : strlen.obj (.text:strlen)
                  00009206    00000012     usb.obj (.text:usbGetConfigurationDescriptor)
                  00009218    00000012     usb.obj (.text:usbGetDeviceDescriptor)
                  0000922a    00000010     bq_pack.obj (.text:BatteryPackManager)
                  0000923a    00000010     rts430x.lib : lsr32.obj (.text:l_lsr)
                  0000924a    00000010     usb.obj (.text:usbGetConfiguration)
                  0000925a    00000010     usb.obj (.text:usbInvalidRequest)
                  0000926a    0000000e     main.obj (.text:BQ76PL536_ALERT_ISR)
                  00009278    0000000e     main.obj (.text:BQ76PL536_DRDY_ISR)
                  00009286    0000000e     main.obj (.text:BQ76PL536_FAULT_ISR)
                  00009294    0000000e     main.obj (.text:NotUsedPortISR)
                  000092a2    0000000e     bq_pack.obj (.text:bq_pack_start_conv)
                  000092b0    0000000e     data_flash.obj (.text:get_u32_value)
                  000092be    0000000e     usb.obj (.text:usbSendZeroLengthPacketOnIEP0)
                  000092cc    0000000c     UsbCdc.obj (.text:CdcIsReceiveInProgress)
                  000092d8    0000000c     rts430x.lib : toupper.obj (.text:toupper)
                  000092e4    0000000a                 : abs.obj (.text:abs)
                  000092ee    0000000a                 : fs_neg.obj (.text)
                  000092f8    0000000a                 : lsl16.obj (.text)
                  00009302    00000008     main.obj (.text:Timer1SecExpiredTask)
                  0000930a    00000008     usb_eventHandling.obj (.text:USBCDC_handleDataReceived)
                  00009312    00000008     usb_eventHandling.obj (.text:USBCDC_handleReceiveCompleted)
                  0000931a    00000008     usb_eventHandling.obj (.text:USBCDC_handleSendCompleted)
                  00009322    00000008     usb.obj (.text:USB_setEnabledEvents)
                  0000932a    00000008     UsbCdc.obj (.text:usbSetLineCoding)
                  00009332    00000006     main.obj (.text:GoToLowPowerMode)
                  00009338    00000004     usb_eventHandling.obj (.text:USB_handleClockEvent)
                  0000933c    00000004     usb_eventHandling.obj (.text:USB_handleEnumCompleteEvent)
                  00009340    00000004     usb_eventHandling.obj (.text:USB_handleResetEvent)
                  00009344    00000004     usb_eventHandling.obj (.text:USB_handleResumeEvent)
                  00009348    00000004     usb_eventHandling.obj (.text:USB_handleSuspendEvent)
                  0000934c    00000004     usb_eventHandling.obj (.text:USB_handleVbusOffEvent)
                  00009350    00000004     rts430x.lib : pre_init.obj (.text:_system_pre_init)
                  00009354    00000004                 : exit.obj (.text:abort)
                  00009358    00000004     UsbCdc.obj (.text:usbSetControlLineState)
                  0000935c    00000002     rts430x.lib : _lock.obj (.text:_nop)

.const     0    0000935e    00000a6f     
                  0000935e    0000044c     main.obj (.const:.string)
                  000097aa    0000013c     bq_pack.obj (.const:.string)
                  000098e6    0000010a     usb.obj (.const:tUsbRequestList)
                  000099f0    00000101     rts430x.lib : ctype.obj (.const:_ctypes_)
                  00009af1    00000001     --HOLE-- [fill = 0]
                  00009af2    00000100     spi_if.obj (.const:CrcTable)
                  00009bf2    0000009c     descriptors.obj (.const:abromStringDescriptor)
                  00009c8e    00000080     data_flash.obj (.const:DATA_FLASH)
                  00009d0e    00000050     spi_if.obj (.const:spi_regs_rw_mask)
                  00009d5e    00000035     descriptors.obj (.const:abromConfigurationDescriptorGroup)
                  00009d93    00000001     --HOLE-- [fill = 0]
                  00009d94    00000024     rts430x.lib : _printfi.obj (.const:.string)
                  00009db8    00000012     descriptors.obj (.const:abromDeviceDescriptor)
                  00009dca    00000003     UsbCdc.obj (.const)

.int47     0    0000ffde    00000002     
                  0000ffde    00000002     main.obj (.int47)

.int51     0    0000ffe6    00000002     
                  0000ffe6    00000002     UsbIsr.obj (.int51)

.int53     0    0000ffea    00000002     
                  0000ffea    00000002     main.obj (.int53)

.int61     0    0000fffa    00000002     
                  0000fffa    00000002     main.obj (.int61)

.reset     0    0000fffe    00000002     
                  0000fffe    00000002     rts430x.lib : boot.obj (.reset)


GLOBAL SYMBOLS: SORTED ALPHABETICALLY BY Name 

address    name
--------   ----
00002400   .bss
ffffffff   .text
00000700   ADC12CTL0
00000701   ADC12CTL0_H
00000700   ADC12CTL0_L
00000702   ADC12CTL1
00000703   ADC12CTL1_H
00000702   ADC12CTL1_L
00000704   ADC12CTL2
00000705   ADC12CTL2_H
00000704   ADC12CTL2_L
0000070c   ADC12IE
0000070d   ADC12IE_H
0000070c   ADC12IE_L
0000070a   ADC12IFG
0000070b   ADC12IFG_H
0000070a   ADC12IFG_L
0000070e   ADC12IV
0000070f   ADC12IV_H
0000070e   ADC12IV_L
00000710   ADC12MCTL0
00000711   ADC12MCTL1
0000071a   ADC12MCTL10
0000071b   ADC12MCTL11
0000071c   ADC12MCTL12
0000071d   ADC12MCTL13
0000071e   ADC12MCTL14
0000071f   ADC12MCTL15
00000712   ADC12MCTL2
00000713   ADC12MCTL3
00000714   ADC12MCTL4
00000715   ADC12MCTL5
00000716   ADC12MCTL6
00000717   ADC12MCTL7
00000718   ADC12MCTL8
00000719   ADC12MCTL9
00000720   ADC12MEM0
00000721   ADC12MEM0_H
00000720   ADC12MEM0_L
00000722   ADC12MEM1
00000734   ADC12MEM10
00000735   ADC12MEM10_H
00000734   ADC12MEM10_L
00000736   ADC12MEM11
00000737   ADC12MEM11_H
00000736   ADC12MEM11_L
00000738   ADC12MEM12
00000739   ADC12MEM12_H
00000738   ADC12MEM12_L
0000073a   ADC12MEM13
0000073b   ADC12MEM13_H
0000073a   ADC12MEM13_L
0000073c   ADC12MEM14
0000073d   ADC12MEM14_H
0000073c   ADC12MEM14_L
0000073e   ADC12MEM15
0000073f   ADC12MEM15_H
0000073e   ADC12MEM15_L
00000723   ADC12MEM1_H
00000722   ADC12MEM1_L
00000724   ADC12MEM2
00000725   ADC12MEM2_H
00000724   ADC12MEM2_L
00000726   ADC12MEM3
00000727   ADC12MEM3_H
00000726   ADC12MEM3_L
00000728   ADC12MEM4
00000729   ADC12MEM4_H
00000728   ADC12MEM4_L
0000072a   ADC12MEM5
0000072b   ADC12MEM5_H
0000072a   ADC12MEM5_L
0000072c   ADC12MEM6
0000072d   ADC12MEM6_H
0000072c   ADC12MEM6_L
0000072e   ADC12MEM7
0000072f   ADC12MEM7_H
0000072e   ADC12MEM7_L
00000730   ADC12MEM8
00000731   ADC12MEM8_H
00000730   ADC12MEM8_L
00000732   ADC12MEM9
00000733   ADC12MEM9_H
00000732   ADC12MEM9_L
00008c4e   BQAlertSignalTask
00008c84   BQFaultSignalTask
0000922a   BatteryPackManager
00009354   C$$EXIT
000008c0   CBCTL0
000008c1   CBCTL0_H
000008c0   CBCTL0_L
000008c2   CBCTL1
000008c3   CBCTL1_H
000008c2   CBCTL1_L
000008c4   CBCTL2
000008c5   CBCTL2_H
000008c4   CBCTL2_L
000008c6   CBCTL3
000008c7   CBCTL3_H
000008c6   CBCTL3_L
000008cc   CBINT
000008cd   CBINT_H
000008cc   CBINT_L
000008ce   CBIV
00000150   CRCDI
00000152   CRCDIRB
00000153   CRCDIRB_H
00000152   CRCDIRB_L
00000151   CRCDI_H
00000150   CRCDI_L
00000154   CRCINIRES
00000155   CRCINIRES_H
00000154   CRCINIRES_L
00000156   CRCRESR
00000157   CRCRESR_H
00000156   CRCRESR_L
000092cc   CdcIsReceiveInProgress
00008f54   CdcResetData
00006f20   CdcToBufferFromHost
00006e3c   CdcToHostFromBuffer
0000629e   CellBalancing
00008482   CheckChargeDischargeModes
00008804   CheckEndOfChargeOrDischargeModes
00008cba   CheckFaultConditions
00007e86   CopyUsbToBuff
00009af2   CrcTable
00009c8e   DATA_FLASH
00000510   DMA0CTL
00000511   DMA0CTL_H
00000510   DMA0CTL_L
00000516   DMA0DA
00000516   DMA0DAL
00000512   DMA0SA
00000512   DMA0SAL
0000051a   DMA0SZ
00000520   DMA1CTL
00000521   DMA1CTL_H
00000520   DMA1CTL_L
00000526   DMA1DA
00000526   DMA1DAL
00000522   DMA1SA
00000522   DMA1SAL
0000052a   DMA1SZ
00000530   DMA2CTL
00000531   DMA2CTL_H
00000530   DMA2CTL_L
00000536   DMA2DA
00000536   DMA2DAL
00000532   DMA2SA
00000532   DMA2SAL
0000053a   DMA2SZ
00000500   DMACTL0
00000501   DMACTL0_H
00000500   DMACTL0_L
00000502   DMACTL1
00000503   DMACTL1_H
00000502   DMACTL1_L
00000504   DMACTL2
00000505   DMACTL2_H
00000504   DMACTL2_L
00000506   DMACTL3
00000507   DMACTL3_H
00000506   DMACTL3_L
00000508   DMACTL4
00000509   DMACTL4_H
00000508   DMACTL4_L
0000050e   DMAIV
0000050f   DMAIV_H
0000050e   DMAIV_L
00009048   DRDYSignalTask
00000140   FCTL1
00000141   FCTL1_H
00000140   FCTL1_L
00000144   FCTL3
00000145   FCTL3_H
00000144   FCTL3_L
00000146   FCTL4
00000147   FCTL4_H
00000146   FCTL4_L
00008844   Get_TLV_info
00009332   GoToLowPowerMode
000025f2   HOST_CONTROL_IN
00008de2   Handler_SetLineCoding
000090a6   IEP0InterruptHandler
000092f8   I_LSL
00008f78   Init1SecTimer
000073c0   InitBQ76PL536ports
00008904   InitMCU
00008e10   Init_Ports
00008a72   L_LSL_1
00008a4e   L_LSL_10
00008a4a   L_LSL_11
00008a46   L_LSL_12
00008a42   L_LSL_13
00008a3e   L_LSL_14
00008a3a   L_LSL_15
00008a6e   L_LSL_2
00008a6a   L_LSL_3
00008a66   L_LSL_4
00008a62   L_LSL_5
00008a5e   L_LSL_6
00008a5a   L_LSL_7
00008a56   L_LSL_8
00008a52   L_LSL_9
0000923a   L_LSR
00008ab0   L_LSR_1
00008a8c   L_LSR_10
00008a88   L_LSR_11
00008a84   L_LSR_12
00008a80   L_LSR_13
00008a7c   L_LSR_14
00008a78   L_LSR_15
00008aac   L_LSR_2
00008aa8   L_LSR_3
00008aa4   L_LSR_4
00008aa0   L_LSR_5
00008a9c   L_LSR_6
00008a98   L_LSR_7
00008a94   L_LSR_8
00008a90   L_LSR_9
000004c4   MAC
000004da   MAC32H
000004db   MAC32H_H
000004da   MAC32H_L
000004d8   MAC32L
000004d9   MAC32L_H
000004d8   MAC32L_L
000004c6   MACS
000004de   MACS32H
000004df   MACS32H_H
000004de   MACS32H_L
000004dc   MACS32L
000004dd   MACS32L_H
000004dc   MACS32L_L
000004c7   MACS_H
000004c6   MACS_L
000004c5   MAC_H
000004c4   MAC_L
000004c0   MPY
000004ec   MPY32CTL0
000004ed   MPY32CTL0_H
000004ec   MPY32CTL0_L
000004d2   MPY32H
000004d3   MPY32H_H
000004d2   MPY32H_L
000004d0   MPY32L
000004d1   MPY32L_H
000004d0   MPY32L_L
000004c2   MPYS
000004d6   MPYS32H
000004d7   MPYS32H_H
000004d6   MPYS32H_L
000004d4   MPYS32L
000004d5   MPYS32L_H
000004d4   MPYS32L_L
000004c3   MPYS_H
000004c2   MPYS_L
000004c1   MPY_H
000004c0   MPY_L
00008e3e   OEP0InterruptHandler
000004c8   OP2
000004e2   OP2H
000004e3   OP2H_H
000004e2   OP2H_L
000004e0   OP2L
000004e1   OP2L_H
000004e0   OP2L_L
000004c9   OP2_H
000004c8   OP2_L
00002400   OutputString
0000020e   P1IV
0000021e   P2IV
000001e0   P4MAP01
000001e1   P4MAP01_H
000001e0   P4MAP01_L
000001e2   P4MAP23
000001e3   P4MAP23_H
000001e2   P4MAP23_L
000001e4   P4MAP45
000001e5   P4MAP45_H
000001e4   P4MAP45_L
000001e6   P4MAP67
000001e7   P4MAP67_H
000001e6   P4MAP67_L
00000204   PADIR
00000205   PADIR_H
00000204   PADIR_L
00000208   PADS
00000209   PADS_H
00000208   PADS_L
0000021a   PAIE
00000218   PAIES
00000219   PAIES_H
00000218   PAIES_L
0000021b   PAIE_H
0000021a   PAIE_L
0000021c   PAIFG
0000021d   PAIFG_H
0000021c   PAIFG_L
00000200   PAIN
00000201   PAIN_H
00000200   PAIN_L
00000202   PAOUT
00000203   PAOUT_H
00000202   PAOUT_L
00000206   PAREN
00000207   PAREN_H
00000206   PAREN_L
0000020a   PASEL
0000020b   PASEL_H
0000020a   PASEL_L
00000224   PBDIR
00000225   PBDIR_H
00000224   PBDIR_L
00000228   PBDS
00000229   PBDS_H
00000228   PBDS_L
00000220   PBIN
00000221   PBIN_H
00000220   PBIN_L
00000222   PBOUT
00000223   PBOUT_H
00000222   PBOUT_L
00000226   PBREN
00000227   PBREN_H
00000226   PBREN_L
0000022a   PBSEL
0000022b   PBSEL_H
0000022a   PBSEL_L
00000244   PCDIR
00000245   PCDIR_H
00000244   PCDIR_L
00000248   PCDS
00000249   PCDS_H
00000248   PCDS_L
00000240   PCIN
00000241   PCIN_H
00000240   PCIN_L
00000242   PCOUT
00000243   PCOUT_H
00000242   PCOUT_L
00000246   PCREN
00000247   PCREN_H
00000246   PCREN_L
0000024a   PCSEL
0000024b   PCSEL_H
0000024a   PCSEL_L
00000264   PDDIR
00000265   PDDIR_H
00000264   PDDIR_L
00000268   PDDS
00000269   PDDS_H
00000268   PDDS_L
00000260   PDIN
00000261   PDIN_H
00000260   PDIN_L
00000262   PDOUT
00000263   PDOUT_H
00000262   PDOUT_L
00000266   PDREN
00000267   PDREN_H
00000266   PDREN_L
0000026a   PDSEL
0000026b   PDSEL_H
0000026a   PDSEL_L
00000324   PJDIR
00000325   PJDIR_H
00000324   PJDIR_L
00000328   PJDS
00000329   PJDS_H
00000328   PJDS_L
00000320   PJIN
00000321   PJIN_H
00000320   PJIN_L
00000322   PJOUT
00000323   PJOUT_H
00000322   PJOUT_L
00000326   PJREN
00000327   PJREN_H
00000326   PJREN_L
00000130   PM5CTL0
00000131   PM5CTL0_H
00000130   PM5CTL0_L
000001c2   PMAPCTL
000001c3   PMAPCTL_H
000001c2   PMAPCTL_L
000001c0   PMAPKEYID
000001c1   PMAPKEYID_H
000001c0   PMAPKEYID_L
00000120   PMMCTL0
00000121   PMMCTL0_H
00000120   PMMCTL0_L
00000122   PMMCTL1
00000123   PMMCTL1_H
00000122   PMMCTL1_L
0000012c   PMMIFG
0000012d   PMMIFG_H
0000012c   PMMIFG_L
0000012e   PMMRIE
0000012f   PMMRIE_H
0000012e   PMMRIE_L
0000458c   PORT_ISR
00008780   PWRVBUSoffHandler
00008d82   PWRVBUSonHandler
00000158   RCCTL0
00000159   RCCTL0_H
00000158   RCCTL0_L
000001b0   REFCTL0
000001b1   REFCTL0_H
000001b0   REFCTL0_L
000004e4   RES0
000004e5   RES0_H
000004e4   RES0_L
000004e6   RES1
000004e7   RES1_H
000004e6   RES1_L
000004e8   RES2
000004e9   RES2_H
000004e8   RES2_L
000004ea   RES3
000004eb   RES3_H
000004ea   RES3_L
000004cc   RESHI
000004cd   RESHI_H
000004cc   RESHI_L
000004ca   RESLO
000004cb   RESLO_H
000004ca   RESLO_L
000004ba   RTCADOWDAY
000004bb   RTCADOWDAY_H
000004ba   RTCADOWDAY_L
000004b8   RTCAMINHR
000004b9   RTCAMINHR_H
000004b8   RTCAMINHR_L
000004a0   RTCCTL01
000004a1   RTCCTL01_H
000004a0   RTCCTL01_L
000004a2   RTCCTL23
000004a3   RTCCTL23_H
000004a2   RTCCTL23_L
000004b4   RTCDATE
000004b5   RTCDATE_H
000004b4   RTCDATE_L
000004ae   RTCIV
000004ac   RTCPS
000004a8   RTCPS0CTL
000004a9   RTCPS0CTL_H
000004a8   RTCPS0CTL_L
000004aa   RTCPS1CTL
000004ab   RTCPS1CTL_H
000004aa   RTCPS1CTL_L
000004ad   RTCPS_H
000004ac   RTCPS_L
000004b0   RTCTIM0
000004b1   RTCTIM0_H
000004b0   RTCTIM0_L
000004b2   RTCTIM1
000004b3   RTCTIM1_H
000004b2   RTCTIM1_L
000004b6   RTCYEAR
000004b7   RTCYEAR_H
000004b6   RTCYEAR_L
00000100   SFRIE1
00000101   SFRIE1_H
00000100   SFRIE1_L
00000102   SFRIFG1
00000103   SFRIFG1_H
00000102   SFRIFG1_L
00000104   SFRRPCR
00000105   SFRRPCR_H
00000104   SFRRPCR_L
000004ce   SUMEXT
000004cf   SUMEXT_H
000004ce   SUMEXT_L
00000124   SVSMHCTL
00000125   SVSMHCTL_H
00000124   SVSMHCTL_L
00000128   SVSMIO
00000129   SVSMIO_H
00000128   SVSMIO_L
00000126   SVSMLCTL
00000127   SVSMLCTL_H
00000126   SVSMLCTL_L
00000198   SYSBERRIV
00000199   SYSBERRIV_H
00000198   SYSBERRIV_L
00000182   SYSBSLC
00000183   SYSBSLC_H
00000182   SYSBSLC_L
00000180   SYSCTL
00000181   SYSCTL_H
00000180   SYSCTL_L
00000186   SYSJMBC
00000187   SYSJMBC_H
00000186   SYSJMBC_L
00000188   SYSJMBI0
00000189   SYSJMBI0_H
00000188   SYSJMBI0_L
0000018a   SYSJMBI1
0000018b   SYSJMBI1_H
0000018a   SYSJMBI1_L
0000018c   SYSJMBO0
0000018d   SYSJMBO0_H
0000018c   SYSJMBO0_L
0000018e   SYSJMBO1
0000018f   SYSJMBO1_H
0000018e   SYSJMBO1_L
0000019e   SYSRSTIV
0000019f   SYSRSTIV_H
0000019e   SYSRSTIV_L
0000019c   SYSSNIV
0000019d   SYSSNIV_H
0000019c   SYSSNIV_L
0000019a   SYSUNIV
0000019b   SYSUNIV_H
0000019a   SYSUNIV_L
0000534e   SendAlertMessageToHost
000050f0   SendFaultMessageToHost
00008db2   SetVCore
00008ab6   SetVCoreDown
00008512   SetVCoreUp
00008670   SetupPacketInterruptHandler
00002480   StateMachineTaskPointer
00000352   TA0CCR0
00000354   TA0CCR1
00000356   TA0CCR2
00000358   TA0CCR3
0000035a   TA0CCR4
00000342   TA0CCTL0
00000344   TA0CCTL1
00000346   TA0CCTL2
00000348   TA0CCTL3
0000034a   TA0CCTL4
00000340   TA0CTL
00000360   TA0EX0
0000036e   TA0IV
00000350   TA0R
00000392   TA1CCR0
00000394   TA1CCR1
00000396   TA1CCR2
00000382   TA1CCTL0
00000384   TA1CCTL1
00000386   TA1CCTL2
00000380   TA1CTL
000003a0   TA1EX0
000003ae   TA1IV
00000390   TA1R
00000412   TA2CCR0
00000414   TA2CCR1
00000416   TA2CCR2
00000402   TA2CCTL0
00000404   TA2CCTL1
00000406   TA2CCTL2
00000400   TA2CTL
00000420   TA2EX0
0000042e   TA2IV
00000410   TA2R
000003d2   TB0CCR0
000003d4   TB0CCR1
000003d6   TB0CCR2
000003d8   TB0CCR3
000003da   TB0CCR4
000003dc   TB0CCR5
000003de   TB0CCR6
000003c2   TB0CCTL0
000003c4   TB0CCTL1
000003c6   TB0CCTL2
000003c8   TB0CCTL3
000003ca   TB0CCTL4
000003cc   TB0CCTL5
000003ce   TB0CCTL6
000003c0   TB0CTL
000003e0   TB0EX0
000003ee   TB0IV
000003d0   TB0R
00002508   TEST
00009302   Timer1SecExpiredTask
000045a8   Timer1SecISR
000005d0   UCA0ABCTL
000005c6   UCA0BRW
000005c7   UCA0BRW_H
000005c6   UCA0BRW_L
000005c0   UCA0CTLW0
000005c1   UCA0CTLW0_H
000005c0   UCA0CTLW0_L
000005dc   UCA0ICTL
000005dd   UCA0ICTL_H
000005dc   UCA0ICTL_L
000005d2   UCA0IRCTL
000005d3   UCA0IRCTL_H
000005d2   UCA0IRCTL_L
000005de   UCA0IV
000005c8   UCA0MCTL
000005cc   UCA0RXBUF
000005ca   UCA0STAT
000005ce   UCA0TXBUF
00000610   UCA1ABCTL
00000606   UCA1BRW
00000607   UCA1BRW_H
00000606   UCA1BRW_L
00000600   UCA1CTLW0
00000601   UCA1CTLW0_H
00000600   UCA1CTLW0_L
0000061c   UCA1ICTL
0000061d   UCA1ICTL_H
0000061c   UCA1ICTL_L
00000612   UCA1IRCTL
00000613   UCA1IRCTL_H
00000612   UCA1IRCTL_L
0000061e   UCA1IV
00000608   UCA1MCTL
0000060c   UCA1RXBUF
0000060a   UCA1STAT
0000060e   UCA1TXBUF
000005e6   UCB0BRW
000005e7   UCB0BRW_H
000005e6   UCB0BRW_L
000005e0   UCB0CTLW0
000005e1   UCB0CTLW0_H
000005e0   UCB0CTLW0_L
000005f0   UCB0I2COA
000005f1   UCB0I2COA_H
000005f0   UCB0I2COA_L
000005f2   UCB0I2CSA
000005f3   UCB0I2CSA_H
000005f2   UCB0I2CSA_L
000005fc   UCB0ICTL
000005fd   UCB0ICTL_H
000005fc   UCB0ICTL_L
000005fe   UCB0IV
000005ec   UCB0RXBUF
000005ea   UCB0STAT
000005ee   UCB0TXBUF
00000626   UCB1BRW
00000627   UCB1BRW_H
00000626   UCB1BRW_L
00000620   UCB1CTLW0
00000621   UCB1CTLW0_H
00000620   UCB1CTLW0_L
00000630   UCB1I2COA
00000631   UCB1I2COA_H
00000630   UCB1I2COA_L
00000632   UCB1I2CSA
00000633   UCB1I2CSA_H
00000632   UCB1I2CSA_L
0000063c   UCB1ICTL
0000063d   UCB1ICTL_H
0000063c   UCB1ICTL_L
0000063e   UCB1IV
0000062c   UCB1RXBUF
0000062a   UCB1STAT
0000062e   UCB1TXBUF
00000160   UCSCTL0
00000161   UCSCTL0_H
00000160   UCSCTL0_L
00000162   UCSCTL1
00000163   UCSCTL1_H
00000162   UCSCTL1_L
00000164   UCSCTL2
00000165   UCSCTL2_H
00000164   UCSCTL2_L
00000166   UCSCTL3
00000167   UCSCTL3_H
00000166   UCSCTL3_L
00000168   UCSCTL4
00000169   UCSCTL4_H
00000168   UCSCTL4_L
0000016a   UCSCTL5
0000016b   UCSCTL5_H
0000016a   UCSCTL5_L
0000016c   UCSCTL6
0000016d   UCSCTL6_H
0000016c   UCSCTL6_L
0000016e   UCSCTL7
0000016f   UCSCTL7_H
0000016e   UCSCTL7_L
00000170   UCSCTL8
00000171   UCSCTL8_H
00000170   UCSCTL8_L
0000452c   UNMI_ISR
0000813a   USBCDC_bytesInUSBBuffer
0000930a   USBCDC_handleDataReceived
00009312   USBCDC_handleReceiveCompleted
0000931a   USBCDC_handleSendCompleted
00007ef0   USBCDC_intfStatus
00005e7a   USBCDC_receiveData
000086b4   USBCDC_sendData
00000902   USBCNF
00000903   USBCNF_H
00000902   USBCNF_L
0000093c   USBCTL
00004634   USBCommunicationTask
0000093a   USBFN
0000093b   USBFN_H
0000093a   USBFN_L
0000093f   USBFUNADR
0000093d   USBIE
00002378   USBIEP0BUF
000023c9   USBIEPBBAX_1
000023d1   USBIEPBBAX_2
000023d9   USBIEPBBAX_3
000023e1   USBIEPBBAX_4
000023e9   USBIEPBBAX_5
000023f1   USBIEPBBAX_6
000023f9   USBIEPBBAX_7
000023cd   USBIEPBBAY_1
000023d5   USBIEPBBAY_2
000023dd   USBIEPBBAY_3
000023e5   USBIEPBBAY_4
000023ed   USBIEPBBAY_5
000023f5   USBIEPBBAY_6
000023fd   USBIEPBBAY_7
000023ca   USBIEPBCTX_1
000023d2   USBIEPBCTX_2
000023da   USBIEPBCTX_3
000023e2   USBIEPBCTX_4
000023ea   USBIEPBCTX_5
000023f2   USBIEPBCTX_6
000023fa   USBIEPBCTX_7
000023ce   USBIEPBCTY_1
000023d6   USBIEPBCTY_2
000023de   USBIEPBCTY_3
000023e6   USBIEPBCTY_4
000023ee   USBIEPBCTY_5
000023f6   USBIEPBCTY_6
000023fe   USBIEPBCTY_7
00000920   USBIEPCNF_0
000023c8   USBIEPCNF_1
000023d0   USBIEPCNF_2
000023d8   USBIEPCNF_3
000023e0   USBIEPCNF_4
000023e8   USBIEPCNF_5
000023f0   USBIEPCNF_6
000023f8   USBIEPCNF_7
00000921   USBIEPCNT_0
0000092e   USBIEPIE
00000930   USBIEPIFG
000023cf   USBIEPSIZXY_1
000023d7   USBIEPSIZXY_2
000023df   USBIEPSIZXY_3
000023e7   USBIEPSIZXY_4
000023ef   USBIEPSIZXY_5
000023f7   USBIEPSIZXY_6
000023ff   USBIEPSIZXY_7
0000093e   USBIFG
00000900   USBKEYID
00000901   USBKEYID_H
00000900   USBKEYID_L
00000936   USBMAINT
00000937   USBMAINT_H
00000936   USBMAINT_L
00002370   USBOEP0BUF
00002389   USBOEPBBAX_1
00002391   USBOEPBBAX_2
00002399   USBOEPBBAX_3
000023a1   USBOEPBBAX_4
000023a9   USBOEPBBAX_5
000023b1   USBOEPBBAX_6
000023b9   USBOEPBBAX_7
0000238d   USBOEPBBAY_1
00002395   USBOEPBBAY_2
0000239d   USBOEPBBAY_3
000023a5   USBOEPBBAY_4
000023ad   USBOEPBBAY_5
000023b5   USBOEPBBAY_6
000023bd   USBOEPBBAY_7
0000238a   USBOEPBCTX_1
00002392   USBOEPBCTX_2
0000239a   USBOEPBCTX_3
000023a2   USBOEPBCTX_4
000023aa   USBOEPBCTX_5
000023b2   USBOEPBCTX_6
000023ba   USBOEPBCTX_7
0000238e   USBOEPBCTY_1
00002396   USBOEPBCTY_2
0000239e   USBOEPBCTY_3
000023a6   USBOEPBCTY_4
000023ae   USBOEPBCTY_5
000023b6   USBOEPBCTY_6
000023be   USBOEPBCTY_7
00000922   USBOEPCNF_0
00002388   USBOEPCNF_1
00002390   USBOEPCNF_2
00002398   USBOEPCNF_3
000023a0   USBOEPCNF_4
000023a8   USBOEPCNF_5
000023b0   USBOEPCNF_6
000023b8   USBOEPCNF_7
00000923   USBOEPCNT_0
0000092f   USBOEPIE
00000931   USBOEPIFG
0000238f   USBOEPSIZXY_1
00002397   USBOEPSIZXY_2
0000239f   USBOEPSIZXY_3
000023a7   USBOEPSIZXY_4
000023af   USBOEPSIZXY_5
000023b7   USBOEPSIZXY_6
000023bf   USBOEPSIZXY_7
00000904   USBPHYCTL
00000905   USBPHYCTL_H
00000904   USBPHYCTL_L
00000910   USBPLLCTL
00000911   USBPLLCTL_H
00000910   USBPLLCTL_L
00000912   USBPLLDIVB
00000913   USBPLLDIVB_H
00000912   USBPLLDIVB_L
00000914   USBPLLIR
00000915   USBPLLIR_H
00000914   USBPLLIR_L
00000908   USBPWRCTL
00000909   USBPWRCTL_H
00000908   USBPWRCTL_L
00001c00   USBSTABUFF
00002380   USBSUBLK
0000236f   USBTOPBUFF
00000938   USBTSREG
00000939   USBTSREG_H
00000938   USBTSREG_L
00000932   USBVECINT
00000933   USBVECINT_H
00000932   USBVECINT_L
00007194   USB_InitSerialStringDescriptor
0000266a   USB_RX_memcpy
00002666   USB_TX_memcpy
00008e6a   USB_connect
00008cec   USB_connectionInfo
0000765a   USB_connectionState
00008fc0   USB_disable
00007b3e   USB_enable
00009338   USB_handleClockEvent
0000933c   USB_handleEnumCompleteEvent
00009340   USB_handleResetEvent
00009344   USB_handleResumeEvent
00009348   USB_handleSuspendEvent
0000934c   USB_handleVbusOffEvent
00009180   USB_handleVbusOnEvent
00008bde   USB_init
00008942   USB_initMemcpy
00006ffa   USB_reset
000090f6   USB_resume
00009322   USB_setEnabledEvents
00008d1e   USB_suspend
0000015c   WDTCTL
0000015d   WDTCTL_H
0000015c   WDTCTL_L
00009088   XT2_Start
00009194   _FDclass
00008af2   _FDtest
00004400   __STACK_END
000000a0   __STACK_SIZE
00000001   __TI_args_main
00000001   __TI_auto_init
00000001   __TI_exit
ffffffff   __binit__
00002400   __bss__
ffffffff   __c_args__
000045c0   __cinit__
000088c4   __divli
00009154   __divu
000081ee   __divul
00004d62   __divull
0000267e   __end__
ffffffff   __etext__
00006906   __fs_add
000083ee   __fs_cmp
0000789a   __fs_div
00008438   __fs_ltof
00007256   __fs_mpy
000092ee   __fs_neg
00006900   __fs_sub
00007c42   __fs_tol
0000859e   __fs_tou
00008980   __lslll
000089be   __lsrll
0000916a   __mpyi_f5hw
00008fe2   __mpyl_f5hw
0000829e   __mpyll_f5hw
ffffffff   __pinit__
000088c4   __remli
00009154   __remu
000081ee   __remul
ffffffff   __text__
00008558   _auto_init
00004562   _c_int00
00004562   _c_int00_noexit
00002676   _cleanup_ptr
000099f0   _ctypes_
0000267a   _dtors_ptr
0000266e   _lock
0000935c   _nop
0000598e   _printfi
0000fffe   _reset_vector
00004360   _stack
00009350   _system_pre_init
00002672   _unlock
00002378   abIEP0Buffer
00002370   abOEP0Buffer
00002618   abUsbRequestIncomingData
00002610   abUsbRequestReturnData
00009354   abort
00002620   abramSerialStringDescriptor
00009d5e   abromConfigurationDescriptorGroup
00009db8   abromDeviceDescriptor
00009bf2   abromStringDescriptor
000092e4   abs
0000834a   atoi
00002485   bDataReceiveCompleted_event
00002484   bDataReceived_event
00002486   bDataSendCompleted_event
00002644   bEnumerationStatus
00002643   bFunctionSuspended
00002642   bStatusAction
ffffffff   binit
00007a36   bq_dev_clear_alerts
00007aba   bq_dev_clear_faults
00007f5a   bq_dev_read_cell_voltage
000076f0   bq_dev_read_errors
00007fbc   bq_dev_read_temps
000025b0   bq_pack
0000777e   bq_pack_address_discovery
0000801e   bq_pack_init
000092a2   bq_pack_start_conv
0000913e   calculate_crc
0000807e   check_for_charge_op
0000780c   check_for_cov
00006696   check_for_cuv
000080dc   check_for_discharge_op
00008f9c   check_for_pot
000045c0   cinit
00005cfc   conf_bq_dev
00008b2e   copy_cell_voltage_values
00008ee2   disable_all_bypass_resistors
000089fc   enable_bypass_resistor
0000267e   end
ffffffff   etext
00008196   find_imbalanced_cell
000092b0   get_u32_value
00004400   iUsbInterruptHandler
000070c8   init_bq_dev_data_structure
000087c2   init_spi
00007cc0   ltoa
00008884   main
00008e92   memccpy
000091e2   memcpy
00008eba   memcpyDMA1
000091a8   memset
0000258c   pBQ76PL536PortsISR
00001c00   pbXBufferAddressEp1
00001d00   pbXBufferAddressEp2
00001e00   pbXBufferAddressEp3
00001c80   pbXBufferAddressEp81
00001d80   pbXBufferAddressEp82
00001c40   pbYBufferAddressEp1
00001d40   pbYBufferAddressEp2
00001cc0   pbYBufferAddressEp81
00001dc0   pbYBufferAddressEp82
ffffffff   pinit
00008b6a   receiveDataInBuffer
000082f4   sendData_waitTilDone
000067cc   spi_read_reg
00009d0e   spi_regs_rw_mask
0000746c   spi_write_reg
00008c16   sprintf
000091f4   strlen
00000920   tEndPoint0DescriptorBlock
000023c8   tInputEndPointDescriptorBlock
00002388   tOutputEndPointDescriptorBlock
00002380   tSetupPacket
000092d8   toupper
0000730c   update_bq_pack_data
00008246   update_bq_pack_timer
000057ae   update_op_mode
00009004   usbClearDeviceFeature
0000873c   usbClearEndpointFeature
00007518   usbDecodeAndProcessUsbRequest
0000924a   usbGetConfiguration
00009206   usbGetConfigurationDescriptor
00009218   usbGetDeviceDescriptor
00008f08   usbGetDeviceStatus
00007e1a   usbGetEndpointStatus
000090c2   usbGetInterface
000090dc   usbGetInterfaceStatus
00008ba4   usbGetLineCoding
000085e4   usbGetStringDescriptor
0000925a   usbInvalidRequest
000091bc   usbReceiveDataPacketOnEP0
0000862a   usbReceiveNextPacketOnOEP0
00009068   usbSendDataPacketOnEP0
00007d3c   usbSendNextPacketOnIEP0
000092be   usbSendZeroLengthPacketOnIEP0
00008d50   usbSetAddress
00008f2e   usbSetConfiguration
00009358   usbSetControlLineState
00009026   usbSetDeviceFeature
0000839e   usbSetEndpointFeature
00009126   usbSetInterface
0000932a   usbSetLineCoding
00002606   wBytesRemainingOnIEP0
00002608   wBytesRemainingOnOEP0
00002646   wUsbEventMask
00002488   wholeString


GLOBAL SYMBOLS: SORTED BY Symbol Address 

address    name
--------   ----
00000001   __TI_args_main
00000001   __TI_auto_init
00000001   __TI_exit
000000a0   __STACK_SIZE
00000100   SFRIE1
00000100   SFRIE1_L
00000101   SFRIE1_H
00000102   SFRIFG1
00000102   SFRIFG1_L
00000103   SFRIFG1_H
00000104   SFRRPCR
00000104   SFRRPCR_L
00000105   SFRRPCR_H
00000120   PMMCTL0
00000120   PMMCTL0_L
00000121   PMMCTL0_H
00000122   PMMCTL1
00000122   PMMCTL1_L
00000123   PMMCTL1_H
00000124   SVSMHCTL
00000124   SVSMHCTL_L
00000125   SVSMHCTL_H
00000126   SVSMLCTL
00000126   SVSMLCTL_L
00000127   SVSMLCTL_H
00000128   SVSMIO
00000128   SVSMIO_L
00000129   SVSMIO_H
0000012c   PMMIFG
0000012c   PMMIFG_L
0000012d   PMMIFG_H
0000012e   PMMRIE
0000012e   PMMRIE_L
0000012f   PMMRIE_H
00000130   PM5CTL0
00000130   PM5CTL0_L
00000131   PM5CTL0_H
00000140   FCTL1
00000140   FCTL1_L
00000141   FCTL1_H
00000144   FCTL3
00000144   FCTL3_L
00000145   FCTL3_H
00000146   FCTL4
00000146   FCTL4_L
00000147   FCTL4_H
00000150   CRCDI
00000150   CRCDI_L
00000151   CRCDI_H
00000152   CRCDIRB
00000152   CRCDIRB_L
00000153   CRCDIRB_H
00000154   CRCINIRES
00000154   CRCINIRES_L
00000155   CRCINIRES_H
00000156   CRCRESR
00000156   CRCRESR_L
00000157   CRCRESR_H
00000158   RCCTL0
00000158   RCCTL0_L
00000159   RCCTL0_H
0000015c   WDTCTL
0000015c   WDTCTL_L
0000015d   WDTCTL_H
00000160   UCSCTL0
00000160   UCSCTL0_L
00000161   UCSCTL0_H
00000162   UCSCTL1
00000162   UCSCTL1_L
00000163   UCSCTL1_H
00000164   UCSCTL2
00000164   UCSCTL2_L
00000165   UCSCTL2_H
00000166   UCSCTL3
00000166   UCSCTL3_L
00000167   UCSCTL3_H
00000168   UCSCTL4
00000168   UCSCTL4_L
00000169   UCSCTL4_H
0000016a   UCSCTL5
0000016a   UCSCTL5_L
0000016b   UCSCTL5_H
0000016c   UCSCTL6
0000016c   UCSCTL6_L
0000016d   UCSCTL6_H
0000016e   UCSCTL7
0000016e   UCSCTL7_L
0000016f   UCSCTL7_H
00000170   UCSCTL8
00000170   UCSCTL8_L
00000171   UCSCTL8_H
00000180   SYSCTL
00000180   SYSCTL_L
00000181   SYSCTL_H
00000182   SYSBSLC
00000182   SYSBSLC_L
00000183   SYSBSLC_H
00000186   SYSJMBC
00000186   SYSJMBC_L
00000187   SYSJMBC_H
00000188   SYSJMBI0
00000188   SYSJMBI0_L
00000189   SYSJMBI0_H
0000018a   SYSJMBI1
0000018a   SYSJMBI1_L
0000018b   SYSJMBI1_H
0000018c   SYSJMBO0
0000018c   SYSJMBO0_L
0000018d   SYSJMBO0_H
0000018e   SYSJMBO1
0000018e   SYSJMBO1_L
0000018f   SYSJMBO1_H
00000198   SYSBERRIV
00000198   SYSBERRIV_L
00000199   SYSBERRIV_H
0000019a   SYSUNIV
0000019a   SYSUNIV_L
0000019b   SYSUNIV_H
0000019c   SYSSNIV
0000019c   SYSSNIV_L
0000019d   SYSSNIV_H
0000019e   SYSRSTIV
0000019e   SYSRSTIV_L
0000019f   SYSRSTIV_H
000001b0   REFCTL0
000001b0   REFCTL0_L
000001b1   REFCTL0_H
000001c0   PMAPKEYID
000001c0   PMAPKEYID_L
000001c1   PMAPKEYID_H
000001c2   PMAPCTL
000001c2   PMAPCTL_L
000001c3   PMAPCTL_H
000001e0   P4MAP01
000001e0   P4MAP01_L
000001e1   P4MAP01_H
000001e2   P4MAP23
000001e2   P4MAP23_L
000001e3   P4MAP23_H
000001e4   P4MAP45
000001e4   P4MAP45_L
000001e5   P4MAP45_H
000001e6   P4MAP67
000001e6   P4MAP67_L
000001e7   P4MAP67_H
00000200   PAIN
00000200   PAIN_L
00000201   PAIN_H
00000202   PAOUT
00000202   PAOUT_L
00000203   PAOUT_H
00000204   PADIR
00000204   PADIR_L
00000205   PADIR_H
00000206   PAREN
00000206   PAREN_L
00000207   PAREN_H
00000208   PADS
00000208   PADS_L
00000209   PADS_H
0000020a   PASEL
0000020a   PASEL_L
0000020b   PASEL_H
0000020e   P1IV
00000218   PAIES
00000218   PAIES_L
00000219   PAIES_H
0000021a   PAIE
0000021a   PAIE_L
0000021b   PAIE_H
0000021c   PAIFG
0000021c   PAIFG_L
0000021d   PAIFG_H
0000021e   P2IV
00000220   PBIN
00000220   PBIN_L
00000221   PBIN_H
00000222   PBOUT
00000222   PBOUT_L
00000223   PBOUT_H
00000224   PBDIR
00000224   PBDIR_L
00000225   PBDIR_H
00000226   PBREN
00000226   PBREN_L
00000227   PBREN_H
00000228   PBDS
00000228   PBDS_L
00000229   PBDS_H
0000022a   PBSEL
0000022a   PBSEL_L
0000022b   PBSEL_H
00000240   PCIN
00000240   PCIN_L
00000241   PCIN_H
00000242   PCOUT
00000242   PCOUT_L
00000243   PCOUT_H
00000244   PCDIR
00000244   PCDIR_L
00000245   PCDIR_H
00000246   PCREN
00000246   PCREN_L
00000247   PCREN_H
00000248   PCDS
00000248   PCDS_L
00000249   PCDS_H
0000024a   PCSEL
0000024a   PCSEL_L
0000024b   PCSEL_H
00000260   PDIN
00000260   PDIN_L
00000261   PDIN_H
00000262   PDOUT
00000262   PDOUT_L
00000263   PDOUT_H
00000264   PDDIR
00000264   PDDIR_L
00000265   PDDIR_H
00000266   PDREN
00000266   PDREN_L
00000267   PDREN_H
00000268   PDDS
00000268   PDDS_L
00000269   PDDS_H
0000026a   PDSEL
0000026a   PDSEL_L
0000026b   PDSEL_H
00000320   PJIN
00000320   PJIN_L
00000321   PJIN_H
00000322   PJOUT
00000322   PJOUT_L
00000323   PJOUT_H
00000324   PJDIR
00000324   PJDIR_L
00000325   PJDIR_H
00000326   PJREN
00000326   PJREN_L
00000327   PJREN_H
00000328   PJDS
00000328   PJDS_L
00000329   PJDS_H
00000340   TA0CTL
00000342   TA0CCTL0
00000344   TA0CCTL1
00000346   TA0CCTL2
00000348   TA0CCTL3
0000034a   TA0CCTL4
00000350   TA0R
00000352   TA0CCR0
00000354   TA0CCR1
00000356   TA0CCR2
00000358   TA0CCR3
0000035a   TA0CCR4
00000360   TA0EX0
0000036e   TA0IV
00000380   TA1CTL
00000382   TA1CCTL0
00000384   TA1CCTL1
00000386   TA1CCTL2
00000390   TA1R
00000392   TA1CCR0
00000394   TA1CCR1
00000396   TA1CCR2
000003a0   TA1EX0
000003ae   TA1IV
000003c0   TB0CTL
000003c2   TB0CCTL0
000003c4   TB0CCTL1
000003c6   TB0CCTL2
000003c8   TB0CCTL3
000003ca   TB0CCTL4
000003cc   TB0CCTL5
000003ce   TB0CCTL6
000003d0   TB0R
000003d2   TB0CCR0
000003d4   TB0CCR1
000003d6   TB0CCR2
000003d8   TB0CCR3
000003da   TB0CCR4
000003dc   TB0CCR5
000003de   TB0CCR6
000003e0   TB0EX0
000003ee   TB0IV
00000400   TA2CTL
00000402   TA2CCTL0
00000404   TA2CCTL1
00000406   TA2CCTL2
00000410   TA2R
00000412   TA2CCR0
00000414   TA2CCR1
00000416   TA2CCR2
00000420   TA2EX0
0000042e   TA2IV
000004a0   RTCCTL01
000004a0   RTCCTL01_L
000004a1   RTCCTL01_H
000004a2   RTCCTL23
000004a2   RTCCTL23_L
000004a3   RTCCTL23_H
000004a8   RTCPS0CTL
000004a8   RTCPS0CTL_L
000004a9   RTCPS0CTL_H
000004aa   RTCPS1CTL
000004aa   RTCPS1CTL_L
000004ab   RTCPS1CTL_H
000004ac   RTCPS
000004ac   RTCPS_L
000004ad   RTCPS_H
000004ae   RTCIV
000004b0   RTCTIM0
000004b0   RTCTIM0_L
000004b1   RTCTIM0_H
000004b2   RTCTIM1
000004b2   RTCTIM1_L
000004b3   RTCTIM1_H
000004b4   RTCDATE
000004b4   RTCDATE_L
000004b5   RTCDATE_H
000004b6   RTCYEAR
000004b6   RTCYEAR_L
000004b7   RTCYEAR_H
000004b8   RTCAMINHR
000004b8   RTCAMINHR_L
000004b9   RTCAMINHR_H
000004ba   RTCADOWDAY
000004ba   RTCADOWDAY_L
000004bb   RTCADOWDAY_H
000004c0   MPY
000004c0   MPY_L
000004c1   MPY_H
000004c2   MPYS
000004c2   MPYS_L
000004c3   MPYS_H
000004c4   MAC
000004c4   MAC_L
000004c5   MAC_H
000004c6   MACS
000004c6   MACS_L
000004c7   MACS_H
000004c8   OP2
000004c8   OP2_L
000004c9   OP2_H
000004ca   RESLO
000004ca   RESLO_L
000004cb   RESLO_H
000004cc   RESHI
000004cc   RESHI_L
000004cd   RESHI_H
000004ce   SUMEXT
000004ce   SUMEXT_L
000004cf   SUMEXT_H
000004d0   MPY32L
000004d0   MPY32L_L
000004d1   MPY32L_H
000004d2   MPY32H
000004d2   MPY32H_L
000004d3   MPY32H_H
000004d4   MPYS32L
000004d4   MPYS32L_L
000004d5   MPYS32L_H
000004d6   MPYS32H
000004d6   MPYS32H_L
000004d7   MPYS32H_H
000004d8   MAC32L
000004d8   MAC32L_L
000004d9   MAC32L_H
000004da   MAC32H
000004da   MAC32H_L
000004db   MAC32H_H
000004dc   MACS32L
000004dc   MACS32L_L
000004dd   MACS32L_H
000004de   MACS32H
000004de   MACS32H_L
000004df   MACS32H_H
000004e0   OP2L
000004e0   OP2L_L
000004e1   OP2L_H
000004e2   OP2H
000004e2   OP2H_L
000004e3   OP2H_H
000004e4   RES0
000004e4   RES0_L
000004e5   RES0_H
000004e6   RES1
000004e6   RES1_L
000004e7   RES1_H
000004e8   RES2
000004e8   RES2_L
000004e9   RES2_H
000004ea   RES3
000004ea   RES3_L
000004eb   RES3_H
000004ec   MPY32CTL0
000004ec   MPY32CTL0_L
000004ed   MPY32CTL0_H
00000500   DMACTL0
00000500   DMACTL0_L
00000501   DMACTL0_H
00000502   DMACTL1
00000502   DMACTL1_L
00000503   DMACTL1_H
00000504   DMACTL2
00000504   DMACTL2_L
00000505   DMACTL2_H
00000506   DMACTL3
00000506   DMACTL3_L
00000507   DMACTL3_H
00000508   DMACTL4
00000508   DMACTL4_L
00000509   DMACTL4_H
0000050e   DMAIV
0000050e   DMAIV_L
0000050f   DMAIV_H
00000510   DMA0CTL
00000510   DMA0CTL_L
00000511   DMA0CTL_H
00000512   DMA0SA
00000512   DMA0SAL
00000516   DMA0DA
00000516   DMA0DAL
0000051a   DMA0SZ
00000520   DMA1CTL
00000520   DMA1CTL_L
00000521   DMA1CTL_H
00000522   DMA1SA
00000522   DMA1SAL
00000526   DMA1DA
00000526   DMA1DAL
0000052a   DMA1SZ
00000530   DMA2CTL
00000530   DMA2CTL_L
00000531   DMA2CTL_H
00000532   DMA2SA
00000532   DMA2SAL
00000536   DMA2DA
00000536   DMA2DAL
0000053a   DMA2SZ
000005c0   UCA0CTLW0
000005c0   UCA0CTLW0_L
000005c1   UCA0CTLW0_H
000005c6   UCA0BRW
000005c6   UCA0BRW_L
000005c7   UCA0BRW_H
000005c8   UCA0MCTL
000005ca   UCA0STAT
000005cc   UCA0RXBUF
000005ce   UCA0TXBUF
000005d0   UCA0ABCTL
000005d2   UCA0IRCTL
000005d2   UCA0IRCTL_L
000005d3   UCA0IRCTL_H
000005dc   UCA0ICTL
000005dc   UCA0ICTL_L
000005dd   UCA0ICTL_H
000005de   UCA0IV
000005e0   UCB0CTLW0
000005e0   UCB0CTLW0_L
000005e1   UCB0CTLW0_H
000005e6   UCB0BRW
000005e6   UCB0BRW_L
000005e7   UCB0BRW_H
000005ea   UCB0STAT
000005ec   UCB0RXBUF
000005ee   UCB0TXBUF
000005f0   UCB0I2COA
000005f0   UCB0I2COA_L
000005f1   UCB0I2COA_H
000005f2   UCB0I2CSA
000005f2   UCB0I2CSA_L
000005f3   UCB0I2CSA_H
000005fc   UCB0ICTL
000005fc   UCB0ICTL_L
000005fd   UCB0ICTL_H
000005fe   UCB0IV
00000600   UCA1CTLW0
00000600   UCA1CTLW0_L
00000601   UCA1CTLW0_H
00000606   UCA1BRW
00000606   UCA1BRW_L
00000607   UCA1BRW_H
00000608   UCA1MCTL
0000060a   UCA1STAT
0000060c   UCA1RXBUF
0000060e   UCA1TXBUF
00000610   UCA1ABCTL
00000612   UCA1IRCTL
00000612   UCA1IRCTL_L
00000613   UCA1IRCTL_H
0000061c   UCA1ICTL
0000061c   UCA1ICTL_L
0000061d   UCA1ICTL_H
0000061e   UCA1IV
00000620   UCB1CTLW0
00000620   UCB1CTLW0_L
00000621   UCB1CTLW0_H
00000626   UCB1BRW
00000626   UCB1BRW_L
00000627   UCB1BRW_H
0000062a   UCB1STAT
0000062c   UCB1RXBUF
0000062e   UCB1TXBUF
00000630   UCB1I2COA
00000630   UCB1I2COA_L
00000631   UCB1I2COA_H
00000632   UCB1I2CSA
00000632   UCB1I2CSA_L
00000633   UCB1I2CSA_H
0000063c   UCB1ICTL
0000063c   UCB1ICTL_L
0000063d   UCB1ICTL_H
0000063e   UCB1IV
00000700   ADC12CTL0
00000700   ADC12CTL0_L
00000701   ADC12CTL0_H
00000702   ADC12CTL1
00000702   ADC12CTL1_L
00000703   ADC12CTL1_H
00000704   ADC12CTL2
00000704   ADC12CTL2_L
00000705   ADC12CTL2_H
0000070a   ADC12IFG
0000070a   ADC12IFG_L
0000070b   ADC12IFG_H
0000070c   ADC12IE
0000070c   ADC12IE_L
0000070d   ADC12IE_H
0000070e   ADC12IV
0000070e   ADC12IV_L
0000070f   ADC12IV_H
00000710   ADC12MCTL0
00000711   ADC12MCTL1
00000712   ADC12MCTL2
00000713   ADC12MCTL3
00000714   ADC12MCTL4
00000715   ADC12MCTL5
00000716   ADC12MCTL6
00000717   ADC12MCTL7
00000718   ADC12MCTL8
00000719   ADC12MCTL9
0000071a   ADC12MCTL10
0000071b   ADC12MCTL11
0000071c   ADC12MCTL12
0000071d   ADC12MCTL13
0000071e   ADC12MCTL14
0000071f   ADC12MCTL15
00000720   ADC12MEM0
00000720   ADC12MEM0_L
00000721   ADC12MEM0_H
00000722   ADC12MEM1
00000722   ADC12MEM1_L
00000723   ADC12MEM1_H
00000724   ADC12MEM2
00000724   ADC12MEM2_L
00000725   ADC12MEM2_H
00000726   ADC12MEM3
00000726   ADC12MEM3_L
00000727   ADC12MEM3_H
00000728   ADC12MEM4
00000728   ADC12MEM4_L
00000729   ADC12MEM4_H
0000072a   ADC12MEM5
0000072a   ADC12MEM5_L
0000072b   ADC12MEM5_H
0000072c   ADC12MEM6
0000072c   ADC12MEM6_L
0000072d   ADC12MEM6_H
0000072e   ADC12MEM7
0000072e   ADC12MEM7_L
0000072f   ADC12MEM7_H
00000730   ADC12MEM8
00000730   ADC12MEM8_L
00000731   ADC12MEM8_H
00000732   ADC12MEM9
00000732   ADC12MEM9_L
00000733   ADC12MEM9_H
00000734   ADC12MEM10
00000734   ADC12MEM10_L
00000735   ADC12MEM10_H
00000736   ADC12MEM11
00000736   ADC12MEM11_L
00000737   ADC12MEM11_H
00000738   ADC12MEM12
00000738   ADC12MEM12_L
00000739   ADC12MEM12_H
0000073a   ADC12MEM13
0000073a   ADC12MEM13_L
0000073b   ADC12MEM13_H
0000073c   ADC12MEM14
0000073c   ADC12MEM14_L
0000073d   ADC12MEM14_H
0000073e   ADC12MEM15
0000073e   ADC12MEM15_L
0000073f   ADC12MEM15_H
000008c0   CBCTL0
000008c0   CBCTL0_L
000008c1   CBCTL0_H
000008c2   CBCTL1
000008c2   CBCTL1_L
000008c3   CBCTL1_H
000008c4   CBCTL2
000008c4   CBCTL2_L
000008c5   CBCTL2_H
000008c6   CBCTL3
000008c6   CBCTL3_L
000008c7   CBCTL3_H
000008cc   CBINT
000008cc   CBINT_L
000008cd   CBINT_H
000008ce   CBIV
00000900   USBKEYID
00000900   USBKEYID_L
00000901   USBKEYID_H
00000902   USBCNF
00000902   USBCNF_L
00000903   USBCNF_H
00000904   USBPHYCTL
00000904   USBPHYCTL_L
00000905   USBPHYCTL_H
00000908   USBPWRCTL
00000908   USBPWRCTL_L
00000909   USBPWRCTL_H
00000910   USBPLLCTL
00000910   USBPLLCTL_L
00000911   USBPLLCTL_H
00000912   USBPLLDIVB
00000912   USBPLLDIVB_L
00000913   USBPLLDIVB_H
00000914   USBPLLIR
00000914   USBPLLIR_L
00000915   USBPLLIR_H
00000920   USBIEPCNF_0
00000920   tEndPoint0DescriptorBlock
00000921   USBIEPCNT_0
00000922   USBOEPCNF_0
00000923   USBOEPCNT_0
0000092e   USBIEPIE
0000092f   USBOEPIE
00000930   USBIEPIFG
00000931   USBOEPIFG
00000932   USBVECINT
00000932   USBVECINT_L
00000933   USBVECINT_H
00000936   USBMAINT
00000936   USBMAINT_L
00000937   USBMAINT_H
00000938   USBTSREG
00000938   USBTSREG_L
00000939   USBTSREG_H
0000093a   USBFN
0000093a   USBFN_L
0000093b   USBFN_H
0000093c   USBCTL
0000093d   USBIE
0000093e   USBIFG
0000093f   USBFUNADR
00001c00   USBSTABUFF
00001c00   pbXBufferAddressEp1
00001c40   pbYBufferAddressEp1
00001c80   pbXBufferAddressEp81
00001cc0   pbYBufferAddressEp81
00001d00   pbXBufferAddressEp2
00001d40   pbYBufferAddressEp2
00001d80   pbXBufferAddressEp82
00001dc0   pbYBufferAddressEp82
00001e00   pbXBufferAddressEp3
0000236f   USBTOPBUFF
00002370   USBOEP0BUF
00002370   abOEP0Buffer
00002378   USBIEP0BUF
00002378   abIEP0Buffer
00002380   USBSUBLK
00002380   tSetupPacket
00002388   USBOEPCNF_1
00002388   tOutputEndPointDescriptorBlock
00002389   USBOEPBBAX_1
0000238a   USBOEPBCTX_1
0000238d   USBOEPBBAY_1
0000238e   USBOEPBCTY_1
0000238f   USBOEPSIZXY_1
00002390   USBOEPCNF_2
00002391   USBOEPBBAX_2
00002392   USBOEPBCTX_2
00002395   USBOEPBBAY_2
00002396   USBOEPBCTY_2
00002397   USBOEPSIZXY_2
00002398   USBOEPCNF_3
00002399   USBOEPBBAX_3
0000239a   USBOEPBCTX_3
0000239d   USBOEPBBAY_3
0000239e   USBOEPBCTY_3
0000239f   USBOEPSIZXY_3
000023a0   USBOEPCNF_4
000023a1   USBOEPBBAX_4
000023a2   USBOEPBCTX_4
000023a5   USBOEPBBAY_4
000023a6   USBOEPBCTY_4
000023a7   USBOEPSIZXY_4
000023a8   USBOEPCNF_5
000023a9   USBOEPBBAX_5
000023aa   USBOEPBCTX_5
000023ad   USBOEPBBAY_5
000023ae   USBOEPBCTY_5
000023af   USBOEPSIZXY_5
000023b0   USBOEPCNF_6
000023b1   USBOEPBBAX_6
000023b2   USBOEPBCTX_6
000023b5   USBOEPBBAY_6
000023b6   USBOEPBCTY_6
000023b7   USBOEPSIZXY_6
000023b8   USBOEPCNF_7
000023b9   USBOEPBBAX_7
000023ba   USBOEPBCTX_7
000023bd   USBOEPBBAY_7
000023be   USBOEPBCTY_7
000023bf   USBOEPSIZXY_7
000023c8   USBIEPCNF_1
000023c8   tInputEndPointDescriptorBlock
000023c9   USBIEPBBAX_1
000023ca   USBIEPBCTX_1
000023cd   USBIEPBBAY_1
000023ce   USBIEPBCTY_1
000023cf   USBIEPSIZXY_1
000023d0   USBIEPCNF_2
000023d1   USBIEPBBAX_2
000023d2   USBIEPBCTX_2
000023d5   USBIEPBBAY_2
000023d6   USBIEPBCTY_2
000023d7   USBIEPSIZXY_2
000023d8   USBIEPCNF_3
000023d9   USBIEPBBAX_3
000023da   USBIEPBCTX_3
000023dd   USBIEPBBAY_3
000023de   USBIEPBCTY_3
000023df   USBIEPSIZXY_3
000023e0   USBIEPCNF_4
000023e1   USBIEPBBAX_4
000023e2   USBIEPBCTX_4
000023e5   USBIEPBBAY_4
000023e6   USBIEPBCTY_4
000023e7   USBIEPSIZXY_4
000023e8   USBIEPCNF_5
000023e9   USBIEPBBAX_5
000023ea   USBIEPBCTX_5
000023ed   USBIEPBBAY_5
000023ee   USBIEPBCTY_5
000023ef   USBIEPSIZXY_5
000023f0   USBIEPCNF_6
000023f1   USBIEPBBAX_6
000023f2   USBIEPBCTX_6
000023f5   USBIEPBBAY_6
000023f6   USBIEPBCTY_6
000023f7   USBIEPSIZXY_6
000023f8   USBIEPCNF_7
000023f9   USBIEPBBAX_7
000023fa   USBIEPBCTX_7
000023fd   USBIEPBBAY_7
000023fe   USBIEPBCTY_7
000023ff   USBIEPSIZXY_7
00002400   .bss
00002400   OutputString
00002400   __bss__
00002480   StateMachineTaskPointer
00002484   bDataReceived_event
00002485   bDataReceiveCompleted_event
00002486   bDataSendCompleted_event
00002488   wholeString
00002508   TEST
0000258c   pBQ76PL536PortsISR
000025b0   bq_pack
000025f2   HOST_CONTROL_IN
00002606   wBytesRemainingOnIEP0
00002608   wBytesRemainingOnOEP0
00002610   abUsbRequestReturnData
00002618   abUsbRequestIncomingData
00002620   abramSerialStringDescriptor
00002642   bStatusAction
00002643   bFunctionSuspended
00002644   bEnumerationStatus
00002646   wUsbEventMask
00002666   USB_TX_memcpy
0000266a   USB_RX_memcpy
0000266e   _lock
00002672   _unlock
00002676   _cleanup_ptr
0000267a   _dtors_ptr
0000267e   __end__
0000267e   end
00004360   _stack
00004400   __STACK_END
00004400   iUsbInterruptHandler
0000452c   UNMI_ISR
00004562   _c_int00
00004562   _c_int00_noexit
0000458c   PORT_ISR
000045a8   Timer1SecISR
000045c0   __cinit__
000045c0   cinit
00004634   USBCommunicationTask
00004d62   __divull
000050f0   SendFaultMessageToHost
0000534e   SendAlertMessageToHost
000057ae   update_op_mode
0000598e   _printfi
00005cfc   conf_bq_dev
00005e7a   USBCDC_receiveData
0000629e   CellBalancing
00006696   check_for_cuv
000067cc   spi_read_reg
00006900   __fs_sub
00006906   __fs_add
00006e3c   CdcToHostFromBuffer
00006f20   CdcToBufferFromHost
00006ffa   USB_reset
000070c8   init_bq_dev_data_structure
00007194   USB_InitSerialStringDescriptor
00007256   __fs_mpy
0000730c   update_bq_pack_data
000073c0   InitBQ76PL536ports
0000746c   spi_write_reg
00007518   usbDecodeAndProcessUsbRequest
0000765a   USB_connectionState
000076f0   bq_dev_read_errors
0000777e   bq_pack_address_discovery
0000780c   check_for_cov
0000789a   __fs_div
00007a36   bq_dev_clear_alerts
00007aba   bq_dev_clear_faults
00007b3e   USB_enable
00007c42   __fs_tol
00007cc0   ltoa
00007d3c   usbSendNextPacketOnIEP0
00007e1a   usbGetEndpointStatus
00007e86   CopyUsbToBuff
00007ef0   USBCDC_intfStatus
00007f5a   bq_dev_read_cell_voltage
00007fbc   bq_dev_read_temps
0000801e   bq_pack_init
0000807e   check_for_charge_op
000080dc   check_for_discharge_op
0000813a   USBCDC_bytesInUSBBuffer
00008196   find_imbalanced_cell
000081ee   __divul
000081ee   __remul
00008246   update_bq_pack_timer
0000829e   __mpyll_f5hw
000082f4   sendData_waitTilDone
0000834a   atoi
0000839e   usbSetEndpointFeature
000083ee   __fs_cmp
00008438   __fs_ltof
00008482   CheckChargeDischargeModes
00008512   SetVCoreUp
00008558   _auto_init
0000859e   __fs_tou
000085e4   usbGetStringDescriptor
0000862a   usbReceiveNextPacketOnOEP0
00008670   SetupPacketInterruptHandler
000086b4   USBCDC_sendData
0000873c   usbClearEndpointFeature
00008780   PWRVBUSoffHandler
000087c2   init_spi
00008804   CheckEndOfChargeOrDischargeModes
00008844   Get_TLV_info
00008884   main
000088c4   __divli
000088c4   __remli
00008904   InitMCU
00008942   USB_initMemcpy
00008980   __lslll
000089be   __lsrll
000089fc   enable_bypass_resistor
00008a3a   L_LSL_15
00008a3e   L_LSL_14
00008a42   L_LSL_13
00008a46   L_LSL_12
00008a4a   L_LSL_11
00008a4e   L_LSL_10
00008a52   L_LSL_9
00008a56   L_LSL_8
00008a5a   L_LSL_7
00008a5e   L_LSL_6
00008a62   L_LSL_5
00008a66   L_LSL_4
00008a6a   L_LSL_3
00008a6e   L_LSL_2
00008a72   L_LSL_1
00008a78   L_LSR_15
00008a7c   L_LSR_14
00008a80   L_LSR_13
00008a84   L_LSR_12
00008a88   L_LSR_11
00008a8c   L_LSR_10
00008a90   L_LSR_9
00008a94   L_LSR_8
00008a98   L_LSR_7
00008a9c   L_LSR_6
00008aa0   L_LSR_5
00008aa4   L_LSR_4
00008aa8   L_LSR_3
00008aac   L_LSR_2
00008ab0   L_LSR_1
00008ab6   SetVCoreDown
00008af2   _FDtest
00008b2e   copy_cell_voltage_values
00008b6a   receiveDataInBuffer
00008ba4   usbGetLineCoding
00008bde   USB_init
00008c16   sprintf
00008c4e   BQAlertSignalTask
00008c84   BQFaultSignalTask
00008cba   CheckFaultConditions
00008cec   USB_connectionInfo
00008d1e   USB_suspend
00008d50   usbSetAddress
00008d82   PWRVBUSonHandler
00008db2   SetVCore
00008de2   Handler_SetLineCoding
00008e10   Init_Ports
00008e3e   OEP0InterruptHandler
00008e6a   USB_connect
00008e92   memccpy
00008eba   memcpyDMA1
00008ee2   disable_all_bypass_resistors
00008f08   usbGetDeviceStatus
00008f2e   usbSetConfiguration
00008f54   CdcResetData
00008f78   Init1SecTimer
00008f9c   check_for_pot
00008fc0   USB_disable
00008fe2   __mpyl_f5hw
00009004   usbClearDeviceFeature
00009026   usbSetDeviceFeature
00009048   DRDYSignalTask
00009068   usbSendDataPacketOnEP0
00009088   XT2_Start
000090a6   IEP0InterruptHandler
000090c2   usbGetInterface
000090dc   usbGetInterfaceStatus
000090f6   USB_resume
00009126   usbSetInterface
0000913e   calculate_crc
00009154   __divu
00009154   __remu
0000916a   __mpyi_f5hw
00009180   USB_handleVbusOnEvent
00009194   _FDclass
000091a8   memset
000091bc   usbReceiveDataPacketOnEP0
000091e2   memcpy
000091f4   strlen
00009206   usbGetConfigurationDescriptor
00009218   usbGetDeviceDescriptor
0000922a   BatteryPackManager
0000923a   L_LSR
0000924a   usbGetConfiguration
0000925a   usbInvalidRequest
000092a2   bq_pack_start_conv
000092b0   get_u32_value
000092be   usbSendZeroLengthPacketOnIEP0
000092cc   CdcIsReceiveInProgress
000092d8   toupper
000092e4   abs
000092ee   __fs_neg
000092f8   I_LSL
00009302   Timer1SecExpiredTask
0000930a   USBCDC_handleDataReceived
00009312   USBCDC_handleReceiveCompleted
0000931a   USBCDC_handleSendCompleted
00009322   USB_setEnabledEvents
0000932a   usbSetLineCoding
00009332   GoToLowPowerMode
00009338   USB_handleClockEvent
0000933c   USB_handleEnumCompleteEvent
00009340   USB_handleResetEvent
00009344   USB_handleResumeEvent
00009348   USB_handleSuspendEvent
0000934c   USB_handleVbusOffEvent
00009350   _system_pre_init
00009354   C$$EXIT
00009354   abort
00009358   usbSetControlLineState
0000935c   _nop
000099f0   _ctypes_
00009af2   CrcTable
00009bf2   abromStringDescriptor
00009c8e   DATA_FLASH
00009d0e   spi_regs_rw_mask
00009d5e   abromConfigurationDescriptorGroup
00009db8   abromDeviceDescriptor
0000fffe   _reset_vector
ffffffff   .text
ffffffff   __binit__
ffffffff   __c_args__
ffffffff   __etext__
ffffffff   __pinit__
ffffffff   __text__
ffffffff   binit
ffffffff   etext
ffffffff   pinit

[1002 symbols]
