******************************************************************************
                  MSP430 Linker PC v4.1.1                      
******************************************************************************
>> Linked Wed Jul 26 11:43:20 2023

OUTPUT FILE NAME:   <MSP430_BMS_PL536.out>
ENTRY POINT SYMBOL: "_c_int00"  address: 000045a4


MEMORY CONFIGURATION

         name            origin    length      used     unused   attr    fill
----------------------  --------  ---------  --------  --------  ----  --------
  SFR                   00000000   00000010  00000000  00000010  RWIX
  PERIPHERALS_8BIT      00000010   000000f0  00000000  000000f0  RWIX
  PERIPHERALS_16BIT     00000100   00000100  00000000  00000100  RWIX
  INFOD                 00001800   00000080  00000000  00000080  RWIX
  INFOC                 00001880   00000080  00000000  00000080  RWIX
  INFOB                 00001900   00000080  00000000  00000080  RWIX
  INFOA                 00001980   00000080  00000000  00000080  RWIX
  RAM                   00002400   00002000  00000444  00001bbc  RWIX
  FLASH                 00004400   0000bb80  0000617f  00005a01  RWIX
  INT00                 0000ff80   00000002  00000000  00000002  RWIX
  INT01                 0000ff82   00000002  00000000  00000002  RWIX
  INT02                 0000ff84   00000002  00000000  00000002  RWIX
  INT03                 0000ff86   00000002  00000000  00000002  RWIX
  INT04                 0000ff88   00000002  00000000  00000002  RWIX
  INT05                 0000ff8a   00000002  00000000  00000002  RWIX
  INT06                 0000ff8c   00000002  00000000  00000002  RWIX
  INT07                 0000ff8e   00000002  00000000  00000002  RWIX
  INT08                 0000ff90   00000002  00000000  00000002  RWIX
  INT09                 0000ff92   00000002  00000000  00000002  RWIX
  INT10                 0000ff94   00000002  00000000  00000002  RWIX
  INT11                 0000ff96   00000002  00000000  00000002  RWIX
  INT12                 0000ff98   00000002  00000000  00000002  RWIX
  INT13                 0000ff9a   00000002  00000000  00000002  RWIX
  INT14                 0000ff9c   00000002  00000000  00000002  RWIX
  INT15                 0000ff9e   00000002  00000000  00000002  RWIX
  INT16                 0000ffa0   00000002  00000000  00000002  RWIX
  INT17                 0000ffa2   00000002  00000000  00000002  RWIX
  INT18                 0000ffa4   00000002  00000000  00000002  RWIX
  INT19                 0000ffa6   00000002  00000000  00000002  RWIX
  INT20                 0000ffa8   00000002  00000000  00000002  RWIX
  INT21                 0000ffaa   00000002  00000000  00000002  RWIX
  INT22                 0000ffac   00000002  00000000  00000002  RWIX
  INT23                 0000ffae   00000002  00000000  00000002  RWIX
  INT24                 0000ffb0   00000002  00000000  00000002  RWIX
  INT25                 0000ffb2   00000002  00000000  00000002  RWIX
  INT26                 0000ffb4   00000002  00000000  00000002  RWIX
  INT27                 0000ffb6   00000002  00000000  00000002  RWIX
  INT28                 0000ffb8   00000002  00000000  00000002  RWIX
  INT29                 0000ffba   00000002  00000000  00000002  RWIX
  INT30                 0000ffbc   00000002  00000000  00000002  RWIX
  INT31                 0000ffbe   00000002  00000000  00000002  RWIX
  INT32                 0000ffc0   00000002  00000000  00000002  RWIX
  INT33                 0000ffc2   00000002  00000000  00000002  RWIX
  INT34                 0000ffc4   00000002  00000000  00000002  RWIX
  INT35                 0000ffc6   00000002  00000000  00000002  RWIX
  INT36                 0000ffc8   00000002  00000000  00000002  RWIX
  INT37                 0000ffca   00000002  00000000  00000002  RWIX
  INT38                 0000ffcc   00000002  00000000  00000002  RWIX
  INT39                 0000ffce   00000002  00000000  00000002  RWIX
  INT40                 0000ffd0   00000002  00000000  00000002  RWIX
  INT41                 0000ffd2   00000002  00000000  00000002  RWIX
  INT42                 0000ffd4   00000002  00000000  00000002  RWIX
  INT43                 0000ffd6   00000002  00000000  00000002  RWIX
  INT44                 0000ffd8   00000002  00000000  00000002  RWIX
  INT45                 0000ffda   00000002  00000000  00000002  RWIX
  INT46                 0000ffdc   00000002  00000000  00000002  RWIX
  INT47                 0000ffde   00000002  00000002  00000000  RWIX
  INT48                 0000ffe0   00000002  00000000  00000002  RWIX
  INT49                 0000ffe2   00000002  00000000  00000002  RWIX
  INT50                 0000ffe4   00000002  00000000  00000002  RWIX
  INT51                 0000ffe6   00000002  00000002  00000000  RWIX
  INT52                 0000ffe8   00000002  00000000  00000002  RWIX
  INT53                 0000ffea   00000002  00000002  00000000  RWIX
  INT54                 0000ffec   00000002  00000000  00000002  RWIX
  INT55                 0000ffee   00000002  00000000  00000002  RWIX
  INT56                 0000fff0   00000002  00000000  00000002  RWIX
  INT57                 0000fff2   00000002  00000000  00000002  RWIX
  INT58                 0000fff4   00000002  00000000  00000002  RWIX
  INT59                 0000fff6   00000002  00000000  00000002  RWIX
  INT60                 0000fff8   00000002  00000000  00000002  RWIX
  INT61                 0000fffa   00000002  00000002  00000000  RWIX
  INT62                 0000fffc   00000002  00000000  00000002  RWIX
  RESET                 0000fffe   00000002  00000002  00000000  RWIX
  FLASH2                00010000   00014400  00000000  00014400  RWIX


SECTION ALLOCATION MAP

 output                                  attributes/
section   page    origin      length       input sections
--------  ----  ----------  ----------   ----------------
.pinit     0    00004400    00000000     UNINITIALIZED

.bss       0    00002400    000003a4     UNINITIALIZED
                  00002400    000001bc     main.obj (.bss)
                  000025bc    0000015e     bq_pack.obj (.bss)
                  0000271a    00000048     usb.obj (.bss)
                  00002762    00000029     UsbCdc.obj (.bss)
                  0000278b    00000001     --HOLE--
                  0000278c    00000008     dma.obj (.bss)
                  00002794    00000008     rts430x_lc_rd.lib : _lock.obj (.bss)
                  0000279c    00000008                       : boot.obj (.bss)

.stack     0    00004360    000000a0     UNINITIALIZED
                  00004360    00000004     rts430x_lc_rd.lib : boot.obj (.stack)
                  00004364    0000009c     --HOLE--

.text:_isr 
*          0    00004400    000001ea     
                  00004400    0000012c     UsbIsr.obj (.text:_isr:iUsbInterruptHandler)
                  0000452c    00000042     main.obj (.text:_isr:Timer1SecISR)
                  0000456e    00000036     main.obj (.text:_isr:UNMI_ISR)
                  000045a4    0000002a     rts430x_lc_rd.lib : boot.obj (.text:_isr:_c_int00_noexit)
                  000045ce    0000001c     main.obj (.text:_isr:PORT_ISR)

.cinit     0    000045ea    000000be     
                  000045ea    00000092     main.obj (.cinit)
                  0000467c    00000017     usb.obj (.cinit)
                  00004693    00000001     --HOLE-- [fill = 0]
                  00004694    0000000a     UsbCdc.obj (.cinit)
                  0000469e    00000007     bq_pack.obj (.cinit)
                  000046a5    00000001     --HOLE-- [fill = 0]
                  000046a6    00000002     (.pad.cinit) [fill = 0]

.text      0    000046a8    0000544c     
                  000046a8    000007e4     main.obj (.text:USBCommunicationTask)
                  00004e8c    0000038e     rts430x_lc_rd.lib : llmath.obj (.text:__divull)
                  0000521a    0000028c     main.obj (.text:SendFaultMessageToHost)
                  000054a6    00000288     main.obj (.text:SendAlertMessageToHost)
                  0000572e    00000228     rts430x_lc_rd.lib : _printfi.obj (.text:_setfield)
                  00005956    0000020e                       : _printfi.obj (.text:_printfi)
                  00005b64    000001d0     bq_pack.obj (.text:update_op_mode)
                  00005d34    000001c4     bq_pack.obj (.text:update_bq_pack_data)
                  00005ef8    000001a2     rts430x_lc_rd.lib : _printfi.obj (.text:_pproc_fge)
                  0000609a    00000188                       : _printfi.obj (.text:_getarg_diouxp)
                  00006222    00000188     bq_pack.obj (.text:check_for_cuv)
                  000063aa    0000017c     rts430x_lc_rd.lib : _printfi.obj (.text:ecvt)
                  00006526    0000017a     UsbCdc.obj (.text:USBCDC_receiveData)
                  000066a0    0000016c     bq_pack.obj (.text:CellBalancing)
                  0000680c    0000016c     rts430x_lc_rd.lib : _printfi.obj (.text:fcvt)
                  00006978    00000156                       : _printfi.obj (.text:_pconv_e)
                  00006ace    00000142     spi_if.obj (.text:spi_read_reg)
                  00006c10    0000013c     bq_pack.obj (.text:conf_bq_dev)
                  00006d4c    00000138     main.obj (.text:main)
                  00006e84    00000130     rts430x_lc_rd.lib : fs_add.obj (.text)
                  00006fb4    0000011e                       : _printfi.obj (.text:_pproc_diouxp)
                  000070d2    00000104                       : _printfi.obj (.text:_pconv_g)
                  000071d6    00000102                       : _printfi.obj (.text:_ltostr)
                  000072d8    00000100                       : _printfi.obj (.text:_pproc_fwp)
                  000073d8    000000ec     UsbCdc.obj (.text:CdcToHostFromBuffer)
                  000074c4    000000e6     UsbCdc.obj (.text:CdcToBufferFromHost)
                  000075aa    000000d8     hal_UCS.obj (.text:Init_FLL)
                  00007682    000000d8     usb.obj (.text:USB_InitSerialStringDescriptor)
                  0000775a    000000d0     bq_pack.obj (.text:init_bq_dev_data_structure)
                  0000782a    000000ce     usb.obj (.text:USB_reset)
                  000078f8    000000b8     spi_if.obj (.text:spi_write_reg)
                  000079b0    000000b6     rts430x_lc_rd.lib : fs_mpy.obj (.text)
                  00007a66    000000ac     main.obj (.text:InitBQ76PL536ports)
                  00007b12    000000a8     rts430x_lc_rd.lib : _printfi.obj (.text:_pproc_str)
                  00007bba    000000a4     bq_pack.obj (.text:bq_pack_init)
                  00007c5e    000000a4     usb.obj (.text:usbDecodeAndProcessUsbRequest)
                  00007d02    0000009e     bq_pack.obj (.text:bq_pack_address_discovery)
                  00007da0    00000096     usb.obj (.text:USB_connectionState)
                  00007e36    00000096     bq_pack.obj (.text:check_for_cov)
                  00007ecc    00000092     bq_pack.obj (.text:bq_dev_read_errors)
                  00007f5e    0000008e     rts430x_lc_rd.lib : fs_div.obj (.text)
                  00007fec    0000008c     bq_pack.obj (.text:bq_dev_clear_alerts)
                  00008078    0000008c     bq_pack.obj (.text:bq_dev_clear_faults)
                  00008104    00000088     rts430x_lc_rd.lib : _printfi.obj (.text:_ecpy)
                  0000818c    00000086     usb.obj (.text:USB_enable)
                  00008212    00000086     rts430x_lc_rd.lib : _printfi.obj (.text:_div)
                  00008298    00000080                       : ltoa.obj (.text:ltoa)
                  00008318    0000007e                       : _printfi.obj (.text:_mcpy)
                  00008396    0000007e                       : fs_tol.obj (.text)
                  00008414    00000076                       : _printfi.obj (.text:_pconv_f)
                  0000848a    00000074     usb.obj (.text:usbSendNextPacketOnIEP0)
                  000084fe    0000006e     bq_pack.obj (.text:bq_dev_read_cell_voltage)
                  0000856c    0000006c     UsbCdc.obj (.text:CopyUsbToBuff)
                  000085d8    0000006c     UsbCdc.obj (.text:USBCDC_intfStatus)
                  00008644    0000006c     bq_pack.obj (.text:update_bq_pack_timer)
                  000086b0    0000006c     usb.obj (.text:usbGetEndpointStatus)
                  0000871c    0000006a     bq_pack.obj (.text:bq_dev_read_temps)
                  00008786    00000068     bq_pack.obj (.text:check_for_charge_op)
                  000087ee    00000068     bq_pack.obj (.text:check_for_discharge_op)
                  00008856    00000062     rts430x_lc_rd.lib : atoi.obj (.text:atoi)
                  000088b8    00000062     bq_pack.obj (.text:find_imbalanced_cell)
                  0000891a    0000005c     UsbCdc.obj (.text:USBCDC_bytesInUSBBuffer)
                  00008976    0000005a     USBCDC_constructs.obj (.text:sendData_waitTilDone)
                  000089d0    00000058     rts430x_lc_rd.lib : mult64_f5hw.obj (.text:__mpyll)
                  00008a28    00000058                       : div32u.obj (.text)
                  00008a80    00000054     usb.obj (.text:USB_init)
                  00008ad4    00000054     rts430x_lc_rd.lib : autoinit.obj (.text:_auto_init)
                  00008b28    00000050     TLV.obj (.text:Get_TLV_info)
                  00008b78    00000050     usb.obj (.text:usbSetEndpointFeature)
                  00008bc8    0000004e     rts430x_lc_rd.lib : _printfi.obj (.text:_fcpy)
                  00008c16    0000004a                       : fs_cmp.obj (.text)
                  00008c60    0000004a                       : fs_ltof.obj (.text)
                  00008caa    0000004a     usb.obj (.text:usbGetStringDescriptor)
                  00008cf4    00000048     bq_pack.obj (.text:CheckChargeDischargeModes)
                  00008d3c    00000048     usb.obj (.text:usbReceiveNextPacketOnOEP0)
                  00008d84    00000046     hal_pmm.obj (.text:SetVCoreUp)
                  00008dca    00000046     rts430x_lc_rd.lib : _printfi.obj (.text:_pproc_fflags)
                  00008e10    00000046     bq_pack.obj (.text:copy_cell_voltage_values)
                  00008e56    00000046     rts430x_lc_rd.lib : fs_tou.obj (.text)
                  00008e9c    00000044     UsbIsr.obj (.text:SetupPacketInterruptHandler)
                  00008ee0    00000044     UsbCdc.obj (.text:USBCDC_sendData)
                  00008f24    00000044     rts430x_lc_rd.lib : sprintf.obj (.text:sprintf)
                  00008f68    00000044     usb.obj (.text:usbClearEndpointFeature)
                  00008fac    00000042     main.obj (.text:InitMCU)
                  00008fee    00000042     UsbIsr.obj (.text:PWRVBUSoffHandler)
                  00009030    00000042     bq_pack.obj (.text:enable_bypass_resistor)
                  00009072    00000042     spi_if.obj (.text:init_spi)
                  000090b4    00000040     bq_pack.obj (.text:CheckEndOfChargeOrDischargeModes)
                  000090f4    00000040     rts430x_lc_rd.lib : div32s.obj (.text)
                  00009134    0000003e     hal_UCS.obj (.text:Init_FLL_Settle)
                  00009172    0000003e     dma.obj (.text:USB_initMemcpy)
                  000091b0    0000003e     rts430x_lc_rd.lib : llmath.obj (.text:__lslll)
                  000091ee    0000003e                       : llmath.obj (.text:__lsrll)
                  0000922c    0000003e                       : lsl32.obj (.text:l_lsl_const)
                  0000926a    0000003e                       : lsr32.obj (.text:l_lsr_const)
                  000092a8    0000003c     hal_pmm.obj (.text:SetVCoreDown)
                  000092e4    0000003c     rts430x_lc_rd.lib : xfdtest.obj (.text:_FDtest)
                  00009320    0000003c     USBCDC_constructs.obj (.text:receiveDataInBuffer)
                  0000935c    0000003a     UsbCdc.obj (.text:usbGetLineCoding)
                  00009396    00000038     main.obj (.text:BQAlertSignalTask)
                  000093ce    00000038     main.obj (.text:BQFaultSignalTask)
                  00009406    00000038     main.obj (.text:Init_Clock)
                  0000943e    00000032     bq_pack.obj (.text:BatteryPackManager)
                  00009470    00000032     usb.obj (.text:USB_connectionInfo)
                  000094a2    00000032     usb.obj (.text:USB_suspend)
                  000094d4    00000032     rts430x_lc_rd.lib : memccpy.obj (.text:memccpy)
                  00009506    00000032     usb.obj (.text:usbSetAddress)
                  00009538    00000030     UsbIsr.obj (.text:PWRVBUSonHandler)
                  00009568    00000030     hal_pmm.obj (.text:SetVCore)
                  00009598    0000002e     UsbCdc.obj (.text:Handler_SetLineCoding)
                  000095c6    0000002e     main.obj (.text:Init_Ports)
                  000095f4    0000002c     UsbIsr.obj (.text:OEP0InterruptHandler)
                  00009620    0000002a     UsbCdc.obj (.text:CdcResetData)
                  0000964a    00000028     usb.obj (.text:USB_connect)
                  00009672    00000028     dma.obj (.text:memcpyDMA1)
                  0000969a    00000028     usb.obj (.text:usbGetDeviceStatus)
                  000096c2    00000026     bq_pack.obj (.text:disable_all_bypass_resistors)
                  000096e8    00000026     usb.obj (.text:usbSetConfiguration)
                  0000970e    00000024     main.obj (.text:Init1SecTimer)
                  00009732    00000022     usb.obj (.text:USB_disable)
                  00009754    00000022     rts430x_lc_rd.lib : mult32_f5hw.obj (.text)
                  00009776    00000022     usb.obj (.text:usbClearDeviceFeature)
                  00009798    00000022     usb.obj (.text:usbSetDeviceFeature)
                  000097ba    00000020     main.obj (.text:DRDYSignalTask)
                  000097da    00000020     rts430x_lc_rd.lib : sprintf.obj (.text:_outs)
                  000097fa    00000020     usb.obj (.text:usbSendDataPacketOnEP0)
                  0000981a    0000001e     hal_UCS.obj (.text:XT2_Start)
                  00009838    0000001c     UsbIsr.obj (.text:IEP0InterruptHandler)
                  00009854    0000001a     usb.obj (.text:usbGetInterface)
                  0000986e    0000001a     usb.obj (.text:usbGetInterfaceStatus)
                  00009888    00000018     usb.obj (.text:USB_resume)
                  000098a0    00000018     rts430x_lc_rd.lib : xfdclass.obj (.text:_FDclass)
                  000098b8    00000018     spi_if.obj (.text:calculate_crc)
                  000098d0    00000018     usb.obj (.text:usbSetInterface)
                  000098e8    00000016     rts430x_lc_rd.lib : memset.obj (.text:memset)
                  000098fe    00000016                       : div16u.obj (.text)
                  00009914    00000016                       : mult16_f5hw.obj (.text)
                  0000992a    00000016                       : strlen.obj (.text:strlen)
                  00009940    00000014     usb_eventHandling.obj (.text:USB_handleVbusOnEvent)
                  00009954    00000014     rts430x_lc_rd.lib : sprintf.obj (.text:_outc)
                  00009968    00000014                       : memcpy.obj (.text:memcpy)
                  0000997c    00000014     usb.obj (.text:usbReceiveDataPacketOnEP0)
                  00009990    00000012     data_flash.obj (.text:get_u32_value)
                  000099a2    00000012     rts430x_lc_rd.lib : toupper.obj (.text:toupper)
                  000099b4    00000012     usb.obj (.text:usbGetConfigurationDescriptor)
                  000099c6    00000012     usb.obj (.text:usbGetDeviceDescriptor)
                  000099d8    00000010     bq_pack.obj (.text:CheckFaultConditions)
                  000099e8    00000010     rts430x_lc_rd.lib : lsr32.obj (.text:l_lsr)
                  000099f8    00000010     usb.obj (.text:usbGetConfiguration)
                  00009a08    00000010     usb.obj (.text:usbInvalidRequest)
                  00009a18    0000000e     main.obj (.text:BQ76PL536_ALERT_ISR)
                  00009a26    0000000e     main.obj (.text:BQ76PL536_DRDY_ISR)
                  00009a34    0000000e     main.obj (.text:BQ76PL536_FAULT_ISR)
                  00009a42    0000000e     UsbCdc.obj (.text:CdcIsReceiveInProgress)
                  00009a50    0000000e     main.obj (.text:NotUsedPortISR)
                  00009a5e    0000000e     bq_pack.obj (.text:bq_pack_start_conv)
                  00009a6c    0000000e     usb.obj (.text:usbSendZeroLengthPacketOnIEP0)
                  00009a7a    0000000a     rts430x_lc_rd.lib : abs.obj (.text:abs)
                  00009a84    0000000a                       : fs_neg.obj (.text)
                  00009a8e    0000000a                       : lsl16.obj (.text)
                  00009a98    00000008     main.obj (.text:Timer1SecExpiredTask)
                  00009aa0    00000008     usb_eventHandling.obj (.text:USBCDC_handleDataReceived)
                  00009aa8    00000008     usb_eventHandling.obj (.text:USBCDC_handleReceiveCompleted)
                  00009ab0    00000008     usb_eventHandling.obj (.text:USBCDC_handleSendCompleted)
                  00009ab8    00000008     usb.obj (.text:USB_setEnabledEvents)
                  00009ac0    00000008     UsbCdc.obj (.text:usbSetLineCoding)
                  00009ac8    00000006     main.obj (.text:GoToLowPowerMode)
                  00009ace    00000004     usb_eventHandling.obj (.text:USB_handleClockEvent)
                  00009ad2    00000004     usb_eventHandling.obj (.text:USB_handleEnumCompleteEvent)
                  00009ad6    00000004     usb_eventHandling.obj (.text:USB_handleResetEvent)
                  00009ada    00000004     usb_eventHandling.obj (.text:USB_handleResumeEvent)
                  00009ade    00000004     usb_eventHandling.obj (.text:USB_handleSuspendEvent)
                  00009ae2    00000004     usb_eventHandling.obj (.text:USB_handleVbusOffEvent)
                  00009ae6    00000004     rts430x_lc_rd.lib : pre_init.obj (.text:_system_pre_init)
                  00009aea    00000004                       : exit.obj (.text:abort)
                  00009aee    00000004     UsbCdc.obj (.text:usbSetControlLineState)
                  00009af2    00000002     rts430x_lc_rd.lib : _lock.obj (.text:_nop)

.const     0    00009af4    00000a8b     
                  00009af4    00000460     main.obj (.const:.string)
                  00009f54    0000013c     bq_pack.obj (.const:.string)
                  0000a090    0000010a     usb.obj (.const:tUsbRequestList)
                  0000a19a    00000101     rts430x_lc_rd.lib : ctype.obj (.const:.string:_ctypes_)
                  0000a29b    00000001     --HOLE-- [fill = 0]
                  0000a29c    00000100     spi_if.obj (.const:.string:CrcTable)
                  0000a39c    0000009c     descriptors.obj (.const:.string:abromStringDescriptor)
                  0000a438    00000088     data_flash.obj (.const:DATA_FLASH)
                  0000a4c0    00000050     spi_if.obj (.const:.string:spi_regs_rw_mask)
                  0000a510    00000035     descriptors.obj (.const:.string:abromConfigurationDescriptorGroup)
                  0000a545    00000001     --HOLE-- [fill = 0]
                  0000a546    00000024     rts430x_lc_rd.lib : _printfi.obj (.const:.string)
                  0000a56a    00000012     descriptors.obj (.const:.string:abromDeviceDescriptor)
                  0000a57c    00000003     UsbCdc.obj (.const)

.int47     0    0000ffde    00000002     
                  0000ffde    00000002     main.obj (.int47)

.int51     0    0000ffe6    00000002     
                  0000ffe6    00000002     UsbIsr.obj (.int51)

.int53     0    0000ffea    00000002     
                  0000ffea    00000002     main.obj (.int53)

.int61     0    0000fffa    00000002     
                  0000fffa    00000002     main.obj (.int61)

.reset     0    0000fffe    00000002     
                  0000fffe    00000002     rts430x_lc_rd.lib : boot.obj (.reset)


GLOBAL SYMBOLS: SORTED ALPHABETICALLY BY Name 

address    name
--------   ----
00002400   .bss
ffffffff   .text
00000700   ADC12CTL0
00000701   ADC12CTL0_H
00000700   ADC12CTL0_L
00000702   ADC12CTL1
00000703   ADC12CTL1_H
00000702   ADC12CTL1_L
00000704   ADC12CTL2
00000705   ADC12CTL2_H
00000704   ADC12CTL2_L
0000070c   ADC12IE
0000070d   ADC12IE_H
0000070c   ADC12IE_L
0000070a   ADC12IFG
0000070b   ADC12IFG_H
0000070a   ADC12IFG_L
0000070e   ADC12IV
0000070f   ADC12IV_H
0000070e   ADC12IV_L
00000710   ADC12MCTL0
00000711   ADC12MCTL1
0000071a   ADC12MCTL10
0000071b   ADC12MCTL11
0000071c   ADC12MCTL12
0000071d   ADC12MCTL13
0000071e   ADC12MCTL14
0000071f   ADC12MCTL15
00000712   ADC12MCTL2
00000713   ADC12MCTL3
00000714   ADC12MCTL4
00000715   ADC12MCTL5
00000716   ADC12MCTL6
00000717   ADC12MCTL7
00000718   ADC12MCTL8
00000719   ADC12MCTL9
00000720   ADC12MEM0
00000721   ADC12MEM0_H
00000720   ADC12MEM0_L
00000722   ADC12MEM1
00000734   ADC12MEM10
00000735   ADC12MEM10_H
00000734   ADC12MEM10_L
00000736   ADC12MEM11
00000737   ADC12MEM11_H
00000736   ADC12MEM11_L
00000738   ADC12MEM12
00000739   ADC12MEM12_H
00000738   ADC12MEM12_L
0000073a   ADC12MEM13
0000073b   ADC12MEM13_H
0000073a   ADC12MEM13_L
0000073c   ADC12MEM14
0000073d   ADC12MEM14_H
0000073c   ADC12MEM14_L
0000073e   ADC12MEM15
0000073f   ADC12MEM15_H
0000073e   ADC12MEM15_L
00000723   ADC12MEM1_H
00000722   ADC12MEM1_L
00000724   ADC12MEM2
00000725   ADC12MEM2_H
00000724   ADC12MEM2_L
00000726   ADC12MEM3
00000727   ADC12MEM3_H
00000726   ADC12MEM3_L
00000728   ADC12MEM4
00000729   ADC12MEM4_H
00000728   ADC12MEM4_L
0000072a   ADC12MEM5
0000072b   ADC12MEM5_H
0000072a   ADC12MEM5_L
0000072c   ADC12MEM6
0000072d   ADC12MEM6_H
0000072c   ADC12MEM6_L
0000072e   ADC12MEM7
0000072f   ADC12MEM7_H
0000072e   ADC12MEM7_L
00000730   ADC12MEM8
00000731   ADC12MEM8_H
00000730   ADC12MEM8_L
00000732   ADC12MEM9
00000733   ADC12MEM9_H
00000732   ADC12MEM9_L
00009396   BQAlertSignalTask
000093ce   BQFaultSignalTask
0000943e   BatteryPackManager
00009aea   C$$EXIT
000008c0   CBCTL0
000008c1   CBCTL0_H
000008c0   CBCTL0_L
000008c2   CBCTL1
000008c3   CBCTL1_H
000008c2   CBCTL1_L
000008c4   CBCTL2
000008c5   CBCTL2_H
000008c4   CBCTL2_L
000008c6   CBCTL3
000008c7   CBCTL3_H
000008c6   CBCTL3_L
000008cc   CBINT
000008cd   CBINT_H
000008cc   CBINT_L
000008ce   CBIV
0000250a   CPU_active_F
00000150   CRCDI
00000152   CRCDIRB
00000153   CRCDIRB_H
00000152   CRCDIRB_L
00000151   CRCDI_H
00000150   CRCDI_L
00000154   CRCINIRES
00000155   CRCINIRES_H
00000154   CRCINIRES_L
00000156   CRCRESR
00000157   CRCRESR_H
00000156   CRCRESR_L
00009a42   CdcIsReceiveInProgress
00009620   CdcResetData
000074c4   CdcToBufferFromHost
000073d8   CdcToHostFromBuffer
000066a0   CellBalancing
00008cf4   CheckChargeDischargeModes
000090b4   CheckEndOfChargeOrDischargeModes
000099d8   CheckFaultConditions
00002510   Check_F
0000856c   CopyUsbToBuff
0000a29c   CrcTable
0000a438   DATA_FLASH
00000510   DMA0CTL
00000511   DMA0CTL_H
00000510   DMA0CTL_L
00000516   DMA0DA
00000516   DMA0DAL
00000512   DMA0SA
00000512   DMA0SAL
0000051a   DMA0SZ
00000520   DMA1CTL
00000521   DMA1CTL_H
00000520   DMA1CTL_L
00000526   DMA1DA
00000528   DMA1DAH
00000526   DMA1DAL
00000522   DMA1SA
00000524   DMA1SAH
00000522   DMA1SAL
0000052a   DMA1SZ
00000530   DMA2CTL
00000531   DMA2CTL_H
00000530   DMA2CTL_L
00000536   DMA2DA
00000538   DMA2DAH
00000536   DMA2DAL
00000532   DMA2SA
00000534   DMA2SAH
00000532   DMA2SAL
0000053a   DMA2SZ
00000500   DMACTL0
00000501   DMACTL0_H
00000500   DMACTL0_L
00000502   DMACTL1
00000503   DMACTL1_H
00000502   DMACTL1_L
00000504   DMACTL2
00000505   DMACTL2_H
00000504   DMACTL2_L
00000506   DMACTL3
00000507   DMACTL3_H
00000506   DMACTL3_L
00000508   DMACTL4
00000509   DMACTL4_H
00000508   DMACTL4_L
0000050e   DMAIV
0000050f   DMAIV_H
0000050e   DMAIV_L
000097ba   DRDYSignalTask
00000140   FCTL1
00000141   FCTL1_H
00000140   FCTL1_L
00000144   FCTL3
00000145   FCTL3_H
00000144   FCTL3_L
00000146   FCTL4
00000147   FCTL4_H
00000146   FCTL4_L
00008b28   Get_TLV_info
00009ac8   GoToLowPowerMode
000026f8   HOST_CONTROL_IN
00009598   Handler_SetLineCoding
00009838   IEP0InterruptHandler
00009a8e   I_LSL
0000970e   Init1SecTimer
00007a66   InitBQ76PL536ports
00008fac   InitMCU
00009406   Init_Clock
00009134   Init_FLL_Settle
000095c6   Init_Ports
0000250e   LPM_F
00002512   LV_F
00009264   L_LSL_1
00009240   L_LSL_10
0000923c   L_LSL_11
00009238   L_LSL_12
00009234   L_LSL_13
00009230   L_LSL_14
0000922c   L_LSL_15
00009260   L_LSL_2
0000925c   L_LSL_3
00009258   L_LSL_4
00009254   L_LSL_5
00009250   L_LSL_6
0000924c   L_LSL_7
00009248   L_LSL_8
00009244   L_LSL_9
000099e8   L_LSR
000092a2   L_LSR_1
0000927e   L_LSR_10
0000927a   L_LSR_11
00009276   L_LSR_12
00009272   L_LSR_13
0000926e   L_LSR_14
0000926a   L_LSR_15
0000929e   L_LSR_2
0000929a   L_LSR_3
00009296   L_LSR_4
00009292   L_LSR_5
0000928e   L_LSR_6
0000928a   L_LSR_7
00009286   L_LSR_8
00009282   L_LSR_9
000004c4   MAC
000004da   MAC32H
000004db   MAC32H_H
000004da   MAC32H_L
000004d8   MAC32L
000004d9   MAC32L_H
000004d8   MAC32L_L
000004c6   MACS
000004de   MACS32H
000004df   MACS32H_H
000004de   MACS32H_L
000004dc   MACS32L
000004dd   MACS32L_H
000004dc   MACS32L_L
000004c7   MACS_H
000004c6   MACS_L
000004c5   MAC_H
000004c4   MAC_L
000004c0   MPY
000004ec   MPY32CTL0
000004ed   MPY32CTL0_H
000004ec   MPY32CTL0_L
000004d2   MPY32H
000004d3   MPY32H_H
000004d2   MPY32H_L
000004d0   MPY32L
000004d1   MPY32L_H
000004d0   MPY32L_L
000004c2   MPYS
000004d6   MPYS32H
000004d7   MPYS32H_H
000004d6   MPYS32H_L
000004d4   MPYS32L
000004d5   MPYS32L_H
000004d4   MPYS32L_L
000004c3   MPYS_H
000004c2   MPYS_L
000004c1   MPY_H
000004c0   MPY_L
00002514   NO_F
000095f4   OEP0InterruptHandler
000004c8   OP2
000004e2   OP2H
000004e3   OP2H_H
000004e2   OP2H_L
000004e0   OP2L
000004e1   OP2L_H
000004e0   OP2L_L
000004c9   OP2_H
000004c8   OP2_L
00002400   OutputString
0000020e   P1IV
0000021e   P2IV
000001e0   P4MAP01
000001e1   P4MAP01_H
000001e0   P4MAP01_L
000001e2   P4MAP23
000001e3   P4MAP23_H
000001e2   P4MAP23_L
000001e4   P4MAP45
000001e5   P4MAP45_H
000001e4   P4MAP45_L
000001e6   P4MAP67
000001e7   P4MAP67_H
000001e6   P4MAP67_L
00000204   PADIR
00000205   PADIR_H
00000204   PADIR_L
00000208   PADS
00000209   PADS_H
00000208   PADS_L
0000021a   PAIE
00000218   PAIES
00000219   PAIES_H
00000218   PAIES_L
0000021b   PAIE_H
0000021a   PAIE_L
0000021c   PAIFG
0000021d   PAIFG_H
0000021c   PAIFG_L
00000200   PAIN
00000201   PAIN_H
00000200   PAIN_L
00000202   PAOUT
00000203   PAOUT_H
00000202   PAOUT_L
00000206   PAREN
00000207   PAREN_H
00000206   PAREN_L
0000020a   PASEL
0000020b   PASEL_H
0000020a   PASEL_L
00000224   PBDIR
00000225   PBDIR_H
00000224   PBDIR_L
00000228   PBDS
00000229   PBDS_H
00000228   PBDS_L
00000220   PBIN
00000221   PBIN_H
00000220   PBIN_L
00000222   PBOUT
00000223   PBOUT_H
00000222   PBOUT_L
00000226   PBREN
00000227   PBREN_H
00000226   PBREN_L
0000022a   PBSEL
0000022b   PBSEL_H
0000022a   PBSEL_L
00000244   PCDIR
00000245   PCDIR_H
00000244   PCDIR_L
00000248   PCDS
00000249   PCDS_H
00000248   PCDS_L
00000240   PCIN
00000241   PCIN_H
00000240   PCIN_L
00000242   PCOUT
00000243   PCOUT_H
00000242   PCOUT_L
00000246   PCREN
00000247   PCREN_H
00000246   PCREN_L
0000024a   PCSEL
0000024b   PCSEL_H
0000024a   PCSEL_L
00000264   PDDIR
00000265   PDDIR_H
00000264   PDDIR_L
00000268   PDDS
00000269   PDDS_H
00000268   PDDS_L
00000260   PDIN
00000261   PDIN_H
00000260   PDIN_L
00000262   PDOUT
00000263   PDOUT_H
00000262   PDOUT_L
00000266   PDREN
00000267   PDREN_H
00000266   PDREN_L
0000026a   PDSEL
0000026b   PDSEL_H
0000026a   PDSEL_L
00000324   PJDIR
00000325   PJDIR_H
00000324   PJDIR_L
00000328   PJDS
00000329   PJDS_H
00000328   PJDS_L
00000320   PJIN
00000321   PJIN_H
00000320   PJIN_L
00000322   PJOUT
00000323   PJOUT_H
00000322   PJOUT_L
00000326   PJREN
00000327   PJREN_H
00000326   PJREN_L
00000130   PM5CTL0
00000131   PM5CTL0_H
00000130   PM5CTL0_L
000001c2   PMAPCTL
000001c3   PMAPCTL_H
000001c2   PMAPCTL_L
000001c0   PMAPKEYID
000001c1   PMAPKEYID_H
000001c0   PMAPKEYID_L
00000120   PMMCTL0
00000121   PMMCTL0_H
00000120   PMMCTL0_L
00000122   PMMCTL1
00000123   PMMCTL1_H
00000122   PMMCTL1_L
0000012c   PMMIFG
0000012d   PMMIFG_H
0000012c   PMMIFG_L
0000012e   PMMRIE
0000012f   PMMRIE_H
0000012e   PMMRIE_L
000045ce   PORT_ISR
00008fee   PWRVBUSoffHandler
00009538   PWRVBUSonHandler
00000158   RCCTL0
00000159   RCCTL0_H
00000158   RCCTL0_L
000001b0   REFCTL0
000001b1   REFCTL0_H
000001b0   REFCTL0_L
000004e4   RES0
000004e5   RES0_H
000004e4   RES0_L
000004e6   RES1
000004e7   RES1_H
000004e6   RES1_L
000004e8   RES2
000004e9   RES2_H
000004e8   RES2_L
000004ea   RES3
000004eb   RES3_H
000004ea   RES3_L
000004cc   RESHI
000004cd   RESHI_H
000004cc   RESHI_L
000004ca   RESLO
000004cb   RESLO_H
000004ca   RESLO_L
000004ba   RTCADOWDAY
000004bb   RTCADOWDAY_H
000004ba   RTCADOWDAY_L
000004b8   RTCAMINHR
000004b9   RTCAMINHR_H
000004b8   RTCAMINHR_L
000004a0   RTCCTL01
000004a1   RTCCTL01_H
000004a0   RTCCTL01_L
000004a2   RTCCTL23
000004a3   RTCCTL23_H
000004a2   RTCCTL23_L
000004b4   RTCDATE
000004b5   RTCDATE_H
000004b4   RTCDATE_L
000004ae   RTCIV
000004ac   RTCPS
000004a8   RTCPS0CTL
000004a9   RTCPS0CTL_H
000004a8   RTCPS0CTL_L
000004aa   RTCPS1CTL
000004ab   RTCPS1CTL_H
000004aa   RTCPS1CTL_L
000004ad   RTCPS_H
000004ac   RTCPS_L
000004b0   RTCTIM0
000004b1   RTCTIM0_H
000004b0   RTCTIM0_L
000004b2   RTCTIM1
000004b3   RTCTIM1_H
000004b2   RTCTIM1_L
000004b6   RTCYEAR
000004b7   RTCYEAR_H
000004b6   RTCYEAR_L
00000100   SFRIE1
00000101   SFRIE1_H
00000100   SFRIE1_L
00000102   SFRIFG1
00000103   SFRIFG1_H
00000102   SFRIFG1_L
00000104   SFRRPCR
00000105   SFRRPCR_H
00000104   SFRRPCR_L
000004ce   SUMEXT
000004cf   SUMEXT_H
000004ce   SUMEXT_L
00000124   SVSMHCTL
00000125   SVSMHCTL_H
00000124   SVSMHCTL_L
00000128   SVSMIO
00000129   SVSMIO_H
00000128   SVSMIO_L
00000126   SVSMLCTL
00000127   SVSMLCTL_H
00000126   SVSMLCTL_L
00000198   SYSBERRIV
00000199   SYSBERRIV_H
00000198   SYSBERRIV_L
00000182   SYSBSLC
00000183   SYSBSLC_H
00000182   SYSBSLC_L
00000180   SYSCTL
00000181   SYSCTL_H
00000180   SYSCTL_L
00000186   SYSJMBC
00000187   SYSJMBC_H
00000186   SYSJMBC_L
00000188   SYSJMBI0
00000189   SYSJMBI0_H
00000188   SYSJMBI0_L
0000018a   SYSJMBI1
0000018b   SYSJMBI1_H
0000018a   SYSJMBI1_L
0000018c   SYSJMBO0
0000018d   SYSJMBO0_H
0000018c   SYSJMBO0_L
0000018e   SYSJMBO1
0000018f   SYSJMBO1_H
0000018e   SYSJMBO1_L
0000019e   SYSRSTIV
0000019f   SYSRSTIV_H
0000019e   SYSRSTIV_L
0000019c   SYSSNIV
0000019d   SYSSNIV_H
0000019c   SYSSNIV_L
0000019a   SYSUNIV
0000019b   SYSUNIV_H
0000019a   SYSUNIV_L
000054a6   SendAlertMessageToHost
0000521a   SendFaultMessageToHost
00009568   SetVCore
000092a8   SetVCoreDown
00008d84   SetVCoreUp
00008e9c   SetupPacketInterruptHandler
00002480   StateMachineTaskPointer
00000352   TA0CCR0
00000354   TA0CCR1
00000356   TA0CCR2
00000358   TA0CCR3
0000035a   TA0CCR4
00000342   TA0CCTL0
00000344   TA0CCTL1
00000346   TA0CCTL2
00000348   TA0CCTL3
0000034a   TA0CCTL4
00000340   TA0CTL
00000360   TA0EX0
0000036e   TA0IV
00000350   TA0R
00000392   TA1CCR0
00000394   TA1CCR1
00000396   TA1CCR2
00000382   TA1CCTL0
00000384   TA1CCTL1
00000386   TA1CCTL2
00000380   TA1CTL
000003a0   TA1EX0
000003ae   TA1IV
00000390   TA1R
00000412   TA2CCR0
00000414   TA2CCR1
00000416   TA2CCR2
00000402   TA2CCTL0
00000404   TA2CCTL1
00000406   TA2CCTL2
00000400   TA2CTL
00000420   TA2EX0
0000042e   TA2IV
00000410   TA2R
000003d2   TB0CCR0
000003d4   TB0CCR1
000003d6   TB0CCR2
000003d8   TB0CCR3
000003da   TB0CCR4
000003dc   TB0CCR5
000003de   TB0CCR6
000003c2   TB0CCTL0
000003c4   TB0CCTL1
000003c6   TB0CCTL2
000003c8   TB0CCTL3
000003ca   TB0CCTL4
000003cc   TB0CCTL5
000003ce   TB0CCTL6
000003c0   TB0CTL
000003e0   TB0EX0
000003ee   TB0IV
000003d0   TB0R
00002508   TEST
00009a98   Timer1SecExpiredTask
0000452c   Timer1SecISR
000005d0   UCA0ABCTL
000005c6   UCA0BRW
000005c7   UCA0BRW_H
000005c6   UCA0BRW_L
000005c0   UCA0CTLW0
000005c1   UCA0CTLW0_H
000005c0   UCA0CTLW0_L
000005dc   UCA0ICTL
000005dd   UCA0ICTL_H
000005dc   UCA0ICTL_L
000005d2   UCA0IRCTL
000005d3   UCA0IRCTL_H
000005d2   UCA0IRCTL_L
000005de   UCA0IV
000005c8   UCA0MCTL
000005cc   UCA0RXBUF
000005ca   UCA0STAT
000005ce   UCA0TXBUF
00000610   UCA1ABCTL
00000606   UCA1BRW
00000607   UCA1BRW_H
00000606   UCA1BRW_L
00000600   UCA1CTLW0
00000601   UCA1CTLW0_H
00000600   UCA1CTLW0_L
0000061c   UCA1ICTL
0000061d   UCA1ICTL_H
0000061c   UCA1ICTL_L
00000612   UCA1IRCTL
00000613   UCA1IRCTL_H
00000612   UCA1IRCTL_L
0000061e   UCA1IV
00000608   UCA1MCTL
0000060c   UCA1RXBUF
0000060a   UCA1STAT
0000060e   UCA1TXBUF
000005e6   UCB0BRW
000005e7   UCB0BRW_H
000005e6   UCB0BRW_L
000005e0   UCB0CTLW0
000005e1   UCB0CTLW0_H
000005e0   UCB0CTLW0_L
000005f0   UCB0I2COA
000005f1   UCB0I2COA_H
000005f0   UCB0I2COA_L
000005f2   UCB0I2CSA
000005f3   UCB0I2CSA_H
000005f2   UCB0I2CSA_L
000005fc   UCB0ICTL
000005fd   UCB0ICTL_H
000005fc   UCB0ICTL_L
000005fe   UCB0IV
000005ec   UCB0RXBUF
000005ea   UCB0STAT
000005ee   UCB0TXBUF
00000626   UCB1BRW
00000627   UCB1BRW_H
00000626   UCB1BRW_L
00000620   UCB1CTLW0
00000621   UCB1CTLW0_H
00000620   UCB1CTLW0_L
00000630   UCB1I2COA
00000631   UCB1I2COA_H
00000630   UCB1I2COA_L
00000632   UCB1I2CSA
00000633   UCB1I2CSA_H
00000632   UCB1I2CSA_L
0000063c   UCB1ICTL
0000063d   UCB1ICTL_H
0000063c   UCB1ICTL_L
0000063e   UCB1IV
0000062c   UCB1RXBUF
0000062a   UCB1STAT
0000062e   UCB1TXBUF
00000160   UCSCTL0
00000161   UCSCTL0_H
00000160   UCSCTL0_L
00000162   UCSCTL1
00000163   UCSCTL1_H
00000162   UCSCTL1_L
00000164   UCSCTL2
00000165   UCSCTL2_H
00000164   UCSCTL2_L
00000166   UCSCTL3
00000167   UCSCTL3_H
00000166   UCSCTL3_L
00000168   UCSCTL4
00000169   UCSCTL4_H
00000168   UCSCTL4_L
0000016a   UCSCTL5
0000016b   UCSCTL5_H
0000016a   UCSCTL5_L
0000016c   UCSCTL6
0000016d   UCSCTL6_H
0000016c   UCSCTL6_L
0000016e   UCSCTL7
0000016f   UCSCTL7_H
0000016e   UCSCTL7_L
00000170   UCSCTL8
00000171   UCSCTL8_H
00000170   UCSCTL8_L
0000456e   UNMI_ISR
0000891a   USBCDC_bytesInUSBBuffer
00009aa0   USBCDC_handleDataReceived
00009aa8   USBCDC_handleReceiveCompleted
00009ab0   USBCDC_handleSendCompleted
000085d8   USBCDC_intfStatus
00006526   USBCDC_receiveData
00008ee0   USBCDC_sendData
00000902   USBCNF
00000903   USBCNF_H
00000902   USBCNF_L
0000093c   USBCTL
000046a8   USBCommunicationTask
0000093a   USBFN
0000093b   USBFN_H
0000093a   USBFN_L
0000093f   USBFUNADR
0000093d   USBIE
00002378   USBIEP0BUF
000023c9   USBIEPBBAX_1
000023d1   USBIEPBBAX_2
000023d9   USBIEPBBAX_3
000023e1   USBIEPBBAX_4
000023e9   USBIEPBBAX_5
000023f1   USBIEPBBAX_6
000023f9   USBIEPBBAX_7
000023cd   USBIEPBBAY_1
000023d5   USBIEPBBAY_2
000023dd   USBIEPBBAY_3
000023e5   USBIEPBBAY_4
000023ed   USBIEPBBAY_5
000023f5   USBIEPBBAY_6
000023fd   USBIEPBBAY_7
000023ca   USBIEPBCTX_1
000023d2   USBIEPBCTX_2
000023da   USBIEPBCTX_3
000023e2   USBIEPBCTX_4
000023ea   USBIEPBCTX_5
000023f2   USBIEPBCTX_6
000023fa   USBIEPBCTX_7
000023ce   USBIEPBCTY_1
000023d6   USBIEPBCTY_2
000023de   USBIEPBCTY_3
000023e6   USBIEPBCTY_4
000023ee   USBIEPBCTY_5
000023f6   USBIEPBCTY_6
000023fe   USBIEPBCTY_7
00000920   USBIEPCNF_0
000023c8   USBIEPCNF_1
000023d0   USBIEPCNF_2
000023d8   USBIEPCNF_3
000023e0   USBIEPCNF_4
000023e8   USBIEPCNF_5
000023f0   USBIEPCNF_6
000023f8   USBIEPCNF_7
00000921   USBIEPCNT_0
0000092e   USBIEPIE
00000930   USBIEPIFG
000023cf   USBIEPSIZXY_1
000023d7   USBIEPSIZXY_2
000023df   USBIEPSIZXY_3
000023e7   USBIEPSIZXY_4
000023ef   USBIEPSIZXY_5
000023f7   USBIEPSIZXY_6
000023ff   USBIEPSIZXY_7
0000093e   USBIFG
00000900   USBKEYID
00000901   USBKEYID_H
00000900   USBKEYID_L
00000936   USBMAINT
00000937   USBMAINT_H
00000936   USBMAINT_L
00002370   USBOEP0BUF
00002389   USBOEPBBAX_1
00002391   USBOEPBBAX_2
00002399   USBOEPBBAX_3
000023a1   USBOEPBBAX_4
000023a9   USBOEPBBAX_5
000023b1   USBOEPBBAX_6
000023b9   USBOEPBBAX_7
0000238d   USBOEPBBAY_1
00002395   USBOEPBBAY_2
0000239d   USBOEPBBAY_3
000023a5   USBOEPBBAY_4
000023ad   USBOEPBBAY_5
000023b5   USBOEPBBAY_6
000023bd   USBOEPBBAY_7
0000238a   USBOEPBCTX_1
00002392   USBOEPBCTX_2
0000239a   USBOEPBCTX_3
000023a2   USBOEPBCTX_4
000023aa   USBOEPBCTX_5
000023b2   USBOEPBCTX_6
000023ba   USBOEPBCTX_7
0000238e   USBOEPBCTY_1
00002396   USBOEPBCTY_2
0000239e   USBOEPBCTY_3
000023a6   USBOEPBCTY_4
000023ae   USBOEPBCTY_5
000023b6   USBOEPBCTY_6
000023be   USBOEPBCTY_7
00000922   USBOEPCNF_0
00002388   USBOEPCNF_1
00002390   USBOEPCNF_2
00002398   USBOEPCNF_3
000023a0   USBOEPCNF_4
000023a8   USBOEPCNF_5
000023b0   USBOEPCNF_6
000023b8   USBOEPCNF_7
00000923   USBOEPCNT_0
0000092f   USBOEPIE
00000931   USBOEPIFG
0000238f   USBOEPSIZXY_1
00002397   USBOEPSIZXY_2
0000239f   USBOEPSIZXY_3
000023a7   USBOEPSIZXY_4
000023af   USBOEPSIZXY_5
000023b7   USBOEPSIZXY_6
000023bf   USBOEPSIZXY_7
00000904   USBPHYCTL
00000905   USBPHYCTL_H
00000904   USBPHYCTL_L
00000910   USBPLLCTL
00000911   USBPLLCTL_H
00000910   USBPLLCTL_L
00000912   USBPLLDIVB
00000913   USBPLLDIVB_H
00000912   USBPLLDIVB_L
00000914   USBPLLIR
00000915   USBPLLIR_H
00000914   USBPLLIR_L
00000908   USBPWRCTL
00000909   USBPWRCTL_H
00000908   USBPWRCTL_L
00001c00   USBSTABUFF
00002380   USBSUBLK
0000236f   USBTOPBUFF
00000938   USBTSREG
00000939   USBTSREG_H
00000938   USBTSREG_L
00000932   USBVECINT
00000933   USBVECINT_H
00000932   USBVECINT_L
00007682   USB_InitSerialStringDescriptor
00002790   USB_RX_memcpy
0000278c   USB_TX_memcpy
0000964a   USB_connect
00009470   USB_connectionInfo
00007da0   USB_connectionState
00009732   USB_disable
0000818c   USB_enable
00009ace   USB_handleClockEvent
00009ad2   USB_handleEnumCompleteEvent
00009ad6   USB_handleResetEvent
00009ada   USB_handleResumeEvent
00009ade   USB_handleSuspendEvent
00009ae2   USB_handleVbusOffEvent
00009940   USB_handleVbusOnEvent
00008a80   USB_init
00009172   USB_initMemcpy
0000782a   USB_reset
00009888   USB_resume
00009ab8   USB_setEnabledEvents
000094a2   USB_suspend
0000015c   WDTCTL
0000015d   WDTCTL_H
0000015c   WDTCTL_L
0000981a   XT2_Start
000098a0   _FDclass
000092e4   _FDtest
00004400   __STACK_END
000000a0   __STACK_SIZE
00000001   __TI_args_main
00000001   __TI_auto_init
00000001   __TI_exit
ffffffff   __binit__
00002400   __bss__
ffffffff   __c_args__
000045ea   __cinit__
000090f4   __divli
000098fe   __divu
00008a28   __divul
00004e8c   __divull
000027a4   __end__
ffffffff   __etext__
00006e8a   __fs_add
00008c16   __fs_cmp
00007f5e   __fs_div
00008c60   __fs_ltof
000079b0   __fs_mpy
00009a84   __fs_neg
00006e84   __fs_sub
00008396   __fs_tol
00008e56   __fs_tou
000091b0   __lslll
000091ee   __lsrll
00009914   __mpyi_f5hw
00009754   __mpyl_f5hw
000089d0   __mpyll_f5hw
ffffffff   __pinit__
000090f4   __remli
000098fe   __remu
00008a28   __remul
ffffffff   __text__
00008ad4   _auto_init
000045a4   _c_int00
000045a4   _c_int00_noexit
0000279c   _cleanup_ptr
0000a19a   _ctypes_
000027a0   _dtors_ptr
00002794   _lock
00009af2   _nop
00005956   _printfi
0000fffe   _reset_vector
00004360   _stack
00009ae6   _system_pre_init
00002798   _unlock
00002378   abIEP0Buffer
00002370   abOEP0Buffer
00002732   abUsbRequestIncomingData
0000272a   abUsbRequestReturnData
00009aea   abort
0000273a   abramSerialStringDescriptor
0000a510   abromConfigurationDescriptorGroup
0000a56a   abromDeviceDescriptor
0000a39c   abromStringDescriptor
00009a7a   abs
00008856   atoi
00002485   bDataReceiveCompleted_event
00002484   bDataReceived_event
00002486   bDataSendCompleted_event
0000275e   bEnumerationStatus
0000275d   bFunctionSuspended
0000275c   bStatusAction
ffffffff   binit
00007fec   bq_dev_clear_alerts
00008078   bq_dev_clear_faults
000084fe   bq_dev_read_cell_voltage
00007ecc   bq_dev_read_errors
0000871c   bq_dev_read_temps
000025bc   bq_pack
00007d02   bq_pack_address_discovery
00007bba   bq_pack_init
00009a5e   bq_pack_start_conv
000098b8   calculate_crc
00008786   check_for_charge_op
00007e36   check_for_cov
00006222   check_for_cuv
000087ee   check_for_discharge_op
000045ea   cinit
00006c10   conf_bq_dev
00008e10   copy_cell_voltage_values
000096c2   disable_all_bypass_resistors
00009030   enable_bypass_resistor
000027a4   end
ffffffff   etext
000088b8   find_imbalanced_cell
00009990   get_u32_value
00004400   iUsbInterruptHandler
0000775a   init_bq_dev_data_structure
00009072   init_spi
0000250c   lpm_timer
00008298   ltoa
00006d4c   main
000094d4   memccpy
00009968   memcpy
00009672   memcpyDMA1
000098e8   memset
00002598   pBQ76PL536PortsISR
00001c00   pbXBufferAddressEp1
00001d00   pbXBufferAddressEp2
00001e00   pbXBufferAddressEp3
00001c80   pbXBufferAddressEp81
00001d80   pbXBufferAddressEp82
00001c40   pbYBufferAddressEp1
00001d40   pbYBufferAddressEp2
00001cc0   pbYBufferAddressEp81
00001dc0   pbYBufferAddressEp82
ffffffff   pinit
00009320   receiveDataInBuffer
00008976   sendData_waitTilDone
00006ace   spi_read_reg
0000a4c0   spi_regs_rw_mask
000078f8   spi_write_reg
00008f24   sprintf
0000992a   strlen
00000920   tEndPoint0DescriptorBlock
000023c8   tInputEndPointDescriptorBlock
00002388   tOutputEndPointDescriptorBlock
00002380   tSetupPacket
000099a2   toupper
00005d34   update_bq_pack_data
00008644   update_bq_pack_timer
00005b64   update_op_mode
00009776   usbClearDeviceFeature
00008f68   usbClearEndpointFeature
00007c5e   usbDecodeAndProcessUsbRequest
000099f8   usbGetConfiguration
000099b4   usbGetConfigurationDescriptor
000099c6   usbGetDeviceDescriptor
0000969a   usbGetDeviceStatus
000086b0   usbGetEndpointStatus
00009854   usbGetInterface
0000986e   usbGetInterfaceStatus
0000935c   usbGetLineCoding
00008caa   usbGetStringDescriptor
00009a08   usbInvalidRequest
0000997c   usbReceiveDataPacketOnEP0
00008d3c   usbReceiveNextPacketOnOEP0
000097fa   usbSendDataPacketOnEP0
0000848a   usbSendNextPacketOnIEP0
00009a6c   usbSendZeroLengthPacketOnIEP0
00009506   usbSetAddress
000096e8   usbSetConfiguration
00009aee   usbSetControlLineState
00009798   usbSetDeviceFeature
00008b78   usbSetEndpointFeature
000098d0   usbSetInterface
00009ac0   usbSetLineCoding
0000271c   wBytesRemainingOnIEP0
0000271e   wBytesRemainingOnOEP0
00002760   wUsbEventMask
00002488   wholeString


GLOBAL SYMBOLS: SORTED BY Symbol Address 

address    name
--------   ----
00000001   __TI_args_main
00000001   __TI_auto_init
00000001   __TI_exit
000000a0   __STACK_SIZE
00000100   SFRIE1
00000100   SFRIE1_L
00000101   SFRIE1_H
00000102   SFRIFG1
00000102   SFRIFG1_L
00000103   SFRIFG1_H
00000104   SFRRPCR
00000104   SFRRPCR_L
00000105   SFRRPCR_H
00000120   PMMCTL0
00000120   PMMCTL0_L
00000121   PMMCTL0_H
00000122   PMMCTL1
00000122   PMMCTL1_L
00000123   PMMCTL1_H
00000124   SVSMHCTL
00000124   SVSMHCTL_L
00000125   SVSMHCTL_H
00000126   SVSMLCTL
00000126   SVSMLCTL_L
00000127   SVSMLCTL_H
00000128   SVSMIO
00000128   SVSMIO_L
00000129   SVSMIO_H
0000012c   PMMIFG
0000012c   PMMIFG_L
0000012d   PMMIFG_H
0000012e   PMMRIE
0000012e   PMMRIE_L
0000012f   PMMRIE_H
00000130   PM5CTL0
00000130   PM5CTL0_L
00000131   PM5CTL0_H
00000140   FCTL1
00000140   FCTL1_L
00000141   FCTL1_H
00000144   FCTL3
00000144   FCTL3_L
00000145   FCTL3_H
00000146   FCTL4
00000146   FCTL4_L
00000147   FCTL4_H
00000150   CRCDI
00000150   CRCDI_L
00000151   CRCDI_H
00000152   CRCDIRB
00000152   CRCDIRB_L
00000153   CRCDIRB_H
00000154   CRCINIRES
00000154   CRCINIRES_L
00000155   CRCINIRES_H
00000156   CRCRESR
00000156   CRCRESR_L
00000157   CRCRESR_H
00000158   RCCTL0
00000158   RCCTL0_L
00000159   RCCTL0_H
0000015c   WDTCTL
0000015c   WDTCTL_L
0000015d   WDTCTL_H
00000160   UCSCTL0
00000160   UCSCTL0_L
00000161   UCSCTL0_H
00000162   UCSCTL1
00000162   UCSCTL1_L
00000163   UCSCTL1_H
00000164   UCSCTL2
00000164   UCSCTL2_L
00000165   UCSCTL2_H
00000166   UCSCTL3
00000166   UCSCTL3_L
00000167   UCSCTL3_H
00000168   UCSCTL4
00000168   UCSCTL4_L
00000169   UCSCTL4_H
0000016a   UCSCTL5
0000016a   UCSCTL5_L
0000016b   UCSCTL5_H
0000016c   UCSCTL6
0000016c   UCSCTL6_L
0000016d   UCSCTL6_H
0000016e   UCSCTL7
0000016e   UCSCTL7_L
0000016f   UCSCTL7_H
00000170   UCSCTL8
00000170   UCSCTL8_L
00000171   UCSCTL8_H
00000180   SYSCTL
00000180   SYSCTL_L
00000181   SYSCTL_H
00000182   SYSBSLC
00000182   SYSBSLC_L
00000183   SYSBSLC_H
00000186   SYSJMBC
00000186   SYSJMBC_L
00000187   SYSJMBC_H
00000188   SYSJMBI0
00000188   SYSJMBI0_L
00000189   SYSJMBI0_H
0000018a   SYSJMBI1
0000018a   SYSJMBI1_L
0000018b   SYSJMBI1_H
0000018c   SYSJMBO0
0000018c   SYSJMBO0_L
0000018d   SYSJMBO0_H
0000018e   SYSJMBO1
0000018e   SYSJMBO1_L
0000018f   SYSJMBO1_H
00000198   SYSBERRIV
00000198   SYSBERRIV_L
00000199   SYSBERRIV_H
0000019a   SYSUNIV
0000019a   SYSUNIV_L
0000019b   SYSUNIV_H
0000019c   SYSSNIV
0000019c   SYSSNIV_L
0000019d   SYSSNIV_H
0000019e   SYSRSTIV
0000019e   SYSRSTIV_L
0000019f   SYSRSTIV_H
000001b0   REFCTL0
000001b0   REFCTL0_L
000001b1   REFCTL0_H
000001c0   PMAPKEYID
000001c0   PMAPKEYID_L
000001c1   PMAPKEYID_H
000001c2   PMAPCTL
000001c2   PMAPCTL_L
000001c3   PMAPCTL_H
000001e0   P4MAP01
000001e0   P4MAP01_L
000001e1   P4MAP01_H
000001e2   P4MAP23
000001e2   P4MAP23_L
000001e3   P4MAP23_H
000001e4   P4MAP45
000001e4   P4MAP45_L
000001e5   P4MAP45_H
000001e6   P4MAP67
000001e6   P4MAP67_L
000001e7   P4MAP67_H
00000200   PAIN
00000200   PAIN_L
00000201   PAIN_H
00000202   PAOUT
00000202   PAOUT_L
00000203   PAOUT_H
00000204   PADIR
00000204   PADIR_L
00000205   PADIR_H
00000206   PAREN
00000206   PAREN_L
00000207   PAREN_H
00000208   PADS
00000208   PADS_L
00000209   PADS_H
0000020a   PASEL
0000020a   PASEL_L
0000020b   PASEL_H
0000020e   P1IV
00000218   PAIES
00000218   PAIES_L
00000219   PAIES_H
0000021a   PAIE
0000021a   PAIE_L
0000021b   PAIE_H
0000021c   PAIFG
0000021c   PAIFG_L
0000021d   PAIFG_H
0000021e   P2IV
00000220   PBIN
00000220   PBIN_L
00000221   PBIN_H
00000222   PBOUT
00000222   PBOUT_L
00000223   PBOUT_H
00000224   PBDIR
00000224   PBDIR_L
00000225   PBDIR_H
00000226   PBREN
00000226   PBREN_L
00000227   PBREN_H
00000228   PBDS
00000228   PBDS_L
00000229   PBDS_H
0000022a   PBSEL
0000022a   PBSEL_L
0000022b   PBSEL_H
00000240   PCIN
00000240   PCIN_L
00000241   PCIN_H
00000242   PCOUT
00000242   PCOUT_L
00000243   PCOUT_H
00000244   PCDIR
00000244   PCDIR_L
00000245   PCDIR_H
00000246   PCREN
00000246   PCREN_L
00000247   PCREN_H
00000248   PCDS
00000248   PCDS_L
00000249   PCDS_H
0000024a   PCSEL
0000024a   PCSEL_L
0000024b   PCSEL_H
00000260   PDIN
00000260   PDIN_L
00000261   PDIN_H
00000262   PDOUT
00000262   PDOUT_L
00000263   PDOUT_H
00000264   PDDIR
00000264   PDDIR_L
00000265   PDDIR_H
00000266   PDREN
00000266   PDREN_L
00000267   PDREN_H
00000268   PDDS
00000268   PDDS_L
00000269   PDDS_H
0000026a   PDSEL
0000026a   PDSEL_L
0000026b   PDSEL_H
00000320   PJIN
00000320   PJIN_L
00000321   PJIN_H
00000322   PJOUT
00000322   PJOUT_L
00000323   PJOUT_H
00000324   PJDIR
00000324   PJDIR_L
00000325   PJDIR_H
00000326   PJREN
00000326   PJREN_L
00000327   PJREN_H
00000328   PJDS
00000328   PJDS_L
00000329   PJDS_H
00000340   TA0CTL
00000342   TA0CCTL0
00000344   TA0CCTL1
00000346   TA0CCTL2
00000348   TA0CCTL3
0000034a   TA0CCTL4
00000350   TA0R
00000352   TA0CCR0
00000354   TA0CCR1
00000356   TA0CCR2
00000358   TA0CCR3
0000035a   TA0CCR4
00000360   TA0EX0
0000036e   TA0IV
00000380   TA1CTL
00000382   TA1CCTL0
00000384   TA1CCTL1
00000386   TA1CCTL2
00000390   TA1R
00000392   TA1CCR0
00000394   TA1CCR1
00000396   TA1CCR2
000003a0   TA1EX0
000003ae   TA1IV
000003c0   TB0CTL
000003c2   TB0CCTL0
000003c4   TB0CCTL1
000003c6   TB0CCTL2
000003c8   TB0CCTL3
000003ca   TB0CCTL4
000003cc   TB0CCTL5
000003ce   TB0CCTL6
000003d0   TB0R
000003d2   TB0CCR0
000003d4   TB0CCR1
000003d6   TB0CCR2
000003d8   TB0CCR3
000003da   TB0CCR4
000003dc   TB0CCR5
000003de   TB0CCR6
000003e0   TB0EX0
000003ee   TB0IV
00000400   TA2CTL
00000402   TA2CCTL0
00000404   TA2CCTL1
00000406   TA2CCTL2
00000410   TA2R
00000412   TA2CCR0
00000414   TA2CCR1
00000416   TA2CCR2
00000420   TA2EX0
0000042e   TA2IV
000004a0   RTCCTL01
000004a0   RTCCTL01_L
000004a1   RTCCTL01_H
000004a2   RTCCTL23
000004a2   RTCCTL23_L
000004a3   RTCCTL23_H
000004a8   RTCPS0CTL
000004a8   RTCPS0CTL_L
000004a9   RTCPS0CTL_H
000004aa   RTCPS1CTL
000004aa   RTCPS1CTL_L
000004ab   RTCPS1CTL_H
000004ac   RTCPS
000004ac   RTCPS_L
000004ad   RTCPS_H
000004ae   RTCIV
000004b0   RTCTIM0
000004b0   RTCTIM0_L
000004b1   RTCTIM0_H
000004b2   RTCTIM1
000004b2   RTCTIM1_L
000004b3   RTCTIM1_H
000004b4   RTCDATE
000004b4   RTCDATE_L
000004b5   RTCDATE_H
000004b6   RTCYEAR
000004b6   RTCYEAR_L
000004b7   RTCYEAR_H
000004b8   RTCAMINHR
000004b8   RTCAMINHR_L
000004b9   RTCAMINHR_H
000004ba   RTCADOWDAY
000004ba   RTCADOWDAY_L
000004bb   RTCADOWDAY_H
000004c0   MPY
000004c0   MPY_L
000004c1   MPY_H
000004c2   MPYS
000004c2   MPYS_L
000004c3   MPYS_H
000004c4   MAC
000004c4   MAC_L
000004c5   MAC_H
000004c6   MACS
000004c6   MACS_L
000004c7   MACS_H
000004c8   OP2
000004c8   OP2_L
000004c9   OP2_H
000004ca   RESLO
000004ca   RESLO_L
000004cb   RESLO_H
000004cc   RESHI
000004cc   RESHI_L
000004cd   RESHI_H
000004ce   SUMEXT
000004ce   SUMEXT_L
000004cf   SUMEXT_H
000004d0   MPY32L
000004d0   MPY32L_L
000004d1   MPY32L_H
000004d2   MPY32H
000004d2   MPY32H_L
000004d3   MPY32H_H
000004d4   MPYS32L
000004d4   MPYS32L_L
000004d5   MPYS32L_H
000004d6   MPYS32H
000004d6   MPYS32H_L
000004d7   MPYS32H_H
000004d8   MAC32L
000004d8   MAC32L_L
000004d9   MAC32L_H
000004da   MAC32H
000004da   MAC32H_L
000004db   MAC32H_H
000004dc   MACS32L
000004dc   MACS32L_L
000004dd   MACS32L_H
000004de   MACS32H
000004de   MACS32H_L
000004df   MACS32H_H
000004e0   OP2L
000004e0   OP2L_L
000004e1   OP2L_H
000004e2   OP2H
000004e2   OP2H_L
000004e3   OP2H_H
000004e4   RES0
000004e4   RES0_L
000004e5   RES0_H
000004e6   RES1
000004e6   RES1_L
000004e7   RES1_H
000004e8   RES2
000004e8   RES2_L
000004e9   RES2_H
000004ea   RES3
000004ea   RES3_L
000004eb   RES3_H
000004ec   MPY32CTL0
000004ec   MPY32CTL0_L
000004ed   MPY32CTL0_H
00000500   DMACTL0
00000500   DMACTL0_L
00000501   DMACTL0_H
00000502   DMACTL1
00000502   DMACTL1_L
00000503   DMACTL1_H
00000504   DMACTL2
00000504   DMACTL2_L
00000505   DMACTL2_H
00000506   DMACTL3
00000506   DMACTL3_L
00000507   DMACTL3_H
00000508   DMACTL4
00000508   DMACTL4_L
00000509   DMACTL4_H
0000050e   DMAIV
0000050e   DMAIV_L
0000050f   DMAIV_H
00000510   DMA0CTL
00000510   DMA0CTL_L
00000511   DMA0CTL_H
00000512   DMA0SA
00000512   DMA0SAL
00000516   DMA0DA
00000516   DMA0DAL
0000051a   DMA0SZ
00000520   DMA1CTL
00000520   DMA1CTL_L
00000521   DMA1CTL_H
00000522   DMA1SA
00000522   DMA1SAL
00000524   DMA1SAH
00000526   DMA1DA
00000526   DMA1DAL
00000528   DMA1DAH
0000052a   DMA1SZ
00000530   DMA2CTL
00000530   DMA2CTL_L
00000531   DMA2CTL_H
00000532   DMA2SA
00000532   DMA2SAL
00000534   DMA2SAH
00000536   DMA2DA
00000536   DMA2DAL
00000538   DMA2DAH
0000053a   DMA2SZ
000005c0   UCA0CTLW0
000005c0   UCA0CTLW0_L
000005c1   UCA0CTLW0_H
000005c6   UCA0BRW
000005c6   UCA0BRW_L
000005c7   UCA0BRW_H
000005c8   UCA0MCTL
000005ca   UCA0STAT
000005cc   UCA0RXBUF
000005ce   UCA0TXBUF
000005d0   UCA0ABCTL
000005d2   UCA0IRCTL
000005d2   UCA0IRCTL_L
000005d3   UCA0IRCTL_H
000005dc   UCA0ICTL
000005dc   UCA0ICTL_L
000005dd   UCA0ICTL_H
000005de   UCA0IV
000005e0   UCB0CTLW0
000005e0   UCB0CTLW0_L
000005e1   UCB0CTLW0_H
000005e6   UCB0BRW
000005e6   UCB0BRW_L
000005e7   UCB0BRW_H
000005ea   UCB0STAT
000005ec   UCB0RXBUF
000005ee   UCB0TXBUF
000005f0   UCB0I2COA
000005f0   UCB0I2COA_L
000005f1   UCB0I2COA_H
000005f2   UCB0I2CSA
000005f2   UCB0I2CSA_L
000005f3   UCB0I2CSA_H
000005fc   UCB0ICTL
000005fc   UCB0ICTL_L
000005fd   UCB0ICTL_H
000005fe   UCB0IV
00000600   UCA1CTLW0
00000600   UCA1CTLW0_L
00000601   UCA1CTLW0_H
00000606   UCA1BRW
00000606   UCA1BRW_L
00000607   UCA1BRW_H
00000608   UCA1MCTL
0000060a   UCA1STAT
0000060c   UCA1RXBUF
0000060e   UCA1TXBUF
00000610   UCA1ABCTL
00000612   UCA1IRCTL
00000612   UCA1IRCTL_L
00000613   UCA1IRCTL_H
0000061c   UCA1ICTL
0000061c   UCA1ICTL_L
0000061d   UCA1ICTL_H
0000061e   UCA1IV
00000620   UCB1CTLW0
00000620   UCB1CTLW0_L
00000621   UCB1CTLW0_H
00000626   UCB1BRW
00000626   UCB1BRW_L
00000627   UCB1BRW_H
0000062a   UCB1STAT
0000062c   UCB1RXBUF
0000062e   UCB1TXBUF
00000630   UCB1I2COA
00000630   UCB1I2COA_L
00000631   UCB1I2COA_H
00000632   UCB1I2CSA
00000632   UCB1I2CSA_L
00000633   UCB1I2CSA_H
0000063c   UCB1ICTL
0000063c   UCB1ICTL_L
0000063d   UCB1ICTL_H
0000063e   UCB1IV
00000700   ADC12CTL0
00000700   ADC12CTL0_L
00000701   ADC12CTL0_H
00000702   ADC12CTL1
00000702   ADC12CTL1_L
00000703   ADC12CTL1_H
00000704   ADC12CTL2
00000704   ADC12CTL2_L
00000705   ADC12CTL2_H
0000070a   ADC12IFG
0000070a   ADC12IFG_L
0000070b   ADC12IFG_H
0000070c   ADC12IE
0000070c   ADC12IE_L
0000070d   ADC12IE_H
0000070e   ADC12IV
0000070e   ADC12IV_L
0000070f   ADC12IV_H
00000710   ADC12MCTL0
00000711   ADC12MCTL1
00000712   ADC12MCTL2
00000713   ADC12MCTL3
00000714   ADC12MCTL4
00000715   ADC12MCTL5
00000716   ADC12MCTL6
00000717   ADC12MCTL7
00000718   ADC12MCTL8
00000719   ADC12MCTL9
0000071a   ADC12MCTL10
0000071b   ADC12MCTL11
0000071c   ADC12MCTL12
0000071d   ADC12MCTL13
0000071e   ADC12MCTL14
0000071f   ADC12MCTL15
00000720   ADC12MEM0
00000720   ADC12MEM0_L
00000721   ADC12MEM0_H
00000722   ADC12MEM1
00000722   ADC12MEM1_L
00000723   ADC12MEM1_H
00000724   ADC12MEM2
00000724   ADC12MEM2_L
00000725   ADC12MEM2_H
00000726   ADC12MEM3
00000726   ADC12MEM3_L
00000727   ADC12MEM3_H
00000728   ADC12MEM4
00000728   ADC12MEM4_L
00000729   ADC12MEM4_H
0000072a   ADC12MEM5
0000072a   ADC12MEM5_L
0000072b   ADC12MEM5_H
0000072c   ADC12MEM6
0000072c   ADC12MEM6_L
0000072d   ADC12MEM6_H
0000072e   ADC12MEM7
0000072e   ADC12MEM7_L
0000072f   ADC12MEM7_H
00000730   ADC12MEM8
00000730   ADC12MEM8_L
00000731   ADC12MEM8_H
00000732   ADC12MEM9
00000732   ADC12MEM9_L
00000733   ADC12MEM9_H
00000734   ADC12MEM10
00000734   ADC12MEM10_L
00000735   ADC12MEM10_H
00000736   ADC12MEM11
00000736   ADC12MEM11_L
00000737   ADC12MEM11_H
00000738   ADC12MEM12
00000738   ADC12MEM12_L
00000739   ADC12MEM12_H
0000073a   ADC12MEM13
0000073a   ADC12MEM13_L
0000073b   ADC12MEM13_H
0000073c   ADC12MEM14
0000073c   ADC12MEM14_L
0000073d   ADC12MEM14_H
0000073e   ADC12MEM15
0000073e   ADC12MEM15_L
0000073f   ADC12MEM15_H
000008c0   CBCTL0
000008c0   CBCTL0_L
000008c1   CBCTL0_H
000008c2   CBCTL1
000008c2   CBCTL1_L
000008c3   CBCTL1_H
000008c4   CBCTL2
000008c4   CBCTL2_L
000008c5   CBCTL2_H
000008c6   CBCTL3
000008c6   CBCTL3_L
000008c7   CBCTL3_H
000008cc   CBINT
000008cc   CBINT_L
000008cd   CBINT_H
000008ce   CBIV
00000900   USBKEYID
00000900   USBKEYID_L
00000901   USBKEYID_H
00000902   USBCNF
00000902   USBCNF_L
00000903   USBCNF_H
00000904   USBPHYCTL
00000904   USBPHYCTL_L
00000905   USBPHYCTL_H
00000908   USBPWRCTL
00000908   USBPWRCTL_L
00000909   USBPWRCTL_H
00000910   USBPLLCTL
00000910   USBPLLCTL_L
00000911   USBPLLCTL_H
00000912   USBPLLDIVB
00000912   USBPLLDIVB_L
00000913   USBPLLDIVB_H
00000914   USBPLLIR
00000914   USBPLLIR_L
00000915   USBPLLIR_H
00000920   USBIEPCNF_0
00000920   tEndPoint0DescriptorBlock
00000921   USBIEPCNT_0
00000922   USBOEPCNF_0
00000923   USBOEPCNT_0
0000092e   USBIEPIE
0000092f   USBOEPIE
00000930   USBIEPIFG
00000931   USBOEPIFG
00000932   USBVECINT
00000932   USBVECINT_L
00000933   USBVECINT_H
00000936   USBMAINT
00000936   USBMAINT_L
00000937   USBMAINT_H
00000938   USBTSREG
00000938   USBTSREG_L
00000939   USBTSREG_H
0000093a   USBFN
0000093a   USBFN_L
0000093b   USBFN_H
0000093c   USBCTL
0000093d   USBIE
0000093e   USBIFG
0000093f   USBFUNADR
00001c00   USBSTABUFF
00001c00   pbXBufferAddressEp1
00001c40   pbYBufferAddressEp1
00001c80   pbXBufferAddressEp81
00001cc0   pbYBufferAddressEp81
00001d00   pbXBufferAddressEp2
00001d40   pbYBufferAddressEp2
00001d80   pbXBufferAddressEp82
00001dc0   pbYBufferAddressEp82
00001e00   pbXBufferAddressEp3
0000236f   USBTOPBUFF
00002370   USBOEP0BUF
00002370   abOEP0Buffer
00002378   USBIEP0BUF
00002378   abIEP0Buffer
00002380   USBSUBLK
00002380   tSetupPacket
00002388   USBOEPCNF_1
00002388   tOutputEndPointDescriptorBlock
00002389   USBOEPBBAX_1
0000238a   USBOEPBCTX_1
0000238d   USBOEPBBAY_1
0000238e   USBOEPBCTY_1
0000238f   USBOEPSIZXY_1
00002390   USBOEPCNF_2
00002391   USBOEPBBAX_2
00002392   USBOEPBCTX_2
00002395   USBOEPBBAY_2
00002396   USBOEPBCTY_2
00002397   USBOEPSIZXY_2
00002398   USBOEPCNF_3
00002399   USBOEPBBAX_3
0000239a   USBOEPBCTX_3
0000239d   USBOEPBBAY_3
0000239e   USBOEPBCTY_3
0000239f   USBOEPSIZXY_3
000023a0   USBOEPCNF_4
000023a1   USBOEPBBAX_4
000023a2   USBOEPBCTX_4
000023a5   USBOEPBBAY_4
000023a6   USBOEPBCTY_4
000023a7   USBOEPSIZXY_4
000023a8   USBOEPCNF_5
000023a9   USBOEPBBAX_5
000023aa   USBOEPBCTX_5
000023ad   USBOEPBBAY_5
000023ae   USBOEPBCTY_5
000023af   USBOEPSIZXY_5
000023b0   USBOEPCNF_6
000023b1   USBOEPBBAX_6
000023b2   USBOEPBCTX_6
000023b5   USBOEPBBAY_6
000023b6   USBOEPBCTY_6
000023b7   USBOEPSIZXY_6
000023b8   USBOEPCNF_7
000023b9   USBOEPBBAX_7
000023ba   USBOEPBCTX_7
000023bd   USBOEPBBAY_7
000023be   USBOEPBCTY_7
000023bf   USBOEPSIZXY_7
000023c8   USBIEPCNF_1
000023c8   tInputEndPointDescriptorBlock
000023c9   USBIEPBBAX_1
000023ca   USBIEPBCTX_1
000023cd   USBIEPBBAY_1
000023ce   USBIEPBCTY_1
000023cf   USBIEPSIZXY_1
000023d0   USBIEPCNF_2
000023d1   USBIEPBBAX_2
000023d2   USBIEPBCTX_2
000023d5   USBIEPBBAY_2
000023d6   USBIEPBCTY_2
000023d7   USBIEPSIZXY_2
000023d8   USBIEPCNF_3
000023d9   USBIEPBBAX_3
000023da   USBIEPBCTX_3
000023dd   USBIEPBBAY_3
000023de   USBIEPBCTY_3
000023df   USBIEPSIZXY_3
000023e0   USBIEPCNF_4
000023e1   USBIEPBBAX_4
000023e2   USBIEPBCTX_4
000023e5   USBIEPBBAY_4
000023e6   USBIEPBCTY_4
000023e7   USBIEPSIZXY_4
000023e8   USBIEPCNF_5
000023e9   USBIEPBBAX_5
000023ea   USBIEPBCTX_5
000023ed   USBIEPBBAY_5
000023ee   USBIEPBCTY_5
000023ef   USBIEPSIZXY_5
000023f0   USBIEPCNF_6
000023f1   USBIEPBBAX_6
000023f2   USBIEPBCTX_6
000023f5   USBIEPBBAY_6
000023f6   USBIEPBCTY_6
000023f7   USBIEPSIZXY_6
000023f8   USBIEPCNF_7
000023f9   USBIEPBBAX_7
000023fa   USBIEPBCTX_7
000023fd   USBIEPBBAY_7
000023fe   USBIEPBCTY_7
000023ff   USBIEPSIZXY_7
00002400   .bss
00002400   OutputString
00002400   __bss__
00002480   StateMachineTaskPointer
00002484   bDataReceived_event
00002485   bDataReceiveCompleted_event
00002486   bDataSendCompleted_event
00002488   wholeString
00002508   TEST
0000250a   CPU_active_F
0000250c   lpm_timer
0000250e   LPM_F
00002510   Check_F
00002512   LV_F
00002514   NO_F
00002598   pBQ76PL536PortsISR
000025bc   bq_pack
000026f8   HOST_CONTROL_IN
0000271c   wBytesRemainingOnIEP0
0000271e   wBytesRemainingOnOEP0
0000272a   abUsbRequestReturnData
00002732   abUsbRequestIncomingData
0000273a   abramSerialStringDescriptor
0000275c   bStatusAction
0000275d   bFunctionSuspended
0000275e   bEnumerationStatus
00002760   wUsbEventMask
0000278c   USB_TX_memcpy
00002790   USB_RX_memcpy
00002794   _lock
00002798   _unlock
0000279c   _cleanup_ptr
000027a0   _dtors_ptr
000027a4   __end__
000027a4   end
00004360   _stack
00004400   __STACK_END
00004400   iUsbInterruptHandler
0000452c   Timer1SecISR
0000456e   UNMI_ISR
000045a4   _c_int00
000045a4   _c_int00_noexit
000045ce   PORT_ISR
000045ea   __cinit__
000045ea   cinit
000046a8   USBCommunicationTask
00004e8c   __divull
0000521a   SendFaultMessageToHost
000054a6   SendAlertMessageToHost
00005956   _printfi
00005b64   update_op_mode
00005d34   update_bq_pack_data
00006222   check_for_cuv
00006526   USBCDC_receiveData
000066a0   CellBalancing
00006ace   spi_read_reg
00006c10   conf_bq_dev
00006d4c   main
00006e84   __fs_sub
00006e8a   __fs_add
000073d8   CdcToHostFromBuffer
000074c4   CdcToBufferFromHost
00007682   USB_InitSerialStringDescriptor
0000775a   init_bq_dev_data_structure
0000782a   USB_reset
000078f8   spi_write_reg
000079b0   __fs_mpy
00007a66   InitBQ76PL536ports
00007bba   bq_pack_init
00007c5e   usbDecodeAndProcessUsbRequest
00007d02   bq_pack_address_discovery
00007da0   USB_connectionState
00007e36   check_for_cov
00007ecc   bq_dev_read_errors
00007f5e   __fs_div
00007fec   bq_dev_clear_alerts
00008078   bq_dev_clear_faults
0000818c   USB_enable
00008298   ltoa
00008396   __fs_tol
0000848a   usbSendNextPacketOnIEP0
000084fe   bq_dev_read_cell_voltage
0000856c   CopyUsbToBuff
000085d8   USBCDC_intfStatus
00008644   update_bq_pack_timer
000086b0   usbGetEndpointStatus
0000871c   bq_dev_read_temps
00008786   check_for_charge_op
000087ee   check_for_discharge_op
00008856   atoi
000088b8   find_imbalanced_cell
0000891a   USBCDC_bytesInUSBBuffer
00008976   sendData_waitTilDone
000089d0   __mpyll_f5hw
00008a28   __divul
00008a28   __remul
00008a80   USB_init
00008ad4   _auto_init
00008b28   Get_TLV_info
00008b78   usbSetEndpointFeature
00008c16   __fs_cmp
00008c60   __fs_ltof
00008caa   usbGetStringDescriptor
00008cf4   CheckChargeDischargeModes
00008d3c   usbReceiveNextPacketOnOEP0
00008d84   SetVCoreUp
00008e10   copy_cell_voltage_values
00008e56   __fs_tou
00008e9c   SetupPacketInterruptHandler
00008ee0   USBCDC_sendData
00008f24   sprintf
00008f68   usbClearEndpointFeature
00008fac   InitMCU
00008fee   PWRVBUSoffHandler
00009030   enable_bypass_resistor
00009072   init_spi
000090b4   CheckEndOfChargeOrDischargeModes
000090f4   __divli
000090f4   __remli
00009134   Init_FLL_Settle
00009172   USB_initMemcpy
000091b0   __lslll
000091ee   __lsrll
0000922c   L_LSL_15
00009230   L_LSL_14
00009234   L_LSL_13
00009238   L_LSL_12
0000923c   L_LSL_11
00009240   L_LSL_10
00009244   L_LSL_9
00009248   L_LSL_8
0000924c   L_LSL_7
00009250   L_LSL_6
00009254   L_LSL_5
00009258   L_LSL_4
0000925c   L_LSL_3
00009260   L_LSL_2
00009264   L_LSL_1
0000926a   L_LSR_15
0000926e   L_LSR_14
00009272   L_LSR_13
00009276   L_LSR_12
0000927a   L_LSR_11
0000927e   L_LSR_10
00009282   L_LSR_9
00009286   L_LSR_8
0000928a   L_LSR_7
0000928e   L_LSR_6
00009292   L_LSR_5
00009296   L_LSR_4
0000929a   L_LSR_3
0000929e   L_LSR_2
000092a2   L_LSR_1
000092a8   SetVCoreDown
000092e4   _FDtest
00009320   receiveDataInBuffer
0000935c   usbGetLineCoding
00009396   BQAlertSignalTask
000093ce   BQFaultSignalTask
00009406   Init_Clock
0000943e   BatteryPackManager
00009470   USB_connectionInfo
000094a2   USB_suspend
000094d4   memccpy
00009506   usbSetAddress
00009538   PWRVBUSonHandler
00009568   SetVCore
00009598   Handler_SetLineCoding
000095c6   Init_Ports
000095f4   OEP0InterruptHandler
00009620   CdcResetData
0000964a   USB_connect
00009672   memcpyDMA1
0000969a   usbGetDeviceStatus
000096c2   disable_all_bypass_resistors
000096e8   usbSetConfiguration
0000970e   Init1SecTimer
00009732   USB_disable
00009754   __mpyl_f5hw
00009776   usbClearDeviceFeature
00009798   usbSetDeviceFeature
000097ba   DRDYSignalTask
000097fa   usbSendDataPacketOnEP0
0000981a   XT2_Start
00009838   IEP0InterruptHandler
00009854   usbGetInterface
0000986e   usbGetInterfaceStatus
00009888   USB_resume
000098a0   _FDclass
000098b8   calculate_crc
000098d0   usbSetInterface
000098e8   memset
000098fe   __divu
000098fe   __remu
00009914   __mpyi_f5hw
0000992a   strlen
00009940   USB_handleVbusOnEvent
00009968   memcpy
0000997c   usbReceiveDataPacketOnEP0
00009990   get_u32_value
000099a2   toupper
000099b4   usbGetConfigurationDescriptor
000099c6   usbGetDeviceDescriptor
000099d8   CheckFaultConditions
000099e8   L_LSR
000099f8   usbGetConfiguration
00009a08   usbInvalidRequest
00009a42   CdcIsReceiveInProgress
00009a5e   bq_pack_start_conv
00009a6c   usbSendZeroLengthPacketOnIEP0
00009a7a   abs
00009a84   __fs_neg
00009a8e   I_LSL
00009a98   Timer1SecExpiredTask
00009aa0   USBCDC_handleDataReceived
00009aa8   USBCDC_handleReceiveCompleted
00009ab0   USBCDC_handleSendCompleted
00009ab8   USB_setEnabledEvents
00009ac0   usbSetLineCoding
00009ac8   GoToLowPowerMode
00009ace   USB_handleClockEvent
00009ad2   USB_handleEnumCompleteEvent
00009ad6   USB_handleResetEvent
00009ada   USB_handleResumeEvent
00009ade   USB_handleSuspendEvent
00009ae2   USB_handleVbusOffEvent
00009ae6   _system_pre_init
00009aea   C$$EXIT
00009aea   abort
00009aee   usbSetControlLineState
00009af2   _nop
0000a19a   _ctypes_
0000a29c   CrcTable
0000a39c   abromStringDescriptor
0000a438   DATA_FLASH
0000a4c0   spi_regs_rw_mask
0000a510   abromConfigurationDescriptorGroup
0000a56a   abromDeviceDescriptor
0000fffe   _reset_vector
ffffffff   .text
ffffffff   __binit__
ffffffff   __c_args__
ffffffff   __etext__
ffffffff   __pinit__
ffffffff   __text__
ffffffff   binit
ffffffff   etext
ffffffff   pinit

[1013 symbols]
