<?xml version="1.0"?>
<link_info>
   <banner>MSP430 Linker PC v4.1.1</banner>
   <copyright>Copyright (c) 2003-2012 Texas Instruments Incorporated</copyright>
   <link_time>0x64c08848</link_time>
   <output_file>MSP430_BMS_PL536.out</output_file>
   <entry_point>
      <name>_c_int00</name>
      <address>0x45a4</address>
   </entry_point>
   <input_file_list>
      <input_file id="fl-2">
         <path>.\SourceCode\BQ76PL536\</path>
         <kind>object</kind>
         <file>bq_pack.obj</file>
         <name>bq_pack.obj</name>
      </input_file>
      <input_file id="fl-3">
         <path>.\SourceCode\BQ76PL536\</path>
         <kind>object</kind>
         <file>data_flash.obj</file>
         <name>data_flash.obj</name>
      </input_file>
      <input_file id="fl-4">
         <path>.\SourceCode\Common\</path>
         <kind>object</kind>
         <file>TLV.obj</file>
         <name>TLV.obj</name>
      </input_file>
      <input_file id="fl-5">
         <path>.\SourceCode\Common\</path>
         <kind>object</kind>
         <file>hal_UCS.obj</file>
         <name>hal_UCS.obj</name>
      </input_file>
      <input_file id="fl-6">
         <path>.\SourceCode\Common\</path>
         <kind>object</kind>
         <file>hal_pmm.obj</file>
         <name>hal_pmm.obj</name>
      </input_file>
      <input_file id="fl-7">
         <path>.\SourceCode\SPI\</path>
         <kind>object</kind>
         <file>spi_if.obj</file>
         <name>spi_if.obj</name>
      </input_file>
      <input_file id="fl-8">
         <path>.\SourceCode\UART\</path>
         <kind>object</kind>
         <file>UART.obj</file>
         <name>UART.obj</name>
      </input_file>
      <input_file id="fl-9">
         <path>.\SourceCode\</path>
         <kind>object</kind>
         <file>USBCDC_constructs.obj</file>
         <name>USBCDC_constructs.obj</name>
      </input_file>
      <input_file id="fl-a">
         <path>.\SourceCode\</path>
         <kind>object</kind>
         <file>main.obj</file>
         <name>main.obj</name>
      </input_file>
      <input_file id="fl-b">
         <path>.\SourceCode\USB_CDC_API\</path>
         <kind>object</kind>
         <file>UsbCdc.obj</file>
         <name>UsbCdc.obj</name>
      </input_file>
      <input_file id="fl-c">
         <path>.\SourceCode\USB_Common\</path>
         <kind>object</kind>
         <file>UsbIsr.obj</file>
         <name>UsbIsr.obj</name>
      </input_file>
      <input_file id="fl-d">
         <path>.\SourceCode\USB_Common\</path>
         <kind>object</kind>
         <file>descriptors.obj</file>
         <name>descriptors.obj</name>
      </input_file>
      <input_file id="fl-e">
         <path>.\SourceCode\USB_Common\</path>
         <kind>object</kind>
         <file>dma.obj</file>
         <name>dma.obj</name>
      </input_file>
      <input_file id="fl-f">
         <path>.\SourceCode\USB_Common\</path>
         <kind>object</kind>
         <file>usb.obj</file>
         <name>usb.obj</name>
      </input_file>
      <input_file id="fl-10">
         <path>.\SourceCode\USB_Common\</path>
         <kind>object</kind>
         <file>usb_eventHandling.obj</file>
         <name>usb_eventHandling.obj</name>
      </input_file>
      <input_file id="fl-2b">
         <path>C:\ti\ccs1220\ccs\tools\compiler\msp430_4.1.1\lib\</path>
         <kind>archive</kind>
         <file>rts430x_lc_rd.lib</file>
         <name>boot.obj</name>
      </input_file>
      <input_file id="fl-2c">
         <path>C:\ti\ccs1220\ccs\tools\compiler\msp430_4.1.1\lib\</path>
         <kind>archive</kind>
         <file>rts430x_lc_rd.lib</file>
         <name>copy_decompress_none.obj</name>
      </input_file>
      <input_file id="fl-2d">
         <path>C:\ti\ccs1220\ccs\tools\compiler\msp430_4.1.1\lib\</path>
         <kind>archive</kind>
         <file>rts430x_lc_rd.lib</file>
         <name>copy_decompress_rle.obj</name>
      </input_file>
      <input_file id="fl-2e">
         <path>C:\ti\ccs1220\ccs\tools\compiler\msp430_4.1.1\lib\</path>
         <kind>archive</kind>
         <file>rts430x_lc_rd.lib</file>
         <name>copy_zero_init.obj</name>
      </input_file>
      <input_file id="fl-2f">
         <path>C:\ti\ccs1220\ccs\tools\compiler\msp430_4.1.1\lib\</path>
         <kind>archive</kind>
         <file>rts430x_lc_rd.lib</file>
         <name>div32u.obj</name>
      </input_file>
      <input_file id="fl-30">
         <path>C:\ti\ccs1220\ccs\tools\compiler\msp430_4.1.1\lib\</path>
         <kind>archive</kind>
         <file>rts430x_lc_rd.lib</file>
         <name>exit.obj</name>
      </input_file>
      <input_file id="fl-31">
         <path>C:\ti\ccs1220\ccs\tools\compiler\msp430_4.1.1\lib\</path>
         <kind>archive</kind>
         <file>rts430x_lc_rd.lib</file>
         <name>lsl16.obj</name>
      </input_file>
      <input_file id="fl-32">
         <path>C:\ti\ccs1220\ccs\tools\compiler\msp430_4.1.1\lib\</path>
         <kind>archive</kind>
         <file>rts430x_lc_rd.lib</file>
         <name>lsl32.obj</name>
      </input_file>
      <input_file id="fl-33">
         <path>C:\ti\ccs1220\ccs\tools\compiler\msp430_4.1.1\lib\</path>
         <kind>archive</kind>
         <file>rts430x_lc_rd.lib</file>
         <name>lsr32.obj</name>
      </input_file>
      <input_file id="fl-34">
         <path>C:\ti\ccs1220\ccs\tools\compiler\msp430_4.1.1\lib\</path>
         <kind>archive</kind>
         <file>rts430x_lc_rd.lib</file>
         <name>memcpy.obj</name>
      </input_file>
      <input_file id="fl-35">
         <path>C:\ti\ccs1220\ccs\tools\compiler\msp430_4.1.1\lib\</path>
         <kind>archive</kind>
         <file>rts430x_lc_rd.lib</file>
         <name>mult32_f5hw.obj</name>
      </input_file>
      <input_file id="fl-36">
         <path>C:\ti\ccs1220\ccs\tools\compiler\msp430_4.1.1\lib\</path>
         <kind>archive</kind>
         <file>rts430x_lc_rd.lib</file>
         <name>pre_init.obj</name>
      </input_file>
      <input_file id="fl-37">
         <path>C:\ti\ccs1220\ccs\tools\compiler\msp430_4.1.1\lib\</path>
         <kind>archive</kind>
         <file>rts430x_lc_rd.lib</file>
         <name>sprintf.obj</name>
      </input_file>
      <input_file id="fl-38">
         <path>C:\ti\ccs1220\ccs\tools\compiler\msp430_4.1.1\lib\</path>
         <kind>archive</kind>
         <file>rts430x_lc_rd.lib</file>
         <name>_lock.obj</name>
      </input_file>
      <input_file id="fl-39">
         <path>C:\ti\ccs1220\ccs\tools\compiler\msp430_4.1.1\lib\</path>
         <kind>archive</kind>
         <file>rts430x_lc_rd.lib</file>
         <name>_printfi.obj</name>
      </input_file>
      <input_file id="fl-3a">
         <path>C:\ti\ccs1220\ccs\tools\compiler\msp430_4.1.1\lib\</path>
         <kind>archive</kind>
         <file>rts430x_lc_rd.lib</file>
         <name>args_main.obj</name>
      </input_file>
      <input_file id="fl-3b">
         <path>C:\ti\ccs1220\ccs\tools\compiler\msp430_4.1.1\lib\</path>
         <kind>archive</kind>
         <file>rts430x_lc_rd.lib</file>
         <name>atoi.obj</name>
      </input_file>
      <input_file id="fl-3c">
         <path>C:\ti\ccs1220\ccs\tools\compiler\msp430_4.1.1\lib\</path>
         <kind>archive</kind>
         <file>rts430x_lc_rd.lib</file>
         <name>autoinit.obj</name>
      </input_file>
      <input_file id="fl-3d">
         <path>C:\ti\ccs1220\ccs\tools\compiler\msp430_4.1.1\lib\</path>
         <kind>archive</kind>
         <file>rts430x_lc_rd.lib</file>
         <name>ctype.obj</name>
      </input_file>
      <input_file id="fl-3e">
         <path>C:\ti\ccs1220\ccs\tools\compiler\msp430_4.1.1\lib\</path>
         <kind>archive</kind>
         <file>rts430x_lc_rd.lib</file>
         <name>div16u.obj</name>
      </input_file>
      <input_file id="fl-3f">
         <path>C:\ti\ccs1220\ccs\tools\compiler\msp430_4.1.1\lib\</path>
         <kind>archive</kind>
         <file>rts430x_lc_rd.lib</file>
         <name>fs_add.obj</name>
      </input_file>
      <input_file id="fl-40">
         <path>C:\ti\ccs1220\ccs\tools\compiler\msp430_4.1.1\lib\</path>
         <kind>archive</kind>
         <file>rts430x_lc_rd.lib</file>
         <name>fs_cmp.obj</name>
      </input_file>
      <input_file id="fl-41">
         <path>C:\ti\ccs1220\ccs\tools\compiler\msp430_4.1.1\lib\</path>
         <kind>archive</kind>
         <file>rts430x_lc_rd.lib</file>
         <name>fs_div.obj</name>
      </input_file>
      <input_file id="fl-42">
         <path>C:\ti\ccs1220\ccs\tools\compiler\msp430_4.1.1\lib\</path>
         <kind>archive</kind>
         <file>rts430x_lc_rd.lib</file>
         <name>fs_ltof.obj</name>
      </input_file>
      <input_file id="fl-43">
         <path>C:\ti\ccs1220\ccs\tools\compiler\msp430_4.1.1\lib\</path>
         <kind>archive</kind>
         <file>rts430x_lc_rd.lib</file>
         <name>fs_mpy.obj</name>
      </input_file>
      <input_file id="fl-44">
         <path>C:\ti\ccs1220\ccs\tools\compiler\msp430_4.1.1\lib\</path>
         <kind>archive</kind>
         <file>rts430x_lc_rd.lib</file>
         <name>fs_neg.obj</name>
      </input_file>
      <input_file id="fl-45">
         <path>C:\ti\ccs1220\ccs\tools\compiler\msp430_4.1.1\lib\</path>
         <kind>archive</kind>
         <file>rts430x_lc_rd.lib</file>
         <name>fs_tol.obj</name>
      </input_file>
      <input_file id="fl-46">
         <path>C:\ti\ccs1220\ccs\tools\compiler\msp430_4.1.1\lib\</path>
         <kind>archive</kind>
         <file>rts430x_lc_rd.lib</file>
         <name>fs_tou.obj</name>
      </input_file>
      <input_file id="fl-47">
         <path>C:\ti\ccs1220\ccs\tools\compiler\msp430_4.1.1\lib\</path>
         <kind>archive</kind>
         <file>rts430x_lc_rd.lib</file>
         <name>llmath.obj</name>
      </input_file>
      <input_file id="fl-48">
         <path>C:\ti\ccs1220\ccs\tools\compiler\msp430_4.1.1\lib\</path>
         <kind>archive</kind>
         <file>rts430x_lc_rd.lib</file>
         <name>ltoa.obj</name>
      </input_file>
      <input_file id="fl-49">
         <path>C:\ti\ccs1220\ccs\tools\compiler\msp430_4.1.1\lib\</path>
         <kind>archive</kind>
         <file>rts430x_lc_rd.lib</file>
         <name>memccpy.obj</name>
      </input_file>
      <input_file id="fl-4a">
         <path>C:\ti\ccs1220\ccs\tools\compiler\msp430_4.1.1\lib\</path>
         <kind>archive</kind>
         <file>rts430x_lc_rd.lib</file>
         <name>memset.obj</name>
      </input_file>
      <input_file id="fl-4b">
         <path>C:\ti\ccs1220\ccs\tools\compiler\msp430_4.1.1\lib\</path>
         <kind>archive</kind>
         <file>rts430x_lc_rd.lib</file>
         <name>mult16_f5hw.obj</name>
      </input_file>
      <input_file id="fl-4c">
         <path>C:\ti\ccs1220\ccs\tools\compiler\msp430_4.1.1\lib\</path>
         <kind>archive</kind>
         <file>rts430x_lc_rd.lib</file>
         <name>mult64_f5hw.obj</name>
      </input_file>
      <input_file id="fl-4d">
         <path>C:\ti\ccs1220\ccs\tools\compiler\msp430_4.1.1\lib\</path>
         <kind>archive</kind>
         <file>rts430x_lc_rd.lib</file>
         <name>strlen.obj</name>
      </input_file>
      <input_file id="fl-4e">
         <path>C:\ti\ccs1220\ccs\tools\compiler\msp430_4.1.1\lib\</path>
         <kind>archive</kind>
         <file>rts430x_lc_rd.lib</file>
         <name>toupper.obj</name>
      </input_file>
      <input_file id="fl-4f">
         <path>C:\ti\ccs1220\ccs\tools\compiler\msp430_4.1.1\lib\</path>
         <kind>archive</kind>
         <file>rts430x_lc_rd.lib</file>
         <name>xfdclass.obj</name>
      </input_file>
      <input_file id="fl-50">
         <path>C:\ti\ccs1220\ccs\tools\compiler\msp430_4.1.1\lib\</path>
         <kind>archive</kind>
         <file>rts430x_lc_rd.lib</file>
         <name>xfdtest.obj</name>
      </input_file>
      <input_file id="fl-51">
         <path>C:\ti\ccs1220\ccs\tools\compiler\msp430_4.1.1\lib\</path>
         <kind>archive</kind>
         <file>rts430x_lc_rd.lib</file>
         <name>abs.obj</name>
      </input_file>
      <input_file id="fl-52">
         <path>C:\ti\ccs1220\ccs\tools\compiler\msp430_4.1.1\lib\</path>
         <kind>archive</kind>
         <file>rts430x_lc_rd.lib</file>
         <name>div32s.obj</name>
      </input_file>
   </input_file_list>
   <object_component_list>
      <object_component id="oc-50">
         <name>.bss</name>
         <uninitialized>true</uninitialized>
         <run_address>0x25bc</run_address>
         <size>0x15e</size>
         <input_file_ref idref="fl-2"/>
      </object_component>
      <object_component id="oc-73">
         <name>.bss</name>
         <uninitialized>true</uninitialized>
         <run_address>0x2400</run_address>
         <size>0x1bc</size>
         <input_file_ref idref="fl-a"/>
      </object_component>
      <object_component id="oc-80">
         <name>.bss</name>
         <uninitialized>true</uninitialized>
         <run_address>0x2762</run_address>
         <size>0x29</size>
         <input_file_ref idref="fl-b"/>
      </object_component>
      <object_component id="oc-8f">
         <name>.bss</name>
         <uninitialized>true</uninitialized>
         <run_address>0x278c</run_address>
         <size>0x8</size>
         <input_file_ref idref="fl-e"/>
      </object_component>
      <object_component id="oc-94">
         <name>.bss</name>
         <uninitialized>true</uninitialized>
         <run_address>0x271a</run_address>
         <size>0x48</size>
         <input_file_ref idref="fl-f"/>
      </object_component>
      <object_component id="oc-9e">
         <name>.bss</name>
         <uninitialized>true</uninitialized>
         <run_address>0x279c</run_address>
         <size>0x8</size>
         <input_file_ref idref="fl-2b"/>
      </object_component>
      <object_component id="oc-cb">
         <name>.bss</name>
         <uninitialized>true</uninitialized>
         <run_address>0x2794</run_address>
         <size>0x8</size>
         <input_file_ref idref="fl-38"/>
      </object_component>
      <object_component id="oc-a0">
         <name>.stack</name>
         <uninitialized>true</uninitialized>
         <run_address>0x4360</run_address>
         <size>0x4</size>
         <input_file_ref idref="fl-2b"/>
      </object_component>
      <object_component id="oc-229">
         <name>.stack</name>
         <uninitialized>true</uninitialized>
         <run_address>0x4360</run_address>
         <size>0x0</size>
      </object_component>
      <object_component id="oc-176">
         <name>.text:USBCommunicationTask</name>
         <load_address>0x46a8</load_address>
         <run_address>0x46a8</run_address>
         <size>0x7e4</size>
         <input_file_ref idref="fl-a"/>
      </object_component>
      <object_component id="oc-1ce">
         <name>.text:__divull</name>
         <load_address>0x4e8c</load_address>
         <run_address>0x4e8c</run_address>
         <size>0x38e</size>
         <input_file_ref idref="fl-47"/>
      </object_component>
      <object_component id="oc-171">
         <name>.text:SendFaultMessageToHost</name>
         <load_address>0x521a</load_address>
         <run_address>0x521a</run_address>
         <size>0x28c</size>
         <input_file_ref idref="fl-a"/>
      </object_component>
      <object_component id="oc-173">
         <name>.text:SendAlertMessageToHost</name>
         <load_address>0x54a6</load_address>
         <run_address>0x54a6</run_address>
         <size>0x288</size>
         <input_file_ref idref="fl-a"/>
      </object_component>
      <object_component id="oc-1b6">
         <name>.text:_setfield</name>
         <load_address>0x572e</load_address>
         <run_address>0x572e</run_address>
         <size>0x228</size>
         <input_file_ref idref="fl-39"/>
      </object_component>
      <object_component id="oc-1a5">
         <name>.text:_printfi</name>
         <load_address>0x5956</load_address>
         <run_address>0x5956</run_address>
         <size>0x20e</size>
         <input_file_ref idref="fl-39"/>
      </object_component>
      <object_component id="oc-14c">
         <name>.text:update_op_mode</name>
         <load_address>0x5b64</load_address>
         <run_address>0x5b64</run_address>
         <size>0x1d0</size>
         <input_file_ref idref="fl-2"/>
      </object_component>
      <object_component id="oc-14b">
         <name>.text:update_bq_pack_data</name>
         <load_address>0x5d34</load_address>
         <run_address>0x5d34</run_address>
         <size>0x1c4</size>
         <input_file_ref idref="fl-2"/>
      </object_component>
      <object_component id="oc-1bb">
         <name>.text:_pproc_fge</name>
         <load_address>0x5ef8</load_address>
         <run_address>0x5ef8</run_address>
         <size>0x1a2</size>
         <input_file_ref idref="fl-39"/>
      </object_component>
      <object_component id="oc-1be">
         <name>.text:_getarg_diouxp</name>
         <load_address>0x609a</load_address>
         <run_address>0x609a</run_address>
         <size>0x188</size>
         <input_file_ref idref="fl-39"/>
      </object_component>
      <object_component id="oc-186">
         <name>.text:check_for_cuv</name>
         <load_address>0x6222</load_address>
         <run_address>0x6222</run_address>
         <size>0x188</size>
         <input_file_ref idref="fl-2"/>
      </object_component>
      <object_component id="oc-1c8">
         <name>.text:ecvt</name>
         <load_address>0x63aa</load_address>
         <run_address>0x63aa</run_address>
         <size>0x17c</size>
         <input_file_ref idref="fl-39"/>
      </object_component>
      <object_component id="oc-1aa">
         <name>.text:USBCDC_receiveData</name>
         <load_address>0x6526</load_address>
         <run_address>0x6526</run_address>
         <size>0x17a</size>
         <input_file_ref idref="fl-b"/>
      </object_component>
      <object_component id="oc-18a">
         <name>.text:CellBalancing</name>
         <load_address>0x66a0</load_address>
         <run_address>0x66a0</run_address>
         <size>0x16c</size>
         <input_file_ref idref="fl-2"/>
      </object_component>
      <object_component id="oc-1cb">
         <name>.text:fcvt</name>
         <load_address>0x680c</load_address>
         <run_address>0x680c</run_address>
         <size>0x16c</size>
         <input_file_ref idref="fl-39"/>
      </object_component>
      <object_component id="oc-1c4">
         <name>.text:_pconv_e</name>
         <load_address>0x6978</load_address>
         <run_address>0x6978</run_address>
         <size>0x156</size>
         <input_file_ref idref="fl-39"/>
      </object_component>
      <object_component id="oc-167">
         <name>.text:spi_read_reg</name>
         <load_address>0x6ace</load_address>
         <run_address>0x6ace</run_address>
         <size>0x142</size>
         <input_file_ref idref="fl-7"/>
      </object_component>
      <object_component id="oc-168">
         <name>.text:conf_bq_dev</name>
         <load_address>0x6c10</load_address>
         <run_address>0x6c10</run_address>
         <size>0x13c</size>
         <input_file_ref idref="fl-2"/>
      </object_component>
      <object_component id="oc-12b">
         <name>.text:main</name>
         <load_address>0x6d4c</load_address>
         <run_address>0x6d4c</run_address>
         <size>0x138</size>
         <input_file_ref idref="fl-a"/>
      </object_component>
      <object_component id="oc-e2">
         <name>.text</name>
         <load_address>0x6e84</load_address>
         <run_address>0x6e84</run_address>
         <size>0x130</size>
         <input_file_ref idref="fl-3f"/>
      </object_component>
      <object_component id="oc-1ba">
         <name>.text:_pproc_diouxp</name>
         <load_address>0x6fb4</load_address>
         <run_address>0x6fb4</run_address>
         <size>0x11e</size>
         <input_file_ref idref="fl-39"/>
      </object_component>
      <object_component id="oc-1c2">
         <name>.text:_pconv_g</name>
         <load_address>0x70d2</load_address>
         <run_address>0x70d2</run_address>
         <size>0x104</size>
         <input_file_ref idref="fl-39"/>
      </object_component>
      <object_component id="oc-1bf">
         <name>.text:_ltostr</name>
         <load_address>0x71d6</load_address>
         <run_address>0x71d6</run_address>
         <size>0x102</size>
         <input_file_ref idref="fl-39"/>
      </object_component>
      <object_component id="oc-1b5">
         <name>.text:_pproc_fwp</name>
         <load_address>0x72d8</load_address>
         <run_address>0x72d8</run_address>
         <size>0x100</size>
         <input_file_ref idref="fl-39"/>
      </object_component>
      <object_component id="oc-138">
         <name>.text:CdcToHostFromBuffer</name>
         <load_address>0x73d8</load_address>
         <run_address>0x73d8</run_address>
         <size>0xec</size>
         <input_file_ref idref="fl-b"/>
      </object_component>
      <object_component id="oc-137">
         <name>.text:CdcToBufferFromHost</name>
         <load_address>0x74c4</load_address>
         <run_address>0x74c4</run_address>
         <size>0xe6</size>
         <input_file_ref idref="fl-b"/>
      </object_component>
      <object_component id="oc-19f">
         <name>.text:Init_FLL</name>
         <load_address>0x75aa</load_address>
         <run_address>0x75aa</run_address>
         <size>0xd8</size>
         <input_file_ref idref="fl-5"/>
      </object_component>
      <object_component id="oc-17f">
         <name>.text:USB_InitSerialStringDescriptor</name>
         <load_address>0x7682</load_address>
         <run_address>0x7682</run_address>
         <size>0xd8</size>
         <input_file_ref idref="fl-f"/>
      </object_component>
      <object_component id="oc-169">
         <name>.text:init_bq_dev_data_structure</name>
         <load_address>0x775a</load_address>
         <run_address>0x775a</run_address>
         <size>0xd0</size>
         <input_file_ref idref="fl-2"/>
      </object_component>
      <object_component id="oc-13d">
         <name>.text:USB_reset</name>
         <load_address>0x782a</load_address>
         <run_address>0x782a</run_address>
         <size>0xce</size>
         <input_file_ref idref="fl-f"/>
      </object_component>
      <object_component id="oc-166">
         <name>.text:spi_write_reg</name>
         <load_address>0x78f8</load_address>
         <run_address>0x78f8</run_address>
         <size>0xb8</size>
         <input_file_ref idref="fl-7"/>
      </object_component>
      <object_component id="oc-f2">
         <name>.text</name>
         <load_address>0x79b0</load_address>
         <run_address>0x79b0</run_address>
         <size>0xb6</size>
         <input_file_ref idref="fl-43"/>
      </object_component>
      <object_component id="oc-162">
         <name>.text:InitBQ76PL536ports</name>
         <load_address>0x7a66</load_address>
         <run_address>0x7a66</run_address>
         <size>0xac</size>
         <input_file_ref idref="fl-a"/>
      </object_component>
      <object_component id="oc-1b7">
         <name>.text:_pproc_str</name>
         <load_address>0x7b12</load_address>
         <run_address>0x7b12</run_address>
         <size>0xa8</size>
         <input_file_ref idref="fl-39"/>
      </object_component>
      <object_component id="oc-149">
         <name>.text:bq_pack_init</name>
         <load_address>0x7bba</load_address>
         <run_address>0x7bba</run_address>
         <size>0xa4</size>
         <input_file_ref idref="fl-2"/>
      </object_component>
      <object_component id="oc-153">
         <name>.text:usbDecodeAndProcessUsbRequest</name>
         <load_address>0x7c5e</load_address>
         <run_address>0x7c5e</run_address>
         <size>0xa4</size>
         <input_file_ref idref="fl-f"/>
      </object_component>
      <object_component id="oc-148">
         <name>.text:bq_pack_address_discovery</name>
         <load_address>0x7d02</load_address>
         <run_address>0x7d02</run_address>
         <size>0x9e</size>
         <input_file_ref idref="fl-2"/>
      </object_component>
      <object_component id="oc-175">
         <name>.text:USB_connectionState</name>
         <load_address>0x7da0</load_address>
         <run_address>0x7da0</run_address>
         <size>0x96</size>
         <input_file_ref idref="fl-f"/>
      </object_component>
      <object_component id="oc-185">
         <name>.text:check_for_cov</name>
         <load_address>0x7e36</load_address>
         <run_address>0x7e36</run_address>
         <size>0x96</size>
         <input_file_ref idref="fl-2"/>
      </object_component>
      <object_component id="oc-16b">
         <name>.text:bq_dev_read_errors</name>
         <load_address>0x7ecc</load_address>
         <run_address>0x7ecc</run_address>
         <size>0x92</size>
         <input_file_ref idref="fl-2"/>
      </object_component>
      <object_component id="oc-ea">
         <name>.text</name>
         <load_address>0x7f5e</load_address>
         <run_address>0x7f5e</run_address>
         <size>0x8e</size>
         <input_file_ref idref="fl-41"/>
      </object_component>
      <object_component id="oc-172">
         <name>.text:bq_dev_clear_alerts</name>
         <load_address>0x7fec</load_address>
         <run_address>0x7fec</run_address>
         <size>0x8c</size>
         <input_file_ref idref="fl-2"/>
      </object_component>
      <object_component id="oc-16f">
         <name>.text:bq_dev_clear_faults</name>
         <load_address>0x8078</load_address>
         <run_address>0x8078</run_address>
         <size>0x8c</size>
         <input_file_ref idref="fl-2"/>
      </object_component>
      <object_component id="oc-1c9">
         <name>.text:_ecpy</name>
         <load_address>0x8104</load_address>
         <run_address>0x8104</run_address>
         <size>0x88</size>
         <input_file_ref idref="fl-39"/>
      </object_component>
      <object_component id="oc-157">
         <name>.text:USB_enable</name>
         <load_address>0x818c</load_address>
         <run_address>0x818c</run_address>
         <size>0x86</size>
         <input_file_ref idref="fl-f"/>
      </object_component>
      <object_component id="oc-1c5">
         <name>.text:_div</name>
         <load_address>0x8212</load_address>
         <run_address>0x8212</run_address>
         <size>0x86</size>
         <input_file_ref idref="fl-39"/>
      </object_component>
      <object_component id="oc-1cf">
         <name>.text:ltoa</name>
         <load_address>0x8298</load_address>
         <run_address>0x8298</run_address>
         <size>0x80</size>
         <input_file_ref idref="fl-48"/>
      </object_component>
      <object_component id="oc-1ca">
         <name>.text:_mcpy</name>
         <load_address>0x8318</load_address>
         <run_address>0x8318</run_address>
         <size>0x7e</size>
         <input_file_ref idref="fl-39"/>
      </object_component>
      <object_component id="oc-fa">
         <name>.text</name>
         <load_address>0x8396</load_address>
         <run_address>0x8396</run_address>
         <size>0x7e</size>
         <input_file_ref idref="fl-45"/>
      </object_component>
      <object_component id="oc-1c3">
         <name>.text:_pconv_f</name>
         <load_address>0x8414</load_address>
         <run_address>0x8414</run_address>
         <size>0x76</size>
         <input_file_ref idref="fl-39"/>
      </object_component>
      <object_component id="oc-15b">
         <name>.text:usbSendNextPacketOnIEP0</name>
         <load_address>0x848a</load_address>
         <run_address>0x848a</run_address>
         <size>0x74</size>
         <input_file_ref idref="fl-f"/>
      </object_component>
      <object_component id="oc-16a">
         <name>.text:bq_dev_read_cell_voltage</name>
         <load_address>0x84fe</load_address>
         <run_address>0x84fe</run_address>
         <size>0x6e</size>
         <input_file_ref idref="fl-2"/>
      </object_component>
      <object_component id="oc-154">
         <name>.text:CopyUsbToBuff</name>
         <load_address>0x856c</load_address>
         <run_address>0x856c</run_address>
         <size>0x6c</size>
         <input_file_ref idref="fl-b"/>
      </object_component>
      <object_component id="oc-184">
         <name>.text:USBCDC_intfStatus</name>
         <load_address>0x85d8</load_address>
         <run_address>0x85d8</run_address>
         <size>0x6c</size>
         <input_file_ref idref="fl-b"/>
      </object_component>
      <object_component id="oc-150">
         <name>.text:update_bq_pack_timer</name>
         <load_address>0x8644</load_address>
         <run_address>0x8644</run_address>
         <size>0x6c</size>
         <input_file_ref idref="fl-2"/>
      </object_component>
      <object_component id="oc-199">
         <name>.text:usbGetEndpointStatus</name>
         <load_address>0x86b0</load_address>
         <run_address>0x86b0</run_address>
         <size>0x6c</size>
         <input_file_ref idref="fl-f"/>
      </object_component>
      <object_component id="oc-16c">
         <name>.text:bq_dev_read_temps</name>
         <load_address>0x871c</load_address>
         <run_address>0x871c</run_address>
         <size>0x6a</size>
         <input_file_ref idref="fl-2"/>
      </object_component>
      <object_component id="oc-1a6">
         <name>.text:check_for_charge_op</name>
         <load_address>0x8786</load_address>
         <run_address>0x8786</run_address>
         <size>0x68</size>
         <input_file_ref idref="fl-2"/>
      </object_component>
      <object_component id="oc-1a7">
         <name>.text:check_for_discharge_op</name>
         <load_address>0x87ee</load_address>
         <run_address>0x87ee</run_address>
         <size>0x68</size>
         <input_file_ref idref="fl-2"/>
      </object_component>
      <object_component id="oc-1b8">
         <name>.text:atoi</name>
         <load_address>0x8856</load_address>
         <run_address>0x8856</run_address>
         <size>0x62</size>
         <input_file_ref idref="fl-3b"/>
      </object_component>
      <object_component id="oc-18c">
         <name>.text:find_imbalanced_cell</name>
         <load_address>0x88b8</load_address>
         <run_address>0x88b8</run_address>
         <size>0x62</size>
         <input_file_ref idref="fl-2"/>
      </object_component>
      <object_component id="oc-1ab">
         <name>.text:USBCDC_bytesInUSBBuffer</name>
         <load_address>0x891a</load_address>
         <run_address>0x891a</run_address>
         <size>0x5c</size>
         <input_file_ref idref="fl-b"/>
      </object_component>
      <object_component id="oc-16d">
         <name>.text:sendData_waitTilDone</name>
         <load_address>0x8976</load_address>
         <run_address>0x8976</run_address>
         <size>0x5a</size>
         <input_file_ref idref="fl-9"/>
      </object_component>
      <object_component id="oc-1c6">
         <name>.text:__mpyll</name>
         <load_address>0x89d0</load_address>
         <run_address>0x89d0</run_address>
         <size>0x58</size>
         <input_file_ref idref="fl-4c"/>
      </object_component>
      <object_component id="oc-ad">
         <name>.text</name>
         <load_address>0x8a28</load_address>
         <run_address>0x8a28</run_address>
         <size>0x58</size>
         <input_file_ref idref="fl-2f"/>
      </object_component>
      <object_component id="oc-160">
         <name>.text:USB_init</name>
         <load_address>0x8a80</load_address>
         <run_address>0x8a80</run_address>
         <size>0x54</size>
         <input_file_ref idref="fl-f"/>
      </object_component>
      <object_component id="oc-12a">
         <name>.text:_auto_init</name>
         <load_address>0x8ad4</load_address>
         <run_address>0x8ad4</run_address>
         <size>0x54</size>
         <input_file_ref idref="fl-3c"/>
      </object_component>
      <object_component id="oc-1a0">
         <name>.text:Get_TLV_info</name>
         <load_address>0x8b28</load_address>
         <run_address>0x8b28</run_address>
         <size>0x50</size>
         <input_file_ref idref="fl-4"/>
      </object_component>
      <object_component id="oc-19c">
         <name>.text:usbSetEndpointFeature</name>
         <load_address>0x8b78</load_address>
         <run_address>0x8b78</run_address>
         <size>0x50</size>
         <input_file_ref idref="fl-f"/>
      </object_component>
      <object_component id="oc-1cc">
         <name>.text:_fcpy</name>
         <load_address>0x8bc8</load_address>
         <run_address>0x8bc8</run_address>
         <size>0x4e</size>
         <input_file_ref idref="fl-39"/>
      </object_component>
      <object_component id="oc-e6">
         <name>.text</name>
         <load_address>0x8c16</load_address>
         <run_address>0x8c16</run_address>
         <size>0x4a</size>
         <input_file_ref idref="fl-40"/>
      </object_component>
      <object_component id="oc-ee">
         <name>.text</name>
         <load_address>0x8c60</load_address>
         <run_address>0x8c60</run_address>
         <size>0x4a</size>
         <input_file_ref idref="fl-42"/>
      </object_component>
      <object_component id="oc-195">
         <name>.text:usbGetStringDescriptor</name>
         <load_address>0x8caa</load_address>
         <run_address>0x8caa</run_address>
         <size>0x4a</size>
         <input_file_ref idref="fl-f"/>
      </object_component>
      <object_component id="oc-188">
         <name>.text:CheckChargeDischargeModes</name>
         <load_address>0x8cf4</load_address>
         <run_address>0x8cf4</run_address>
         <size>0x48</size>
         <input_file_ref idref="fl-2"/>
      </object_component>
      <object_component id="oc-159">
         <name>.text:usbReceiveNextPacketOnOEP0</name>
         <load_address>0x8d3c</load_address>
         <run_address>0x8d3c</run_address>
         <size>0x48</size>
         <input_file_ref idref="fl-f"/>
      </object_component>
      <object_component id="oc-17d">
         <name>.text:SetVCoreUp</name>
         <load_address>0x8d84</load_address>
         <run_address>0x8d84</run_address>
         <size>0x46</size>
         <input_file_ref idref="fl-6"/>
      </object_component>
      <object_component id="oc-1b4">
         <name>.text:_pproc_fflags</name>
         <load_address>0x8dca</load_address>
         <run_address>0x8dca</run_address>
         <size>0x46</size>
         <input_file_ref idref="fl-39"/>
      </object_component>
      <object_component id="oc-16e">
         <name>.text:copy_cell_voltage_values</name>
         <load_address>0x8e10</load_address>
         <run_address>0x8e10</run_address>
         <size>0x46</size>
         <input_file_ref idref="fl-2"/>
      </object_component>
      <object_component id="oc-fe">
         <name>.text</name>
         <load_address>0x8e56</load_address>
         <run_address>0x8e56</run_address>
         <size>0x46</size>
         <input_file_ref idref="fl-46"/>
      </object_component>
      <object_component id="oc-134">
         <name>.text:SetupPacketInterruptHandler</name>
         <load_address>0x8e9c</load_address>
         <run_address>0x8e9c</run_address>
         <size>0x44</size>
         <input_file_ref idref="fl-c"/>
      </object_component>
      <object_component id="oc-183">
         <name>.text:USBCDC_sendData</name>
         <load_address>0x8ee0</load_address>
         <run_address>0x8ee0</run_address>
         <size>0x44</size>
         <input_file_ref idref="fl-b"/>
      </object_component>
      <object_component id="oc-187">
         <name>.text:sprintf</name>
         <load_address>0x8f24</load_address>
         <run_address>0x8f24</run_address>
         <size>0x44</size>
         <input_file_ref idref="fl-37"/>
      </object_component>
      <object_component id="oc-191">
         <name>.text:usbClearEndpointFeature</name>
         <load_address>0x8f68</load_address>
         <run_address>0x8f68</run_address>
         <size>0x44</size>
         <input_file_ref idref="fl-f"/>
      </object_component>
      <object_component id="oc-147">
         <name>.text:InitMCU</name>
         <load_address>0x8fac</load_address>
         <run_address>0x8fac</run_address>
         <size>0x42</size>
         <input_file_ref idref="fl-a"/>
      </object_component>
      <object_component id="oc-141">
         <name>.text:PWRVBUSoffHandler</name>
         <load_address>0x8fee</load_address>
         <run_address>0x8fee</run_address>
         <size>0x42</size>
         <input_file_ref idref="fl-c"/>
      </object_component>
      <object_component id="oc-1a8">
         <name>.text:enable_bypass_resistor</name>
         <load_address>0x9030</load_address>
         <run_address>0x9030</run_address>
         <size>0x42</size>
         <input_file_ref idref="fl-2"/>
      </object_component>
      <object_component id="oc-161">
         <name>.text:init_spi</name>
         <load_address>0x9072</load_address>
         <run_address>0x9072</run_address>
         <size>0x42</size>
         <input_file_ref idref="fl-7"/>
      </object_component>
      <object_component id="oc-189">
         <name>.text:CheckEndOfChargeOrDischargeModes</name>
         <load_address>0x90b4</load_address>
         <run_address>0x90b4</run_address>
         <size>0x40</size>
         <input_file_ref idref="fl-2"/>
      </object_component>
      <object_component id="oc-124">
         <name>.text</name>
         <load_address>0x90f4</load_address>
         <run_address>0x90f4</run_address>
         <size>0x40</size>
         <input_file_ref idref="fl-52"/>
      </object_component>
      <object_component id="oc-17e">
         <name>.text:Init_FLL_Settle</name>
         <load_address>0x9134</load_address>
         <run_address>0x9134</run_address>
         <size>0x3e</size>
         <input_file_ref idref="fl-5"/>
      </object_component>
      <object_component id="oc-180">
         <name>.text:USB_initMemcpy</name>
         <load_address>0x9172</load_address>
         <run_address>0x9172</run_address>
         <size>0x3e</size>
         <input_file_ref idref="fl-e"/>
      </object_component>
      <object_component id="oc-1d0">
         <name>.text:__lslll</name>
         <load_address>0x91b0</load_address>
         <run_address>0x91b0</run_address>
         <size>0x3e</size>
         <input_file_ref idref="fl-47"/>
      </object_component>
      <object_component id="oc-1cd">
         <name>.text:__lsrll</name>
         <load_address>0x91ee</load_address>
         <run_address>0x91ee</run_address>
         <size>0x3e</size>
         <input_file_ref idref="fl-47"/>
      </object_component>
      <object_component id="oc-17b">
         <name>.text:l_lsl_const</name>
         <load_address>0x922c</load_address>
         <run_address>0x922c</run_address>
         <size>0x3e</size>
         <input_file_ref idref="fl-32"/>
      </object_component>
      <object_component id="oc-1ac">
         <name>.text:l_lsr_const</name>
         <load_address>0x926a</load_address>
         <run_address>0x926a</run_address>
         <size>0x3e</size>
         <input_file_ref idref="fl-33"/>
      </object_component>
      <object_component id="oc-17c">
         <name>.text:SetVCoreDown</name>
         <load_address>0x92a8</load_address>
         <run_address>0x92a8</run_address>
         <size>0x3c</size>
         <input_file_ref idref="fl-6"/>
      </object_component>
      <object_component id="oc-1c7">
         <name>.text:_FDtest</name>
         <load_address>0x92e4</load_address>
         <run_address>0x92e4</run_address>
         <size>0x3c</size>
         <input_file_ref idref="fl-50"/>
      </object_component>
      <object_component id="oc-18b">
         <name>.text:receiveDataInBuffer</name>
         <load_address>0x9320</load_address>
         <run_address>0x9320</run_address>
         <size>0x3c</size>
         <input_file_ref idref="fl-9"/>
      </object_component>
      <object_component id="oc-18d">
         <name>.text:usbGetLineCoding</name>
         <load_address>0x935c</load_address>
         <run_address>0x935c</run_address>
         <size>0x3a</size>
         <input_file_ref idref="fl-b"/>
      </object_component>
      <object_component id="oc-14e">
         <name>.text:BQAlertSignalTask</name>
         <load_address>0x9396</load_address>
         <run_address>0x9396</run_address>
         <size>0x38</size>
         <input_file_ref idref="fl-a"/>
      </object_component>
      <object_component id="oc-14d">
         <name>.text:BQFaultSignalTask</name>
         <load_address>0x93ce</load_address>
         <run_address>0x93ce</run_address>
         <size>0x38</size>
         <input_file_ref idref="fl-a"/>
      </object_component>
      <object_component id="oc-15f">
         <name>.text:Init_Clock</name>
         <load_address>0x9406</load_address>
         <run_address>0x9406</run_address>
         <size>0x38</size>
         <input_file_ref idref="fl-a"/>
      </object_component>
      <object_component id="oc-174">
         <name>.text:BatteryPackManager</name>
         <load_address>0x943e</load_address>
         <run_address>0x943e</run_address>
         <size>0x32</size>
         <input_file_ref idref="fl-2"/>
      </object_component>
      <object_component id="oc-165">
         <name>.text:USB_connectionInfo</name>
         <load_address>0x9470</load_address>
         <run_address>0x9470</run_address>
         <size>0x32</size>
         <input_file_ref idref="fl-f"/>
      </object_component>
      <object_component id="oc-13b">
         <name>.text:USB_suspend</name>
         <load_address>0x94a2</load_address>
         <run_address>0x94a2</run_address>
         <size>0x32</size>
         <input_file_ref idref="fl-f"/>
      </object_component>
      <object_component id="oc-1bc">
         <name>.text:memccpy</name>
         <load_address>0x94d4</load_address>
         <run_address>0x94d4</run_address>
         <size>0x32</size>
         <input_file_ref idref="fl-49"/>
      </object_component>
      <object_component id="oc-178">
         <name>.text:usbSetAddress</name>
         <load_address>0x9506</load_address>
         <run_address>0x9506</run_address>
         <size>0x32</size>
         <input_file_ref idref="fl-f"/>
      </object_component>
      <object_component id="oc-143">
         <name>.text:PWRVBUSonHandler</name>
         <load_address>0x9538</load_address>
         <run_address>0x9538</run_address>
         <size>0x30</size>
         <input_file_ref idref="fl-c"/>
      </object_component>
      <object_component id="oc-15e">
         <name>.text:SetVCore</name>
         <load_address>0x9568</load_address>
         <run_address>0x9568</run_address>
         <size>0x30</size>
         <input_file_ref idref="fl-6"/>
      </object_component>
      <object_component id="oc-15a">
         <name>.text:Handler_SetLineCoding</name>
         <load_address>0x9598</load_address>
         <run_address>0x9598</run_address>
         <size>0x2e</size>
         <input_file_ref idref="fl-b"/>
      </object_component>
      <object_component id="oc-15d">
         <name>.text:Init_Ports</name>
         <load_address>0x95c6</load_address>
         <run_address>0x95c6</run_address>
         <size>0x2e</size>
         <input_file_ref idref="fl-a"/>
      </object_component>
      <object_component id="oc-13f">
         <name>.text:OEP0InterruptHandler</name>
         <load_address>0x95f4</load_address>
         <run_address>0x95f4</run_address>
         <size>0x2c</size>
         <input_file_ref idref="fl-c"/>
      </object_component>
      <object_component id="oc-158">
         <name>.text:CdcResetData</name>
         <load_address>0x9620</load_address>
         <run_address>0x9620</run_address>
         <size>0x2a</size>
         <input_file_ref idref="fl-b"/>
      </object_component>
      <object_component id="oc-15c">
         <name>.text:USB_connect</name>
         <load_address>0x964a</load_address>
         <run_address>0x964a</run_address>
         <size>0x28</size>
         <input_file_ref idref="fl-f"/>
      </object_component>
      <object_component id="oc-1a1">
         <name>.text:memcpyDMA1</name>
         <load_address>0x9672</load_address>
         <run_address>0x9672</run_address>
         <size>0x28</size>
         <input_file_ref idref="fl-e"/>
      </object_component>
      <object_component id="oc-197">
         <name>.text:usbGetDeviceStatus</name>
         <load_address>0x969a</load_address>
         <run_address>0x969a</run_address>
         <size>0x28</size>
         <input_file_ref idref="fl-f"/>
      </object_component>
      <object_component id="oc-1a9">
         <name>.text:disable_all_bypass_resistors</name>
         <load_address>0x96c2</load_address>
         <run_address>0x96c2</run_address>
         <size>0x26</size>
         <input_file_ref idref="fl-2"/>
      </object_component>
      <object_component id="oc-19a">
         <name>.text:usbSetConfiguration</name>
         <load_address>0x96e8</load_address>
         <run_address>0x96e8</run_address>
         <size>0x26</size>
         <input_file_ref idref="fl-f"/>
      </object_component>
      <object_component id="oc-163">
         <name>.text:Init1SecTimer</name>
         <load_address>0x970e</load_address>
         <run_address>0x970e</run_address>
         <size>0x24</size>
         <input_file_ref idref="fl-a"/>
      </object_component>
      <object_component id="oc-131">
         <name>.text:USB_disable</name>
         <load_address>0x9732</load_address>
         <run_address>0x9732</run_address>
         <size>0x22</size>
         <input_file_ref idref="fl-f"/>
      </object_component>
      <object_component id="oc-c1">
         <name>.text</name>
         <load_address>0x9754</load_address>
         <run_address>0x9754</run_address>
         <size>0x22</size>
         <input_file_ref idref="fl-35"/>
      </object_component>
      <object_component id="oc-190">
         <name>.text:usbClearDeviceFeature</name>
         <load_address>0x9776</load_address>
         <run_address>0x9776</run_address>
         <size>0x22</size>
         <input_file_ref idref="fl-f"/>
      </object_component>
      <object_component id="oc-19b">
         <name>.text:usbSetDeviceFeature</name>
         <load_address>0x9798</load_address>
         <run_address>0x9798</run_address>
         <size>0x22</size>
         <input_file_ref idref="fl-f"/>
      </object_component>
      <object_component id="oc-14f">
         <name>.text:DRDYSignalTask</name>
         <load_address>0x97ba</load_address>
         <run_address>0x97ba</run_address>
         <size>0x20</size>
         <input_file_ref idref="fl-a"/>
      </object_component>
      <object_component id="oc-1a3">
         <name>.text:_outs</name>
         <load_address>0x97da</load_address>
         <run_address>0x97da</run_address>
         <size>0x20</size>
         <input_file_ref idref="fl-37"/>
      </object_component>
      <object_component id="oc-1ad">
         <name>.text:usbSendDataPacketOnEP0</name>
         <load_address>0x97fa</load_address>
         <run_address>0x97fa</run_address>
         <size>0x20</size>
         <input_file_ref idref="fl-f"/>
      </object_component>
      <object_component id="oc-17a">
         <name>.text:XT2_Start</name>
         <load_address>0x981a</load_address>
         <run_address>0x981a</run_address>
         <size>0x1e</size>
         <input_file_ref idref="fl-5"/>
      </object_component>
      <object_component id="oc-140">
         <name>.text:IEP0InterruptHandler</name>
         <load_address>0x9838</load_address>
         <run_address>0x9838</run_address>
         <size>0x1c</size>
         <input_file_ref idref="fl-c"/>
      </object_component>
      <object_component id="oc-196">
         <name>.text:usbGetInterface</name>
         <load_address>0x9854</load_address>
         <run_address>0x9854</run_address>
         <size>0x1a</size>
         <input_file_ref idref="fl-f"/>
      </object_component>
      <object_component id="oc-198">
         <name>.text:usbGetInterfaceStatus</name>
         <load_address>0x986e</load_address>
         <run_address>0x986e</run_address>
         <size>0x1a</size>
         <input_file_ref idref="fl-f"/>
      </object_component>
      <object_component id="oc-139">
         <name>.text:USB_resume</name>
         <load_address>0x9888</load_address>
         <run_address>0x9888</run_address>
         <size>0x18</size>
         <input_file_ref idref="fl-f"/>
      </object_component>
      <object_component id="oc-1c1">
         <name>.text:_FDclass</name>
         <load_address>0x98a0</load_address>
         <run_address>0x98a0</run_address>
         <size>0x18</size>
         <input_file_ref idref="fl-4f"/>
      </object_component>
      <object_component id="oc-182">
         <name>.text:calculate_crc</name>
         <load_address>0x98b8</load_address>
         <run_address>0x98b8</run_address>
         <size>0x18</size>
         <input_file_ref idref="fl-7"/>
      </object_component>
      <object_component id="oc-19d">
         <name>.text:usbSetInterface</name>
         <load_address>0x98d0</load_address>
         <run_address>0x98d0</run_address>
         <size>0x18</size>
         <input_file_ref idref="fl-f"/>
      </object_component>
      <object_component id="oc-1b9">
         <name>.text:memset</name>
         <load_address>0x98e8</load_address>
         <run_address>0x98e8</run_address>
         <size>0x16</size>
         <input_file_ref idref="fl-4a"/>
      </object_component>
      <object_component id="oc-de">
         <name>.text</name>
         <load_address>0x98fe</load_address>
         <run_address>0x98fe</run_address>
         <size>0x16</size>
         <input_file_ref idref="fl-3e"/>
      </object_component>
      <object_component id="oc-10e">
         <name>.text</name>
         <load_address>0x9914</load_address>
         <run_address>0x9914</run_address>
         <size>0x16</size>
         <input_file_ref idref="fl-4b"/>
      </object_component>
      <object_component id="oc-1b3">
         <name>.text:strlen</name>
         <load_address>0x992a</load_address>
         <run_address>0x992a</run_address>
         <size>0x16</size>
         <input_file_ref idref="fl-4d"/>
      </object_component>
      <object_component id="oc-144">
         <name>.text:USB_handleVbusOnEvent</name>
         <load_address>0x9940</load_address>
         <run_address>0x9940</run_address>
         <size>0x14</size>
         <input_file_ref idref="fl-10"/>
      </object_component>
      <object_component id="oc-1a4">
         <name>.text:_outc</name>
         <load_address>0x9954</load_address>
         <run_address>0x9954</run_address>
         <size>0x14</size>
         <input_file_ref idref="fl-37"/>
      </object_component>
      <object_component id="oc-146">
         <name>.text:memcpy</name>
         <load_address>0x9968</load_address>
         <run_address>0x9968</run_address>
         <size>0x14</size>
         <input_file_ref idref="fl-34"/>
      </object_component>
      <object_component id="oc-1ae">
         <name>.text:usbReceiveDataPacketOnEP0</name>
         <load_address>0x997c</load_address>
         <run_address>0x997c</run_address>
         <size>0x14</size>
         <input_file_ref idref="fl-f"/>
      </object_component>
      <object_component id="oc-133">
         <name>.text:get_u32_value</name>
         <load_address>0x9990</load_address>
         <run_address>0x9990</run_address>
         <size>0x12</size>
         <input_file_ref idref="fl-3"/>
      </object_component>
      <object_component id="oc-1c0">
         <name>.text:toupper</name>
         <load_address>0x99a2</load_address>
         <run_address>0x99a2</run_address>
         <size>0x12</size>
         <input_file_ref idref="fl-4e"/>
      </object_component>
      <object_component id="oc-194">
         <name>.text:usbGetConfigurationDescriptor</name>
         <load_address>0x99b4</load_address>
         <run_address>0x99b4</run_address>
         <size>0x12</size>
         <input_file_ref idref="fl-f"/>
      </object_component>
      <object_component id="oc-193">
         <name>.text:usbGetDeviceDescriptor</name>
         <load_address>0x99c6</load_address>
         <run_address>0x99c6</run_address>
         <size>0x12</size>
         <input_file_ref idref="fl-f"/>
      </object_component>
      <object_component id="oc-170">
         <name>.text:CheckFaultConditions</name>
         <load_address>0x99d8</load_address>
         <run_address>0x99d8</run_address>
         <size>0x10</size>
         <input_file_ref idref="fl-2"/>
      </object_component>
      <object_component id="oc-1d1">
         <name>.text:l_lsr</name>
         <load_address>0x99e8</load_address>
         <run_address>0x99e8</run_address>
         <size>0x10</size>
         <input_file_ref idref="fl-33"/>
      </object_component>
      <object_component id="oc-192">
         <name>.text:usbGetConfiguration</name>
         <load_address>0x99f8</load_address>
         <run_address>0x99f8</run_address>
         <size>0x10</size>
         <input_file_ref idref="fl-f"/>
      </object_component>
      <object_component id="oc-19e">
         <name>.text:usbInvalidRequest</name>
         <load_address>0x9a08</load_address>
         <run_address>0x9a08</run_address>
         <size>0x10</size>
         <input_file_ref idref="fl-f"/>
      </object_component>
      <object_component id="oc-12f">
         <name>.text:BQ76PL536_ALERT_ISR</name>
         <load_address>0x9a18</load_address>
         <run_address>0x9a18</run_address>
         <size>0xe</size>
         <input_file_ref idref="fl-a"/>
      </object_component>
      <object_component id="oc-130">
         <name>.text:BQ76PL536_DRDY_ISR</name>
         <load_address>0x9a26</load_address>
         <run_address>0x9a26</run_address>
         <size>0xe</size>
         <input_file_ref idref="fl-a"/>
      </object_component>
      <object_component id="oc-12e">
         <name>.text:BQ76PL536_FAULT_ISR</name>
         <load_address>0x9a34</load_address>
         <run_address>0x9a34</run_address>
         <size>0xe</size>
         <input_file_ref idref="fl-a"/>
      </object_component>
      <object_component id="oc-135">
         <name>.text:CdcIsReceiveInProgress</name>
         <load_address>0x9a42</load_address>
         <run_address>0x9a42</run_address>
         <size>0xe</size>
         <input_file_ref idref="fl-b"/>
      </object_component>
      <object_component id="oc-12d">
         <name>.text:NotUsedPortISR</name>
         <load_address>0x9a50</load_address>
         <run_address>0x9a50</run_address>
         <size>0xe</size>
         <input_file_ref idref="fl-a"/>
      </object_component>
      <object_component id="oc-151">
         <name>.text:bq_pack_start_conv</name>
         <load_address>0x9a5e</load_address>
         <run_address>0x9a5e</run_address>
         <size>0xe</size>
         <input_file_ref idref="fl-2"/>
      </object_component>
      <object_component id="oc-1af">
         <name>.text:usbSendZeroLengthPacketOnIEP0</name>
         <load_address>0x9a6c</load_address>
         <run_address>0x9a6c</run_address>
         <size>0xe</size>
         <input_file_ref idref="fl-f"/>
      </object_component>
      <object_component id="oc-1d2">
         <name>.text:abs</name>
         <load_address>0x9a7a</load_address>
         <run_address>0x9a7a</run_address>
         <size>0xa</size>
         <input_file_ref idref="fl-51"/>
      </object_component>
      <object_component id="oc-f6">
         <name>.text</name>
         <load_address>0x9a84</load_address>
         <run_address>0x9a84</run_address>
         <size>0xa</size>
         <input_file_ref idref="fl-44"/>
      </object_component>
      <object_component id="oc-b4">
         <name>.text</name>
         <load_address>0x9a8e</load_address>
         <run_address>0x9a8e</run_address>
         <size>0xa</size>
         <input_file_ref idref="fl-31"/>
      </object_component>
      <object_component id="oc-132">
         <name>.text:Timer1SecExpiredTask</name>
         <load_address>0x9a98</load_address>
         <run_address>0x9a98</run_address>
         <size>0x8</size>
         <input_file_ref idref="fl-a"/>
      </object_component>
      <object_component id="oc-136">
         <name>.text:USBCDC_handleDataReceived</name>
         <load_address>0x9aa0</load_address>
         <run_address>0x9aa0</run_address>
         <size>0x8</size>
         <input_file_ref idref="fl-10"/>
      </object_component>
      <object_component id="oc-155">
         <name>.text:USBCDC_handleReceiveCompleted</name>
         <load_address>0x9aa8</load_address>
         <run_address>0x9aa8</run_address>
         <size>0x8</size>
         <input_file_ref idref="fl-10"/>
      </object_component>
      <object_component id="oc-156">
         <name>.text:USBCDC_handleSendCompleted</name>
         <load_address>0x9ab0</load_address>
         <run_address>0x9ab0</run_address>
         <size>0x8</size>
         <input_file_ref idref="fl-10"/>
      </object_component>
      <object_component id="oc-164">
         <name>.text:USB_setEnabledEvents</name>
         <load_address>0x9ab8</load_address>
         <run_address>0x9ab8</run_address>
         <size>0x8</size>
         <input_file_ref idref="fl-f"/>
      </object_component>
      <object_component id="oc-18e">
         <name>.text:usbSetLineCoding</name>
         <load_address>0x9ac0</load_address>
         <run_address>0x9ac0</run_address>
         <size>0x8</size>
         <input_file_ref idref="fl-b"/>
      </object_component>
      <object_component id="oc-14a">
         <name>.text:GoToLowPowerMode</name>
         <load_address>0x9ac8</load_address>
         <run_address>0x9ac8</run_address>
         <size>0x6</size>
         <input_file_ref idref="fl-a"/>
      </object_component>
      <object_component id="oc-145">
         <name>.text:USB_handleClockEvent</name>
         <load_address>0x9ace</load_address>
         <run_address>0x9ace</run_address>
         <size>0x4</size>
         <input_file_ref idref="fl-10"/>
      </object_component>
      <object_component id="oc-179">
         <name>.text:USB_handleEnumCompleteEvent</name>
         <load_address>0x9ad2</load_address>
         <run_address>0x9ad2</run_address>
         <size>0x4</size>
         <input_file_ref idref="fl-10"/>
      </object_component>
      <object_component id="oc-13e">
         <name>.text:USB_handleResetEvent</name>
         <load_address>0x9ad6</load_address>
         <run_address>0x9ad6</run_address>
         <size>0x4</size>
         <input_file_ref idref="fl-10"/>
      </object_component>
      <object_component id="oc-13a">
         <name>.text:USB_handleResumeEvent</name>
         <load_address>0x9ada</load_address>
         <run_address>0x9ada</run_address>
         <size>0x4</size>
         <input_file_ref idref="fl-10"/>
      </object_component>
      <object_component id="oc-13c">
         <name>.text:USB_handleSuspendEvent</name>
         <load_address>0x9ade</load_address>
         <run_address>0x9ade</run_address>
         <size>0x4</size>
         <input_file_ref idref="fl-10"/>
      </object_component>
      <object_component id="oc-142">
         <name>.text:USB_handleVbusOffEvent</name>
         <load_address>0x9ae2</load_address>
         <run_address>0x9ae2</run_address>
         <size>0x4</size>
         <input_file_ref idref="fl-10"/>
      </object_component>
      <object_component id="oc-129">
         <name>.text:_system_pre_init</name>
         <load_address>0x9ae6</load_address>
         <run_address>0x9ae6</run_address>
         <size>0x4</size>
         <input_file_ref idref="fl-36"/>
      </object_component>
      <object_component id="oc-12c">
         <name>.text:abort</name>
         <load_address>0x9aea</load_address>
         <run_address>0x9aea</run_address>
         <size>0x4</size>
         <input_file_ref idref="fl-30"/>
      </object_component>
      <object_component id="oc-18f">
         <name>.text:usbSetControlLineState</name>
         <load_address>0x9aee</load_address>
         <run_address>0x9aee</run_address>
         <size>0x4</size>
         <input_file_ref idref="fl-b"/>
      </object_component>
      <object_component id="oc-128">
         <name>.text:_nop</name>
         <load_address>0x9af2</load_address>
         <run_address>0x9af2</run_address>
         <size>0x2</size>
         <input_file_ref idref="fl-38"/>
      </object_component>
      <object_component id="oc-89">
         <name>.text:_isr:iUsbInterruptHandler</name>
         <load_address>0x4400</load_address>
         <run_address>0x4400</run_address>
         <size>0x12c</size>
         <input_file_ref idref="fl-c"/>
      </object_component>
      <object_component id="oc-7a">
         <name>.text:_isr:Timer1SecISR</name>
         <load_address>0x452c</load_address>
         <run_address>0x452c</run_address>
         <size>0x42</size>
         <input_file_ref idref="fl-a"/>
      </object_component>
      <object_component id="oc-79">
         <name>.text:_isr:UNMI_ISR</name>
         <load_address>0x456e</load_address>
         <run_address>0x456e</run_address>
         <size>0x36</size>
         <input_file_ref idref="fl-a"/>
      </object_component>
      <object_component id="oc-4f">
         <name>.text:_isr:_c_int00_noexit</name>
         <load_address>0x45a4</load_address>
         <run_address>0x45a4</run_address>
         <size>0x2a</size>
         <input_file_ref idref="fl-2b"/>
      </object_component>
      <object_component id="oc-7b">
         <name>.text:_isr:PORT_ISR</name>
         <load_address>0x45ce</load_address>
         <run_address>0x45ce</run_address>
         <size>0x1c</size>
         <input_file_ref idref="fl-a"/>
      </object_component>
      <object_component id="oc-78">
         <name>.cinit</name>
         <load_address>0x45ea</load_address>
         <run_address>0x45ea</run_address>
         <size>0x92</size>
         <input_file_ref idref="fl-a"/>
      </object_component>
      <object_component id="oc-96">
         <name>.cinit</name>
         <load_address>0x467c</load_address>
         <run_address>0x467c</run_address>
         <size>0x17</size>
         <input_file_ref idref="fl-f"/>
      </object_component>
      <object_component id="oc-82">
         <name>.cinit</name>
         <load_address>0x4694</load_address>
         <run_address>0x4694</run_address>
         <size>0xa</size>
         <input_file_ref idref="fl-b"/>
      </object_component>
      <object_component id="oc-52">
         <name>.cinit</name>
         <load_address>0x469e</load_address>
         <run_address>0x469e</run_address>
         <size>0x7</size>
         <input_file_ref idref="fl-2"/>
      </object_component>
      <object_component id="oc-7c">
         <name>.const:.string</name>
         <load_address>0x9af4</load_address>
         <run_address>0x9af4</run_address>
         <size>0x460</size>
         <input_file_ref idref="fl-a"/>
      </object_component>
      <object_component id="oc-53">
         <name>.const:.string</name>
         <load_address>0x9f54</load_address>
         <run_address>0x9f54</run_address>
         <size>0x13c</size>
         <input_file_ref idref="fl-2"/>
      </object_component>
      <object_component id="oc-177">
         <name>.const:tUsbRequestList</name>
         <load_address>0xa090</load_address>
         <run_address>0xa090</run_address>
         <size>0x10a</size>
         <input_file_ref idref="fl-f"/>
      </object_component>
      <object_component id="oc-1bd">
         <name>.const:.string:_ctypes_</name>
         <load_address>0xa19a</load_address>
         <run_address>0xa19a</run_address>
         <size>0x101</size>
         <input_file_ref idref="fl-3d"/>
      </object_component>
      <object_component id="oc-1a2">
         <name>.const:.string:CrcTable</name>
         <load_address>0xa29c</load_address>
         <run_address>0xa29c</run_address>
         <size>0x100</size>
         <input_file_ref idref="fl-7"/>
      </object_component>
      <object_component id="oc-1b2">
         <name>.const:.string:abromStringDescriptor</name>
         <load_address>0xa39c</load_address>
         <run_address>0xa39c</run_address>
         <size>0x9c</size>
         <input_file_ref idref="fl-d"/>
      </object_component>
      <object_component id="oc-152">
         <name>.const:DATA_FLASH</name>
         <load_address>0xa438</load_address>
         <run_address>0xa438</run_address>
         <size>0x88</size>
         <input_file_ref idref="fl-3"/>
      </object_component>
      <object_component id="oc-181">
         <name>.const:.string:spi_regs_rw_mask</name>
         <load_address>0xa4c0</load_address>
         <run_address>0xa4c0</run_address>
         <size>0x50</size>
         <input_file_ref idref="fl-7"/>
      </object_component>
      <object_component id="oc-1b1">
         <name>.const:.string:abromConfigurationDescriptorGroup</name>
         <load_address>0xa510</load_address>
         <run_address>0xa510</run_address>
         <size>0x35</size>
         <input_file_ref idref="fl-d"/>
      </object_component>
      <object_component id="oc-d0">
         <name>.const:.string</name>
         <load_address>0xa546</load_address>
         <run_address>0xa546</run_address>
         <size>0x24</size>
         <input_file_ref idref="fl-39"/>
      </object_component>
      <object_component id="oc-1b0">
         <name>.const:.string:abromDeviceDescriptor</name>
         <load_address>0xa56a</load_address>
         <run_address>0xa56a</run_address>
         <size>0x12</size>
         <input_file_ref idref="fl-d"/>
      </object_component>
      <object_component id="oc-83">
         <name>.const</name>
         <load_address>0xa57c</load_address>
         <run_address>0xa57c</run_address>
         <size>0x3</size>
         <input_file_ref idref="fl-b"/>
      </object_component>
      <object_component id="oc-76">
         <name>.int47</name>
         <load_address>0xffde</load_address>
         <run_address>0xffde</run_address>
         <size>0x2</size>
         <input_file_ref idref="fl-a"/>
      </object_component>
      <object_component id="oc-88">
         <name>.int51</name>
         <load_address>0xffe6</load_address>
         <run_address>0xffe6</run_address>
         <size>0x2</size>
         <input_file_ref idref="fl-c"/>
      </object_component>
      <object_component id="oc-75">
         <name>.int53</name>
         <load_address>0xffea</load_address>
         <run_address>0xffea</run_address>
         <size>0x2</size>
         <input_file_ref idref="fl-a"/>
      </object_component>
      <object_component id="oc-77">
         <name>.int61</name>
         <load_address>0xfffa</load_address>
         <run_address>0xfffa</run_address>
         <size>0x2</size>
         <input_file_ref idref="fl-a"/>
      </object_component>
      <object_component id="oc-a1">
         <name>.reset</name>
         <load_address>0xfffe</load_address>
         <run_address>0xfffe</run_address>
         <size>0x2</size>
         <input_file_ref idref="fl-2b"/>
      </object_component>
      <object_component id="oc-51">
         <name>.debug_info</name>
         <load_address>0x0</load_address>
         <run_address>0x0</run_address>
         <size>0x3d92</size>
         <input_file_ref idref="fl-2"/>
      </object_component>
      <object_component id="oc-57">
         <name>.debug_info</name>
         <load_address>0x3d92</load_address>
         <run_address>0x3d92</run_address>
         <size>0x5be</size>
         <input_file_ref idref="fl-3"/>
      </object_component>
      <object_component id="oc-5b">
         <name>.debug_info</name>
         <load_address>0x4350</load_address>
         <run_address>0x4350</run_address>
         <size>0x3b2</size>
         <input_file_ref idref="fl-4"/>
      </object_component>
      <object_component id="oc-5f">
         <name>.debug_info</name>
         <load_address>0x4702</load_address>
         <run_address>0x4702</run_address>
         <size>0x7fa</size>
         <input_file_ref idref="fl-5"/>
      </object_component>
      <object_component id="oc-63">
         <name>.debug_info</name>
         <load_address>0x4efc</load_address>
         <run_address>0x4efc</run_address>
         <size>0x6e5</size>
         <input_file_ref idref="fl-6"/>
      </object_component>
      <object_component id="oc-67">
         <name>.debug_info</name>
         <load_address>0x55e1</load_address>
         <run_address>0x55e1</run_address>
         <size>0xd34</size>
         <input_file_ref idref="fl-7"/>
      </object_component>
      <object_component id="oc-6b">
         <name>.debug_info</name>
         <load_address>0x6315</load_address>
         <run_address>0x6315</run_address>
         <size>0x34f</size>
         <input_file_ref idref="fl-8"/>
      </object_component>
      <object_component id="oc-6f">
         <name>.debug_info</name>
         <load_address>0x6664</load_address>
         <run_address>0x6664</run_address>
         <size>0x7a3</size>
         <input_file_ref idref="fl-9"/>
      </object_component>
      <object_component id="oc-74">
         <name>.debug_info</name>
         <load_address>0x6e07</load_address>
         <run_address>0x6e07</run_address>
         <size>0x4f6d</size>
         <input_file_ref idref="fl-a"/>
      </object_component>
      <object_component id="oc-81">
         <name>.debug_info</name>
         <load_address>0xbd74</load_address>
         <run_address>0xbd74</run_address>
         <size>0x186f</size>
         <input_file_ref idref="fl-b"/>
      </object_component>
      <object_component id="oc-87">
         <name>.debug_info</name>
         <load_address>0xd5e3</load_address>
         <run_address>0xd5e3</run_address>
         <size>0x111b</size>
         <input_file_ref idref="fl-c"/>
      </object_component>
      <object_component id="oc-8d">
         <name>.debug_info</name>
         <load_address>0xe6fe</load_address>
         <run_address>0xe6fe</run_address>
         <size>0x2f8</size>
         <input_file_ref idref="fl-d"/>
      </object_component>
      <object_component id="oc-90">
         <name>.debug_info</name>
         <load_address>0xe9f6</load_address>
         <run_address>0xe9f6</run_address>
         <size>0x5d3</size>
         <input_file_ref idref="fl-e"/>
      </object_component>
      <object_component id="oc-95">
         <name>.debug_info</name>
         <load_address>0xefc9</load_address>
         <run_address>0xefc9</run_address>
         <size>0x2862</size>
         <input_file_ref idref="fl-f"/>
      </object_component>
      <object_component id="oc-9a">
         <name>.debug_info</name>
         <load_address>0x1182b</load_address>
         <run_address>0x1182b</run_address>
         <size>0x9fe</size>
         <input_file_ref idref="fl-10"/>
      </object_component>
      <object_component id="oc-9f">
         <name>.debug_info</name>
         <load_address>0x12229</load_address>
         <run_address>0x12229</run_address>
         <size>0x437</size>
         <input_file_ref idref="fl-2b"/>
      </object_component>
      <object_component id="oc-a4">
         <name>.debug_info</name>
         <load_address>0x12660</load_address>
         <run_address>0x12660</run_address>
         <size>0x25f</size>
         <input_file_ref idref="fl-2c"/>
      </object_component>
      <object_component id="oc-a7">
         <name>.debug_info</name>
         <load_address>0x128bf</load_address>
         <run_address>0x128bf</run_address>
         <size>0x217</size>
         <input_file_ref idref="fl-2d"/>
      </object_component>
      <object_component id="oc-aa">
         <name>.debug_info</name>
         <load_address>0x12ad6</load_address>
         <run_address>0x12ad6</run_address>
         <size>0x226</size>
         <input_file_ref idref="fl-2e"/>
      </object_component>
      <object_component id="oc-ae">
         <name>.debug_info</name>
         <load_address>0x12cfc</load_address>
         <run_address>0x12cfc</run_address>
         <size>0xba</size>
         <input_file_ref idref="fl-2f"/>
      </object_component>
      <object_component id="oc-b1">
         <name>.debug_info</name>
         <load_address>0x12db6</load_address>
         <run_address>0x12db6</run_address>
         <size>0x2c6</size>
         <input_file_ref idref="fl-30"/>
      </object_component>
      <object_component id="oc-b5">
         <name>.debug_info</name>
         <load_address>0x1307c</load_address>
         <run_address>0x1307c</run_address>
         <size>0xb5</size>
         <input_file_ref idref="fl-31"/>
      </object_component>
      <object_component id="oc-b8">
         <name>.debug_info</name>
         <load_address>0x13131</load_address>
         <run_address>0x13131</run_address>
         <size>0xbb</size>
         <input_file_ref idref="fl-32"/>
      </object_component>
      <object_component id="oc-bb">
         <name>.debug_info</name>
         <load_address>0x131ec</load_address>
         <run_address>0x131ec</run_address>
         <size>0xe8</size>
         <input_file_ref idref="fl-33"/>
      </object_component>
      <object_component id="oc-be">
         <name>.debug_info</name>
         <load_address>0x132d4</load_address>
         <run_address>0x132d4</run_address>
         <size>0x2ab</size>
         <input_file_ref idref="fl-34"/>
      </object_component>
      <object_component id="oc-c2">
         <name>.debug_info</name>
         <load_address>0x1357f</load_address>
         <run_address>0x1357f</run_address>
         <size>0xc7</size>
         <input_file_ref idref="fl-35"/>
      </object_component>
      <object_component id="oc-c5">
         <name>.debug_info</name>
         <load_address>0x13646</load_address>
         <run_address>0x13646</run_address>
         <size>0x224</size>
         <input_file_ref idref="fl-36"/>
      </object_component>
      <object_component id="oc-c8">
         <name>.debug_info</name>
         <load_address>0x1386a</load_address>
         <run_address>0x1386a</run_address>
         <size>0x40f</size>
         <input_file_ref idref="fl-37"/>
      </object_component>
      <object_component id="oc-cc">
         <name>.debug_info</name>
         <load_address>0x13c79</load_address>
         <run_address>0x13c79</run_address>
         <size>0x23b</size>
         <input_file_ref idref="fl-38"/>
      </object_component>
      <object_component id="oc-cf">
         <name>.debug_info</name>
         <load_address>0x13eb4</load_address>
         <run_address>0x13eb4</run_address>
         <size>0x2088</size>
         <input_file_ref idref="fl-39"/>
      </object_component>
      <object_component id="oc-d3">
         <name>.debug_info</name>
         <load_address>0x15f3c</load_address>
         <run_address>0x15f3c</run_address>
         <size>0x277</size>
         <input_file_ref idref="fl-3a"/>
      </object_component>
      <object_component id="oc-d6">
         <name>.debug_info</name>
         <load_address>0x161b3</load_address>
         <run_address>0x161b3</run_address>
         <size>0x308</size>
         <input_file_ref idref="fl-3b"/>
      </object_component>
      <object_component id="oc-d9">
         <name>.debug_info</name>
         <load_address>0x164bb</load_address>
         <run_address>0x164bb</run_address>
         <size>0x389</size>
         <input_file_ref idref="fl-3c"/>
      </object_component>
      <object_component id="oc-dc">
         <name>.debug_info</name>
         <load_address>0x16844</load_address>
         <run_address>0x16844</run_address>
         <size>0x1f0</size>
         <input_file_ref idref="fl-3d"/>
      </object_component>
      <object_component id="oc-df">
         <name>.debug_info</name>
         <load_address>0x16a34</load_address>
         <run_address>0x16a34</run_address>
         <size>0xb8</size>
         <input_file_ref idref="fl-3e"/>
      </object_component>
      <object_component id="oc-e3">
         <name>.debug_info</name>
         <load_address>0x16aec</load_address>
         <run_address>0x16aec</run_address>
         <size>0xbc</size>
         <input_file_ref idref="fl-3f"/>
      </object_component>
      <object_component id="oc-e7">
         <name>.debug_info</name>
         <load_address>0x16ba8</load_address>
         <run_address>0x16ba8</run_address>
         <size>0xc8</size>
         <input_file_ref idref="fl-40"/>
      </object_component>
      <object_component id="oc-eb">
         <name>.debug_info</name>
         <load_address>0x16c70</load_address>
         <run_address>0x16c70</run_address>
         <size>0xbc</size>
         <input_file_ref idref="fl-41"/>
      </object_component>
      <object_component id="oc-ef">
         <name>.debug_info</name>
         <load_address>0x16d2c</load_address>
         <run_address>0x16d2c</run_address>
         <size>0xc5</size>
         <input_file_ref idref="fl-42"/>
      </object_component>
      <object_component id="oc-f3">
         <name>.debug_info</name>
         <load_address>0x16df1</load_address>
         <run_address>0x16df1</run_address>
         <size>0xbc</size>
         <input_file_ref idref="fl-43"/>
      </object_component>
      <object_component id="oc-f7">
         <name>.debug_info</name>
         <load_address>0x16ead</load_address>
         <run_address>0x16ead</run_address>
         <size>0xbc</size>
         <input_file_ref idref="fl-44"/>
      </object_component>
      <object_component id="oc-fb">
         <name>.debug_info</name>
         <load_address>0x16f69</load_address>
         <run_address>0x16f69</run_address>
         <size>0xce</size>
         <input_file_ref idref="fl-45"/>
      </object_component>
      <object_component id="oc-ff">
         <name>.debug_info</name>
         <load_address>0x17037</load_address>
         <run_address>0x17037</run_address>
         <size>0xc8</size>
         <input_file_ref idref="fl-46"/>
      </object_component>
      <object_component id="oc-102">
         <name>.debug_info</name>
         <load_address>0x170ff</load_address>
         <run_address>0x170ff</run_address>
         <size>0x7c5</size>
         <input_file_ref idref="fl-47"/>
      </object_component>
      <object_component id="oc-105">
         <name>.debug_info</name>
         <load_address>0x178c4</load_address>
         <run_address>0x178c4</run_address>
         <size>0x319</size>
         <input_file_ref idref="fl-48"/>
      </object_component>
      <object_component id="oc-108">
         <name>.debug_info</name>
         <load_address>0x17bdd</load_address>
         <run_address>0x17bdd</run_address>
         <size>0x2c9</size>
         <input_file_ref idref="fl-49"/>
      </object_component>
      <object_component id="oc-10b">
         <name>.debug_info</name>
         <load_address>0x17ea6</load_address>
         <run_address>0x17ea6</run_address>
         <size>0x2f3</size>
         <input_file_ref idref="fl-4a"/>
      </object_component>
      <object_component id="oc-10f">
         <name>.debug_info</name>
         <load_address>0x18199</load_address>
         <run_address>0x18199</run_address>
         <size>0xc7</size>
         <input_file_ref idref="fl-4b"/>
      </object_component>
      <object_component id="oc-112">
         <name>.debug_info</name>
         <load_address>0x18260</load_address>
         <run_address>0x18260</run_address>
         <size>0xc9</size>
         <input_file_ref idref="fl-4c"/>
      </object_component>
      <object_component id="oc-115">
         <name>.debug_info</name>
[...]
      </symbol>
      <symbol id="sm-9da">
         <name>wBytesRemainingOnOEP0</name>
         <value>0x271e</value>
         <object_component_ref idref="oc-94"/>
      </symbol>
      <symbol id="sm-9db">
         <name>usbSetAddress</name>
         <value>0x9506</value>
         <object_component_ref idref="oc-178"/>
      </symbol>
      <symbol id="sm-9dc">
         <name>abramSerialStringDescriptor</name>
         <value>0x273a</value>
         <object_component_ref idref="oc-94"/>
      </symbol>
      <symbol id="sm-9dd">
         <name>usbGetEndpointStatus</name>
         <value>0x86b0</value>
         <object_component_ref idref="oc-199"/>
      </symbol>
      <symbol id="sm-9de">
         <name>usbGetDeviceDescriptor</name>
         <value>0x99c6</value>
         <object_component_ref idref="oc-193"/>
      </symbol>
      <symbol id="sm-9df">
         <name>abUsbRequestReturnData</name>
         <value>0x272a</value>
         <object_component_ref idref="oc-94"/>
      </symbol>
      <symbol id="sm-9e0">
         <name>bStatusAction</name>
         <value>0x275c</value>
         <object_component_ref idref="oc-94"/>
      </symbol>
      <symbol id="sm-9e1">
         <name>usbSetInterface</name>
         <value>0x98d0</value>
         <object_component_ref idref="oc-19d"/>
      </symbol>
      <symbol id="sm-9e2">
         <name>usbReceiveNextPacketOnOEP0</name>
         <value>0x8d3c</value>
         <object_component_ref idref="oc-159"/>
      </symbol>
      <symbol id="sm-9e3">
         <name>USB_suspend</name>
         <value>0x94a2</value>
         <object_component_ref idref="oc-13b"/>
      </symbol>
      <symbol id="sm-9e4">
         <name>usbSendNextPacketOnIEP0</name>
         <value>0x848a</value>
         <object_component_ref idref="oc-15b"/>
      </symbol>
      <symbol id="sm-9e5">
         <name>usbGetStringDescriptor</name>
         <value>0x8caa</value>
         <object_component_ref idref="oc-195"/>
      </symbol>
      <symbol id="sm-9e6">
         <name>usbSendZeroLengthPacketOnIEP0</name>
         <value>0x9a6c</value>
         <object_component_ref idref="oc-1af"/>
      </symbol>
      <symbol id="sm-9e7">
         <name>usbClearDeviceFeature</name>
         <value>0x9776</value>
         <object_component_ref idref="oc-190"/>
      </symbol>
      <symbol id="sm-9e8">
         <name>USB_InitSerialStringDescriptor</name>
         <value>0x7682</value>
         <object_component_ref idref="oc-17f"/>
      </symbol>
      <symbol id="sm-9e9">
         <name>usbSetConfiguration</name>
         <value>0x96e8</value>
         <object_component_ref idref="oc-19a"/>
      </symbol>
      <symbol id="sm-9ea">
         <name>USB_resume</name>
         <value>0x9888</value>
         <object_component_ref idref="oc-139"/>
      </symbol>
      <symbol id="sm-9eb">
         <name>usbSendDataPacketOnEP0</name>
         <value>0x97fa</value>
         <object_component_ref idref="oc-1ad"/>
      </symbol>
      <symbol id="sm-9ec">
         <name>usbGetConfiguration</name>
         <value>0x99f8</value>
         <object_component_ref idref="oc-192"/>
      </symbol>
      <symbol id="sm-9ed">
         <name>usbGetConfigurationDescriptor</name>
         <value>0x99b4</value>
         <object_component_ref idref="oc-194"/>
      </symbol>
      <symbol id="sm-9ee">
         <name>wBytesRemainingOnIEP0</name>
         <value>0x271c</value>
         <object_component_ref idref="oc-94"/>
      </symbol>
      <symbol id="sm-9ef">
         <name>usbClearEndpointFeature</name>
         <value>0x8f68</value>
         <object_component_ref idref="oc-191"/>
      </symbol>
      <symbol id="sm-9f0">
         <name>bFunctionSuspended</name>
         <value>0x275d</value>
         <object_component_ref idref="oc-94"/>
      </symbol>
      <symbol id="sm-9f1">
         <name>usbDecodeAndProcessUsbRequest</name>
         <value>0x7c5e</value>
         <object_component_ref idref="oc-153"/>
      </symbol>
      <symbol id="sm-9f2">
         <name>bEnumerationStatus</name>
         <value>0x275e</value>
         <object_component_ref idref="oc-94"/>
      </symbol>
      <symbol id="sm-9f3">
         <name>wUsbEventMask</name>
         <value>0x2760</value>
         <object_component_ref idref="oc-94"/>
      </symbol>
      <symbol id="sm-9f4">
         <name>USB_connectionState</name>
         <value>0x7da0</value>
         <object_component_ref idref="oc-175"/>
      </symbol>
      <symbol id="sm-9f5">
         <name>usbSetDeviceFeature</name>
         <value>0x9798</value>
         <object_component_ref idref="oc-19b"/>
      </symbol>
      <symbol id="sm-9f6">
         <name>USB_connectionInfo</name>
         <value>0x9470</value>
         <object_component_ref idref="oc-165"/>
      </symbol>
      <symbol id="sm-9f7">
         <name>usbInvalidRequest</name>
         <value>0x9a08</value>
         <object_component_ref idref="oc-19e"/>
      </symbol>
      <symbol id="sm-9f8">
         <name>abUsbRequestIncomingData</name>
         <value>0x2732</value>
         <object_component_ref idref="oc-94"/>
      </symbol>
      <symbol id="sm-9f9">
         <name>USB_setEnabledEvents</name>
         <value>0x9ab8</value>
         <object_component_ref idref="oc-164"/>
      </symbol>
      <symbol id="sm-9fa">
         <name>USB_reset</name>
         <value>0x782a</value>
         <object_component_ref idref="oc-13d"/>
      </symbol>
      <symbol id="sm-9fb">
         <name>USB_connect</name>
         <value>0x964a</value>
         <object_component_ref idref="oc-15c"/>
      </symbol>
      <symbol id="sm-9fc">
         <name>usbGetDeviceStatus</name>
         <value>0x969a</value>
         <object_component_ref idref="oc-197"/>
      </symbol>
      <symbol id="sm-9fd">
         <name>USB_disable</name>
         <value>0x9732</value>
         <object_component_ref idref="oc-131"/>
      </symbol>
      <symbol id="sm-a1a">
         <name>USB_handleSuspendEvent</name>
         <value>0x9ade</value>
         <object_component_ref idref="oc-13c"/>
      </symbol>
      <symbol id="sm-a1b">
         <name>USB_handleVbusOnEvent</name>
         <value>0x9940</value>
         <object_component_ref idref="oc-144"/>
      </symbol>
      <symbol id="sm-a1c">
         <name>USBCDC_handleDataReceived</name>
         <value>0x9aa0</value>
         <object_component_ref idref="oc-136"/>
      </symbol>
      <symbol id="sm-a1d">
         <name>USBCDC_handleReceiveCompleted</name>
         <value>0x9aa8</value>
         <object_component_ref idref="oc-155"/>
      </symbol>
      <symbol id="sm-a1e">
         <name>USB_handleResetEvent</name>
         <value>0x9ad6</value>
         <object_component_ref idref="oc-13e"/>
      </symbol>
      <symbol id="sm-a1f">
         <name>USB_handleEnumCompleteEvent</name>
         <value>0x9ad2</value>
         <object_component_ref idref="oc-179"/>
      </symbol>
      <symbol id="sm-a20">
         <name>USBCDC_handleSendCompleted</name>
         <value>0x9ab0</value>
         <object_component_ref idref="oc-156"/>
      </symbol>
      <symbol id="sm-a21">
         <name>USB_handleVbusOffEvent</name>
         <value>0x9ae2</value>
         <object_component_ref idref="oc-142"/>
      </symbol>
      <symbol id="sm-a22">
         <name>USB_handleResumeEvent</name>
         <value>0x9ada</value>
         <object_component_ref idref="oc-13a"/>
      </symbol>
      <symbol id="sm-a23">
         <name>USB_handleClockEvent</name>
         <value>0x9ace</value>
         <object_component_ref idref="oc-145"/>
      </symbol>
      <symbol id="sm-a34">
         <name>_c_int00_noexit</name>
         <value>0x45a4</value>
         <object_component_ref idref="oc-4f"/>
      </symbol>
      <symbol id="sm-a35">
         <name>_c_int00</name>
         <value>0x45a4</value>
         <object_component_ref idref="oc-4f"/>
      </symbol>
      <symbol id="sm-a36">
         <name>_dtors_ptr</name>
         <value>0x27a0</value>
         <object_component_ref idref="oc-9e"/>
      </symbol>
      <symbol id="sm-a37">
         <name>_cleanup_ptr</name>
         <value>0x279c</value>
         <object_component_ref idref="oc-9e"/>
      </symbol>
      <symbol id="sm-a38">
         <name>_stack</name>
         <value>0x4360</value>
         <object_component_ref idref="oc-a0"/>
      </symbol>
      <symbol id="sm-a39">
         <name>_reset_vector</name>
         <value>0xfffe</value>
         <object_component_ref idref="oc-a1"/>
      </symbol>
      <symbol id="sm-a5c">
         <name>__divul</name>
         <value>0x8a28</value>
         <object_component_ref idref="oc-ad"/>
      </symbol>
      <symbol id="sm-a5d">
         <name>__remul</name>
         <value>0x8a28</value>
         <object_component_ref idref="oc-ad"/>
      </symbol>
      <symbol id="sm-a68">
         <name>C$$EXIT</name>
         <value>0x9aea</value>
         <object_component_ref idref="oc-12c"/>
      </symbol>
      <symbol id="sm-a69">
         <name>abort</name>
         <value>0x9aea</value>
         <object_component_ref idref="oc-12c"/>
      </symbol>
      <symbol id="sm-a6a">
         <name>__TI_exit</name>
         <value>0x1</value>
      </symbol>
      <symbol id="sm-a73">
         <name>I_LSL</name>
         <value>0x9a8e</value>
         <object_component_ref idref="oc-b4"/>
      </symbol>
      <symbol id="sm-a7b">
         <name>L_LSL_3</name>
         <value>0x925c</value>
         <object_component_ref idref="oc-17b"/>
      </symbol>
      <symbol id="sm-a7c">
         <name>L_LSL_2</name>
         <value>0x9260</value>
         <object_component_ref idref="oc-17b"/>
      </symbol>
      <symbol id="sm-a7d">
         <name>L_LSL_1</name>
         <value>0x9264</value>
         <object_component_ref idref="oc-17b"/>
      </symbol>
      <symbol id="sm-a7e">
         <name>L_LSL_7</name>
         <value>0x924c</value>
         <object_component_ref idref="oc-17b"/>
      </symbol>
      <symbol id="sm-a7f">
         <name>L_LSL_6</name>
         <value>0x9250</value>
         <object_component_ref idref="oc-17b"/>
      </symbol>
      <symbol id="sm-a80">
         <name>L_LSL_5</name>
         <value>0x9254</value>
         <object_component_ref idref="oc-17b"/>
      </symbol>
      <symbol id="sm-a81">
         <name>L_LSL_4</name>
         <value>0x9258</value>
         <object_component_ref idref="oc-17b"/>
      </symbol>
      <symbol id="sm-a82">
         <name>L_LSL_9</name>
         <value>0x9244</value>
         <object_component_ref idref="oc-17b"/>
      </symbol>
      <symbol id="sm-a83">
         <name>L_LSL_8</name>
         <value>0x9248</value>
         <object_component_ref idref="oc-17b"/>
      </symbol>
      <symbol id="sm-a84">
         <name>L_LSL_12</name>
         <value>0x9238</value>
         <object_component_ref idref="oc-17b"/>
      </symbol>
      <symbol id="sm-a85">
         <name>L_LSL_13</name>
         <value>0x9234</value>
         <object_component_ref idref="oc-17b"/>
      </symbol>
      <symbol id="sm-a86">
         <name>L_LSL_10</name>
         <value>0x9240</value>
         <object_component_ref idref="oc-17b"/>
      </symbol>
      <symbol id="sm-a87">
         <name>L_LSL_11</name>
         <value>0x923c</value>
         <object_component_ref idref="oc-17b"/>
      </symbol>
      <symbol id="sm-a88">
         <name>L_LSL_14</name>
         <value>0x9230</value>
         <object_component_ref idref="oc-17b"/>
      </symbol>
      <symbol id="sm-a89">
         <name>L_LSL_15</name>
         <value>0x922c</value>
         <object_component_ref idref="oc-17b"/>
      </symbol>
      <symbol id="sm-a95">
         <name>L_LSR_12</name>
         <value>0x9276</value>
         <object_component_ref idref="oc-1ac"/>
      </symbol>
      <symbol id="sm-a96">
         <name>L_LSR_13</name>
         <value>0x9272</value>
         <object_component_ref idref="oc-1ac"/>
      </symbol>
      <symbol id="sm-a97">
         <name>L_LSR_10</name>
         <value>0x927e</value>
         <object_component_ref idref="oc-1ac"/>
      </symbol>
      <symbol id="sm-a98">
         <name>L_LSR_11</name>
         <value>0x927a</value>
         <object_component_ref idref="oc-1ac"/>
      </symbol>
      <symbol id="sm-a99">
         <name>L_LSR_14</name>
         <value>0x926e</value>
         <object_component_ref idref="oc-1ac"/>
      </symbol>
      <symbol id="sm-a9a">
         <name>L_LSR_15</name>
         <value>0x926a</value>
         <object_component_ref idref="oc-1ac"/>
      </symbol>
      <symbol id="sm-a9b">
         <name>L_LSR</name>
         <value>0x99e8</value>
         <object_component_ref idref="oc-1d1"/>
      </symbol>
      <symbol id="sm-a9c">
         <name>L_LSR_3</name>
         <value>0x929a</value>
         <object_component_ref idref="oc-1ac"/>
      </symbol>
      <symbol id="sm-a9d">
         <name>L_LSR_2</name>
         <value>0x929e</value>
         <object_component_ref idref="oc-1ac"/>
      </symbol>
      <symbol id="sm-a9e">
         <name>L_LSR_1</name>
         <value>0x92a2</value>
         <object_component_ref idref="oc-1ac"/>
      </symbol>
      <symbol id="sm-a9f">
         <name>L_LSR_7</name>
         <value>0x928a</value>
         <object_component_ref idref="oc-1ac"/>
      </symbol>
      <symbol id="sm-aa0">
         <name>L_LSR_6</name>
         <value>0x928e</value>
         <object_component_ref idref="oc-1ac"/>
      </symbol>
      <symbol id="sm-aa1">
         <name>L_LSR_5</name>
         <value>0x9292</value>
         <object_component_ref idref="oc-1ac"/>
      </symbol>
      <symbol id="sm-aa2">
         <name>L_LSR_4</name>
         <value>0x9296</value>
         <object_component_ref idref="oc-1ac"/>
      </symbol>
      <symbol id="sm-aa3">
         <name>L_LSR_9</name>
         <value>0x9282</value>
         <object_component_ref idref="oc-1ac"/>
      </symbol>
      <symbol id="sm-aa4">
         <name>L_LSR_8</name>
         <value>0x9286</value>
         <object_component_ref idref="oc-1ac"/>
      </symbol>
      <symbol id="sm-ab0">
         <name>memcpy</name>
         <value>0x9968</value>
         <object_component_ref idref="oc-146"/>
      </symbol>
      <symbol id="sm-ab8">
         <name>__mpyl_f5hw</name>
         <value>0x9754</value>
         <object_component_ref idref="oc-c1"/>
      </symbol>
      <symbol id="sm-ac2">
         <name>_system_pre_init</name>
         <value>0x9ae6</value>
         <object_component_ref idref="oc-129"/>
      </symbol>
      <symbol id="sm-ad2">
         <name>sprintf</name>
         <value>0x8f24</value>
         <object_component_ref idref="oc-187"/>
      </symbol>
      <symbol id="sm-ade">
         <name>_nop</name>
         <value>0x9af2</value>
         <object_component_ref idref="oc-128"/>
      </symbol>
      <symbol id="sm-adf">
         <name>_lock</name>
         <value>0x2794</value>
         <object_component_ref idref="oc-cb"/>
      </symbol>
      <symbol id="sm-ae0">
         <name>_unlock</name>
         <value>0x2798</value>
         <object_component_ref idref="oc-cb"/>
      </symbol>
      <symbol id="sm-bf8">
         <name>_printfi</name>
         <value>0x5956</value>
         <object_component_ref idref="oc-1a5"/>
      </symbol>
      <symbol id="sm-c00">
         <name>__TI_args_main</name>
         <value>0x1</value>
      </symbol>
      <symbol id="sm-c11">
         <name>atoi</name>
         <value>0x8856</value>
         <object_component_ref idref="oc-1b8"/>
      </symbol>
      <symbol id="sm-c21">
         <name>_auto_init</name>
         <value>0x8ad4</value>
         <object_component_ref idref="oc-12a"/>
      </symbol>
      <symbol id="sm-c22">
         <name>__TI_auto_init</name>
         <value>0x1</value>
      </symbol>
      <symbol id="sm-c2a">
         <name>_ctypes_</name>
         <value>0xa19a</value>
         <object_component_ref idref="oc-1bd"/>
      </symbol>
      <symbol id="sm-c34">
         <name>__remu</name>
         <value>0x98fe</value>
         <object_component_ref idref="oc-de"/>
      </symbol>
      <symbol id="sm-c35">
         <name>__divu</name>
         <value>0x98fe</value>
         <object_component_ref idref="oc-de"/>
      </symbol>
      <symbol id="sm-c4f">
         <name>__fs_add</name>
         <value>0x6e8a</value>
         <object_component_ref idref="oc-e2"/>
      </symbol>
      <symbol id="sm-c50">
         <name>__fs_sub</name>
         <value>0x6e84</value>
         <object_component_ref idref="oc-e2"/>
      </symbol>
      <symbol id="sm-c60">
         <name>__fs_cmp</name>
         <value>0x8c16</value>
         <object_component_ref idref="oc-e6"/>
      </symbol>
      <symbol id="sm-c70">
         <name>__fs_div</name>
         <value>0x7f5e</value>
         <object_component_ref idref="oc-ea"/>
      </symbol>
      <symbol id="sm-c7e">
         <name>__fs_ltof</name>
         <value>0x8c60</value>
         <object_component_ref idref="oc-ee"/>
      </symbol>
      <symbol id="sm-c94">
         <name>__fs_mpy</name>
         <value>0x79b0</value>
         <object_component_ref idref="oc-f2"/>
      </symbol>
      <symbol id="sm-c9d">
         <name>__fs_neg</name>
         <value>0x9a84</value>
         <object_component_ref idref="oc-f6"/>
      </symbol>
      <symbol id="sm-cb0">
         <name>__fs_tol</name>
         <value>0x8396</value>
         <object_component_ref idref="oc-fa"/>
      </symbol>
      <symbol id="sm-cbf">
         <name>__fs_tou</name>
         <value>0x8e56</value>
         <object_component_ref idref="oc-fe"/>
      </symbol>
      <symbol id="sm-cfd">
         <name>__divull</name>
         <value>0x4e8c</value>
         <object_component_ref idref="oc-1ce"/>
      </symbol>
      <symbol id="sm-cfe">
         <name>__lslll</name>
         <value>0x91b0</value>
         <object_component_ref idref="oc-1d0"/>
      </symbol>
      <symbol id="sm-cff">
         <name>__lsrll</name>
         <value>0x91ee</value>
         <object_component_ref idref="oc-1cd"/>
      </symbol>
      <symbol id="sm-d0c">
         <name>ltoa</name>
         <value>0x8298</value>
         <object_component_ref idref="oc-1cf"/>
      </symbol>
      <symbol id="sm-d19">
         <name>memccpy</name>
         <value>0x94d4</value>
         <object_component_ref idref="oc-1bc"/>
      </symbol>
      <symbol id="sm-d25">
         <name>memset</name>
         <value>0x98e8</value>
         <object_component_ref idref="oc-1b9"/>
      </symbol>
      <symbol id="sm-d2d">
         <name>__mpyi_f5hw</name>
         <value>0x9914</value>
         <object_component_ref idref="oc-10e"/>
      </symbol>
      <symbol id="sm-d35">
         <name>__mpyll_f5hw</name>
         <value>0x89d0</value>
         <object_component_ref idref="oc-1c6"/>
      </symbol>
      <symbol id="sm-d40">
         <name>strlen</name>
         <value>0x992a</value>
         <object_component_ref idref="oc-1b3"/>
      </symbol>
      <symbol id="sm-d4b">
         <name>toupper</name>
         <value>0x99a2</value>
         <object_component_ref idref="oc-1c0"/>
      </symbol>
      <symbol id="sm-d55">
         <name>_FDclass</name>
         <value>0x98a0</value>
         <object_component_ref idref="oc-1c1"/>
      </symbol>
      <symbol id="sm-d64">
         <name>_FDtest</name>
         <value>0x92e4</value>
         <object_component_ref idref="oc-1c7"/>
      </symbol>
      <symbol id="sm-d6f">
         <name>abs</name>
         <value>0x9a7a</value>
         <object_component_ref idref="oc-1d2"/>
      </symbol>
      <symbol id="sm-d7b">
         <name>__remli</name>
         <value>0x90f4</value>
         <object_component_ref idref="oc-124"/>
      </symbol>
      <symbol id="sm-d7c">
         <name>__divli</name>
         <value>0x90f4</value>
         <object_component_ref idref="oc-124"/>
      </symbol>
   </symbol_table>
</link_info>
